Archive member included to satisfy reference by file (symbol)

d:/gcc-arm-none-eabi-10.3-2021.10/bin/../lib/gcc/arm-none-eabi/10.3.1/../../../../arm-none-eabi/lib/thumb/v7e-m+dp/hard\libstdc++_nano.a(guard.o)
                              build/bsp_can.o (__cxa_guard_acquire)
d:/gcc-arm-none-eabi-10.3-2021.10/bin/../lib/gcc/arm-none-eabi/10.3.1/../../../../arm-none-eabi/lib/thumb/v7e-m+dp/hard\libc_nano.a(lib_a-errno.o)
                              build/sysmem.o (__errno)
d:/gcc-arm-none-eabi-10.3-2021.10/bin/../lib/gcc/arm-none-eabi/10.3.1/../../../../arm-none-eabi/lib/thumb/v7e-m+dp/hard\libc_nano.a(lib_a-exit.o)
                              d:/gcc-arm-none-eabi-10.3-2021.10/bin/../lib/gcc/arm-none-eabi/10.3.1/../../../../arm-none-eabi/lib/thumb/v7e-m+dp/hard/crt0.o (exit)
d:/gcc-arm-none-eabi-10.3-2021.10/bin/../lib/gcc/arm-none-eabi/10.3.1/../../../../arm-none-eabi/lib/thumb/v7e-m+dp/hard\libc_nano.a(lib_a-impure.o)
                              d:/gcc-arm-none-eabi-10.3-2021.10/bin/../lib/gcc/arm-none-eabi/10.3.1/../../../../arm-none-eabi/lib/thumb/v7e-m+dp/hard\libc_nano.a(lib_a-exit.o) (_global_impure_ptr)
d:/gcc-arm-none-eabi-10.3-2021.10/bin/../lib/gcc/arm-none-eabi/10.3.1/../../../../arm-none-eabi/lib/thumb/v7e-m+dp/hard\libc_nano.a(lib_a-init.o)
                              d:/gcc-arm-none-eabi-10.3-2021.10/bin/../lib/gcc/arm-none-eabi/10.3.1/../../../../arm-none-eabi/lib/thumb/v7e-m+dp/hard/crt0.o (__libc_init_array)
d:/gcc-arm-none-eabi-10.3-2021.10/bin/../lib/gcc/arm-none-eabi/10.3.1/../../../../arm-none-eabi/lib/thumb/v7e-m+dp/hard\libc_nano.a(lib_a-memcpy-stub.o)
                              build/stm32h7xx_hal_fdcan.o (memcpy)
d:/gcc-arm-none-eabi-10.3-2021.10/bin/../lib/gcc/arm-none-eabi/10.3.1/../../../../arm-none-eabi/lib/thumb/v7e-m+dp/hard\libc_nano.a(lib_a-memset.o)
                              d:/gcc-arm-none-eabi-10.3-2021.10/bin/../lib/gcc/arm-none-eabi/10.3.1/../../../../arm-none-eabi/lib/thumb/v7e-m+dp/hard/crt0.o (memset)
d:/gcc-arm-none-eabi-10.3-2021.10/bin/../lib/gcc/arm-none-eabi/10.3.1/thumb/v7e-m+dp/hard\libgcc.a(_arm_addsubsf3.o)
                              build/bsp_can.o (__aeabi_ul2f)
d:/gcc-arm-none-eabi-10.3-2021.10/bin/../lib/gcc/arm-none-eabi/10.3.1/thumb/v7e-m+dp/hard\libgcc.a(_aeabi_uldivmod.o)
                              build/stm32h7xx_hal_uart.o (__aeabi_uldivmod)
d:/gcc-arm-none-eabi-10.3-2021.10/bin/../lib/gcc/arm-none-eabi/10.3.1/thumb/v7e-m+dp/hard\libgcc.a(_fixunssfdi.o)
                              build/bsp_can.o (__aeabi_f2ulz)
d:/gcc-arm-none-eabi-10.3-2021.10/bin/../lib/gcc/arm-none-eabi/10.3.1/thumb/v7e-m+dp/hard\libgcc.a(_udivmoddi4.o)
                              d:/gcc-arm-none-eabi-10.3-2021.10/bin/../lib/gcc/arm-none-eabi/10.3.1/thumb/v7e-m+dp/hard\libgcc.a(_aeabi_uldivmod.o) (__udivmoddi4)
d:/gcc-arm-none-eabi-10.3-2021.10/bin/../lib/gcc/arm-none-eabi/10.3.1/thumb/v7e-m+dp/hard\libgcc.a(_dvmd_tls.o)
                              d:/gcc-arm-none-eabi-10.3-2021.10/bin/../lib/gcc/arm-none-eabi/10.3.1/thumb/v7e-m+dp/hard\libgcc.a(_aeabi_uldivmod.o) (__aeabi_ldiv0)

Discarded input sections

 .text          0x00000000        0x0 d:/gcc-arm-none-eabi-10.3-2021.10/bin/../lib/gcc/arm-none-eabi/10.3.1/thumb/v7e-m+dp/hard/crti.o
 .data          0x00000000        0x0 d:/gcc-arm-none-eabi-10.3-2021.10/bin/../lib/gcc/arm-none-eabi/10.3.1/thumb/v7e-m+dp/hard/crti.o
 .bss           0x00000000        0x0 d:/gcc-arm-none-eabi-10.3-2021.10/bin/../lib/gcc/arm-none-eabi/10.3.1/thumb/v7e-m+dp/hard/crti.o
 .data          0x00000000        0x4 d:/gcc-arm-none-eabi-10.3-2021.10/bin/../lib/gcc/arm-none-eabi/10.3.1/thumb/v7e-m+dp/hard/crtbegin.o
 .rodata        0x00000000       0x24 d:/gcc-arm-none-eabi-10.3-2021.10/bin/../lib/gcc/arm-none-eabi/10.3.1/thumb/v7e-m+dp/hard/crtbegin.o
 .text          0x00000000       0x7c d:/gcc-arm-none-eabi-10.3-2021.10/bin/../lib/gcc/arm-none-eabi/10.3.1/../../../../arm-none-eabi/lib/thumb/v7e-m+dp/hard/crt0.o
 .data          0x00000000        0x0 d:/gcc-arm-none-eabi-10.3-2021.10/bin/../lib/gcc/arm-none-eabi/10.3.1/../../../../arm-none-eabi/lib/thumb/v7e-m+dp/hard/crt0.o
 .bss           0x00000000        0x0 d:/gcc-arm-none-eabi-10.3-2021.10/bin/../lib/gcc/arm-none-eabi/10.3.1/../../../../arm-none-eabi/lib/thumb/v7e-m+dp/hard/crt0.o
 .ARM.extab     0x00000000        0x0 d:/gcc-arm-none-eabi-10.3-2021.10/bin/../lib/gcc/arm-none-eabi/10.3.1/../../../../arm-none-eabi/lib/thumb/v7e-m+dp/hard/crt0.o
 .ARM.exidx     0x00000000       0x10 d:/gcc-arm-none-eabi-10.3-2021.10/bin/../lib/gcc/arm-none-eabi/10.3.1/../../../../arm-none-eabi/lib/thumb/v7e-m+dp/hard/crt0.o
 .ARM.attributes
                0x00000000       0x1c d:/gcc-arm-none-eabi-10.3-2021.10/bin/../lib/gcc/arm-none-eabi/10.3.1/../../../../arm-none-eabi/lib/thumb/v7e-m+dp/hard/crt0.o
 .text          0x00000000        0x0 build/main.o
 .data          0x00000000        0x0 build/main.o
 .bss           0x00000000        0x0 build/main.o
[...]
Memory Configuration

Name             Origin             Length             Attributes
DTCMRAM          0x20000000         0x00020000         xrw
RAM              0x24000000         0x00020000         xrw
RAM_D2           0x30000000         0x00008000         xrw
RAM_D3           0x38000000         0x00004000         xrw
ITCMRAM          0x00000000         0x00010000         xrw
FLASH            0x08000000         0x00080000         xr
*default*        0x00000000         0xffffffff

Linker script and memory map

LOAD d:/gcc-arm-none-eabi-10.3-2021.10/bin/../lib/gcc/arm-none-eabi/10.3.1/thumb/v7e-m+dp/hard/crti.o
LOAD d:/gcc-arm-none-eabi-10.3-2021.10/bin/../lib/gcc/arm-none-eabi/10.3.1/thumb/v7e-m+dp/hard/crtbegin.o
LOAD d:/gcc-arm-none-eabi-10.3-2021.10/bin/../lib/gcc/arm-none-eabi/10.3.1/../../../../arm-none-eabi/lib/thumb/v7e-m+dp/hard/crt0.o
LOAD build/main.o
LOAD build/gpio.o
LOAD build/freertos.o
LOAD build/dma.o
LOAD build/fdcan.o
LOAD build/spi.o
LOAD build/usart.o
LOAD build/stm32h7xx_it.o
LOAD build/stm32h7xx_hal_msp.o
LOAD build/stm32h7xx_hal_timebase_tim.o
LOAD build/stm32h7xx_hal_cortex.o
LOAD build/stm32h7xx_hal_rcc.o
LOAD build/stm32h7xx_hal_rcc_ex.o
LOAD build/stm32h7xx_hal_flash.o
LOAD build/stm32h7xx_hal_flash_ex.o
LOAD build/stm32h7xx_hal_gpio.o
LOAD build/stm32h7xx_hal_hsem.o
LOAD build/stm32h7xx_hal_dma.o
LOAD build/stm32h7xx_hal_dma_ex.o
LOAD build/stm32h7xx_hal_mdma.o
LOAD build/stm32h7xx_hal_pwr.o
LOAD build/stm32h7xx_hal_pwr_ex.o
LOAD build/stm32h7xx_hal.o
LOAD build/stm32h7xx_hal_i2c.o
LOAD build/stm32h7xx_hal_i2c_ex.o
LOAD build/stm32h7xx_hal_exti.o
LOAD build/stm32h7xx_hal_fdcan.o
LOAD build/stm32h7xx_hal_spi.o
LOAD build/stm32h7xx_hal_spi_ex.o
LOAD build/stm32h7xx_hal_tim.o
LOAD build/stm32h7xx_hal_tim_ex.o
LOAD build/stm32h7xx_hal_uart.o
LOAD build/stm32h7xx_hal_uart_ex.o
LOAD build/system_stm32h7xx.o
LOAD build/croutine.o
LOAD build/event_groups.o
LOAD build/list.o
LOAD build/queue.o
LOAD build/stream_buffer.o
LOAD build/tasks.o
LOAD build/timers.o
LOAD build/cmsis_os.o
LOAD build/heap_4.o
LOAD build/port.o
LOAD build/sysmem.o
LOAD build/syscalls.o
LOAD build/real_main.o
LOAD build/filter.o
LOAD build/Alg_PID.o
LOAD build/user_maths.o
LOAD build/bsp_can.o
LOAD build/Motor_General_def.o
LOAD build/dji_motor.o
LOAD build/startup_stm32h723xx.o
LOAD d:/gcc-arm-none-eabi-10.3-2021.10/bin/../lib/gcc/arm-none-eabi/10.3.1/../../../../arm-none-eabi/lib/thumb/v7e-m+dp/hard\libstdc++_nano.a
LOAD d:/gcc-arm-none-eabi-10.3-2021.10/bin/../lib/gcc/arm-none-eabi/10.3.1/../../../../arm-none-eabi/lib/thumb/v7e-m+dp/hard\libc_nano.a
LOAD d:/gcc-arm-none-eabi-10.3-2021.10/bin/../lib/gcc/arm-none-eabi/10.3.1/../../../../arm-none-eabi/lib/thumb/v7e-m+dp/hard\libm.a
LOAD d:/gcc-arm-none-eabi-10.3-2021.10/bin/../lib/gcc/arm-none-eabi/10.3.1/../../../../arm-none-eabi/lib/thumb/v7e-m+dp/hard\libnosys.a
START GROUP
LOAD d:/gcc-arm-none-eabi-10.3-2021.10/bin/../lib/gcc/arm-none-eabi/10.3.1/thumb/v7e-m+dp/hard\libgcc.a
LOAD d:/gcc-arm-none-eabi-10.3-2021.10/bin/../lib/gcc/arm-none-eabi/10.3.1/../../../../arm-none-eabi/lib/thumb/v7e-m+dp/hard\libc_nano.a
END GROUP
START GROUP
LOAD d:/gcc-arm-none-eabi-10.3-2021.10/bin/../lib/gcc/arm-none-eabi/10.3.1/thumb/v7e-m+dp/hard\libgcc.a
LOAD d:/gcc-arm-none-eabi-10.3-2021.10/bin/../lib/gcc/arm-none-eabi/10.3.1/../../../../arm-none-eabi/lib/thumb/v7e-m+dp/hard\libc_nano.a
END GROUP
LOAD d:/gcc-arm-none-eabi-10.3-2021.10/bin/../lib/gcc/arm-none-eabi/10.3.1/thumb/v7e-m+dp/hard/crtend.o
LOAD d:/gcc-arm-none-eabi-10.3-2021.10/bin/../lib/gcc/arm-none-eabi/10.3.1/thumb/v7e-m+dp/hard/crtn.o
                0x24020000                _estack = (ORIGIN (RAM) + LENGTH (RAM))
                0x00004000                _Min_Heap_Size = 0x4000
                0x00004000                _Min_Stack_Size = 0x4000

.isr_vector     0x08000000      0x2cc
                0x08000000                . = ALIGN (0x4)
 *(.isr_vector)
 .isr_vector    0x08000000      0x2cc build/startup_stm32h723xx.o
                0x08000000                g_pfnVectors
                0x080002cc                . = ALIGN (0x4)

.text           0x080002d0     0x7324
                0x080002d0                . = ALIGN (0x4)
 *(.text)
 .text          0x080002d0       0x40 d:/gcc-arm-none-eabi-10.3-2021.10/bin/../lib/gcc/arm-none-eabi/10.3.1/thumb/v7e-m+dp/hard/crtbegin.o
 .text          0x08000310       0x30 d:/gcc-arm-none-eabi-10.3-2021.10/bin/../lib/gcc/arm-none-eabi/10.3.1/thumb/v7e-m+dp/hard\libgcc.a(_aeabi_uldivmod.o)
                0x08000310                __aeabi_uldivmod
 .text          0x08000340      0x2d0 d:/gcc-arm-none-eabi-10.3-2021.10/bin/../lib/gcc/arm-none-eabi/10.3.1/thumb/v7e-m+dp/hard\libgcc.a(_udivmoddi4.o)
                0x08000340                __udivmoddi4
 .text          0x08000610        0x4 d:/gcc-arm-none-eabi-10.3-2021.10/bin/../lib/gcc/arm-none-eabi/10.3.1/thumb/v7e-m+dp/hard\libgcc.a(_dvmd_tls.o)
                0x08000610                __aeabi_idiv0
                0x08000610                __aeabi_ldiv0
 *(.text*)
 .text.MPU_Config
                0x08000614       0x56 build/main.o
 .text.HAL_TIM_PeriodElapsedCallback
                0x0800066a       0x12 build/main.o
                0x0800066a                HAL_TIM_PeriodElapsedCallback
 .text.Error_Handler
                0x0800067c        0x4 build/main.o
                0x0800067c                Error_Handler
 .text.SystemClock_Config
                0x08000680       0xac build/main.o
                0x08000680                SystemClock_Config
 .text.main     0x0800072c       0xc4 build/main.o
                0x0800072c                main
 .text.MX_GPIO_Init
                0x080007f0      0x110 build/gpio.o
                0x080007f0                MX_GPIO_Init
 .text.StartDefaultTask
                0x08000900        0xa build/freertos.o
                0x08000900                StartDefaultTask
 *fill*         0x0800090a        0x2 
 .text.vApplicationGetIdleTaskMemory
                0x0800090c       0x18 build/freertos.o
                0x0800090c                vApplicationGetIdleTaskMemory
 .text.MX_FREERTOS_Init
                0x08000924       0x30 build/freertos.o
                0x08000924                MX_FREERTOS_Init
 .text.MX_DMA_Init
                0x08000954       0x58 build/dma.o
                0x08000954                MX_DMA_Init
 .text.MX_FDCAN1_Init
                0x080009ac       0x68 build/fdcan.o
                0x080009ac                MX_FDCAN1_Init
 .text.MX_FDCAN2_Init
                0x08000a14       0x68 build/fdcan.o
                0x08000a14                MX_FDCAN2_Init
 .text.MX_FDCAN3_Init
                0x08000a7c       0x68 build/fdcan.o
                0x08000a7c                MX_FDCAN3_Init
 .text.HAL_FDCAN_MspInit
                0x08000ae4      0x218 build/fdcan.o
                0x08000ae4                HAL_FDCAN_MspInit
 .text.MX_SPI2_Init
                0x08000cfc       0x60 build/spi.o
                0x08000cfc                MX_SPI2_Init
 .text.HAL_SPI_MspInit
                0x08000d5c      0x150 build/spi.o
                0x08000d5c                HAL_SPI_MspInit
 .text.MX_UART5_Init
                0x08000eac       0x78 build/usart.o
                0x08000eac                MX_UART5_Init
 .text.HAL_UART_MspInit
                0x08000f24      0x11c build/usart.o
                0x08000f24                HAL_UART_MspInit
 .text.NMI_Handler
                0x08001040        0x2 build/stm32h7xx_it.o
                0x08001040                NMI_Handler
 .text.HardFault_Handler
                0x08001042        0x2 build/stm32h7xx_it.o
                0x08001042                HardFault_Handler
 .text.MemManage_Handler
                0x08001044        0x2 build/stm32h7xx_it.o
                0x08001044                MemManage_Handler
 .text.BusFault_Handler
                0x08001046        0x2 build/stm32h7xx_it.o
                0x08001046                BusFault_Handler
 .text.UsageFault_Handler
                0x08001048        0x2 build/stm32h7xx_it.o
                0x08001048                UsageFault_Handler
 .text.DebugMon_Handler
                0x0800104a        0x2 build/stm32h7xx_it.o
                0x0800104a                DebugMon_Handler
 .text.DMA1_Stream0_IRQHandler
                0x0800104c       0x10 build/stm32h7xx_it.o
                0x0800104c                DMA1_Stream0_IRQHandler
 .text.DMA1_Stream1_IRQHandler
                0x0800105c       0x10 build/stm32h7xx_it.o
                0x0800105c                DMA1_Stream1_IRQHandler
 .text.DMA1_Stream2_IRQHandler
                0x0800106c       0x10 build/stm32h7xx_it.o
                0x0800106c                DMA1_Stream2_IRQHandler
 .text.FDCAN1_IT0_IRQHandler
                0x0800107c       0x10 build/stm32h7xx_it.o
                0x0800107c                FDCAN1_IT0_IRQHandler
 .text.FDCAN2_IT0_IRQHandler
                0x0800108c       0x10 build/stm32h7xx_it.o
                0x0800108c                FDCAN2_IT0_IRQHandler
 .text.FDCAN2_IT1_IRQHandler
                0x0800109c       0x10 build/stm32h7xx_it.o
                0x0800109c                FDCAN2_IT1_IRQHandler
 .text.TIM2_IRQHandler
                0x080010ac       0x10 build/stm32h7xx_it.o
                0x080010ac                TIM2_IRQHandler
 .text.SPI2_IRQHandler
                0x080010bc       0x10 build/stm32h7xx_it.o
                0x080010bc                SPI2_IRQHandler
 .text.UART5_IRQHandler
                0x080010cc       0x10 build/stm32h7xx_it.o
                0x080010cc                UART5_IRQHandler
 .text.FDCAN3_IT0_IRQHandler
                0x080010dc       0x10 build/stm32h7xx_it.o
                0x080010dc                FDCAN3_IT0_IRQHandler
 .text.FDCAN3_IT1_IRQHandler
                0x080010ec       0x10 build/stm32h7xx_it.o
                0x080010ec                FDCAN3_IT1_IRQHandler
 .text.HAL_MspInit
                0x080010fc       0x34 build/stm32h7xx_hal_msp.o
                0x080010fc                HAL_MspInit
 .text.HAL_InitTick
                0x08001130       0x9c build/stm32h7xx_hal_timebase_tim.o
                0x08001130                HAL_InitTick
 .text.HAL_NVIC_SetPriorityGrouping
                0x080011cc       0x24 build/stm32h7xx_hal_cortex.o
                0x080011cc                HAL_NVIC_SetPriorityGrouping
 .text.HAL_NVIC_SetPriority
                0x080011f0       0x6c build/stm32h7xx_hal_cortex.o
                0x080011f0                HAL_NVIC_SetPriority
 .text.HAL_NVIC_EnableIRQ
                0x0800125c       0x1c build/stm32h7xx_hal_cortex.o
                0x0800125c                HAL_NVIC_EnableIRQ
 .text.HAL_MPU_Disable
                0x08001278       0x1c build/stm32h7xx_hal_cortex.o
                0x08001278                HAL_MPU_Disable
 .text.HAL_MPU_Enable
                0x08001294       0x20 build/stm32h7xx_hal_cortex.o
                0x08001294                HAL_MPU_Enable
 .text.HAL_MPU_ConfigRegion
                0x080012b4       0x58 build/stm32h7xx_hal_cortex.o
                0x080012b4                HAL_MPU_ConfigRegion
 .text.HAL_RCC_OscConfig
                0x0800130c      0x5ec build/stm32h7xx_hal_rcc.o
                0x0800130c                HAL_RCC_OscConfig
 .text.HAL_RCC_GetSysClockFreq
                0x080018f8      0x1f4 build/stm32h7xx_hal_rcc.o
                0x080018f8                HAL_RCC_GetSysClockFreq
 .text.HAL_RCC_ClockConfig
                0x08001aec      0x294 build/stm32h7xx_hal_rcc.o
                0x08001aec                HAL_RCC_ClockConfig
 .text.HAL_RCC_GetHCLKFreq
                0x08001d80       0x44 build/stm32h7xx_hal_rcc.o
                0x08001d80                HAL_RCC_GetHCLKFreq
 .text.HAL_RCC_GetPCLK1Freq
                0x08001dc4       0x24 build/stm32h7xx_hal_rcc.o
                0x08001dc4                HAL_RCC_GetPCLK1Freq
 .text.HAL_RCC_GetPCLK2Freq
                0x08001de8       0x24 build/stm32h7xx_hal_rcc.o
                0x08001de8                HAL_RCC_GetPCLK2Freq
 .text.HAL_RCC_GetClockConfig
                0x08001e0c       0x54 build/stm32h7xx_hal_rcc.o
                0x08001e0c                HAL_RCC_GetClockConfig
 .text.RCCEx_PLL2_Config
                0x08001e60      0x10c build/stm32h7xx_hal_rcc_ex.o
 .text.RCCEx_PLL3_Config
                0x08001f6c      0x10c build/stm32h7xx_hal_rcc_ex.o
 .text.HAL_RCCEx_PeriphCLKConfig
                0x08002078      0xa0c build/stm32h7xx_hal_rcc_ex.o
                0x08002078                HAL_RCCEx_PeriphCLKConfig
 .text.HAL_RCCEx_GetD3PCLK1Freq
                0x08002a84       0x24 build/stm32h7xx_hal_rcc_ex.o
                0x08002a84                HAL_RCCEx_GetD3PCLK1Freq
 .text.HAL_RCCEx_GetPLL2ClockFreq
                0x08002aa8      0x1f8 build/stm32h7xx_hal_rcc_ex.o
                0x08002aa8                HAL_RCCEx_GetPLL2ClockFreq
 .text.HAL_RCCEx_GetPLL3ClockFreq
                0x08002ca0      0x1f8 build/stm32h7xx_hal_rcc_ex.o
                0x08002ca0                HAL_RCCEx_GetPLL3ClockFreq
 .text.HAL_GPIO_Init
                0x08002e98      0x214 build/stm32h7xx_hal_gpio.o
                0x08002e98                HAL_GPIO_Init
 .text.HAL_GPIO_WritePin
                0x080030ac        0xc build/stm32h7xx_hal_gpio.o
                0x080030ac                HAL_GPIO_WritePin
 .text.DMA_CalcBaseAndBitshift
                0x080030b8       0xb4 build/stm32h7xx_hal_dma.o
 .text.DMA_CheckFifoParam
                0x0800316c       0x92 build/stm32h7xx_hal_dma.o
 *fill*         0x080031fe        0x2 
 .text.DMA_CalcDMAMUXChannelBaseAndMask
                0x08003200       0xb0 build/stm32h7xx_hal_dma.o
 .text.DMA_CalcDMAMUXRequestGenBaseAndMask
                0x080032b0       0x7c build/stm32h7xx_hal_dma.o
 .text.HAL_DMA_Init
                0x0800332c      0x394 build/stm32h7xx_hal_dma.o
                0x0800332c                HAL_DMA_Init
 .text.HAL_DMA_Abort
                0x080036c0      0x340 build/stm32h7xx_hal_dma.o
                0x080036c0                HAL_DMA_Abort
 .text.HAL_DMA_Abort_IT
                0x08003a00      0x270 build/stm32h7xx_hal_dma.o
                0x08003a00                HAL_DMA_Abort_IT
 .text.HAL_DMA_IRQHandler
                0x08003c70      0x738 build/stm32h7xx_hal_dma.o
                0x08003c70                HAL_DMA_IRQHandler
 .text.HAL_PWREx_ConfigSupply
                0x080043a8       0x54 build/stm32h7xx_hal_pwr_ex.o
                0x080043a8                HAL_PWREx_ConfigSupply
 .text.HAL_Init
                0x080043fc       0x5c build/stm32h7xx_hal.o
                0x080043fc                HAL_Init
 .text.HAL_IncTick
                0x08004458       0x18 build/stm32h7xx_hal.o
                0x08004458                HAL_IncTick
 .text.HAL_GetTick
                0x08004470        0xc build/stm32h7xx_hal.o
                0x08004470                HAL_GetTick
 .text.FDCAN_CalcultateRamBlockAddresses
                0x0800447c      0x1d4 build/stm32h7xx_hal_fdcan.o
 .text.HAL_FDCAN_Init
                0x08004650      0x294 build/stm32h7xx_hal_fdcan.o
                0x08004650                HAL_FDCAN_Init
 .text.HAL_FDCAN_GetRxMessage
                0x080048e4      0x1e8 build/stm32h7xx_hal_fdcan.o
                0x080048e4                HAL_FDCAN_GetRxMessage
 .text.HAL_FDCAN_GetRxFifoFillLevel
                0x08004acc       0x1c build/stm32h7xx_hal_fdcan.o
                0x08004acc                HAL_FDCAN_GetRxFifoFillLevel
 .text.HAL_FDCAN_ClockCalibrationCallback
                0x08004ae8        0x2 build/stm32h7xx_hal_fdcan.o
                0x08004ae8                HAL_FDCAN_ClockCalibrationCallback
 .text.HAL_FDCAN_TxEventFifoCallback
                0x08004aea        0x2 build/stm32h7xx_hal_fdcan.o
                0x08004aea                HAL_FDCAN_TxEventFifoCallback
 .text.HAL_FDCAN_TxFifoEmptyCallback
                0x08004aec        0x2 build/stm32h7xx_hal_fdcan.o
                0x08004aec                HAL_FDCAN_TxFifoEmptyCallback
 .text.HAL_FDCAN_TxBufferCompleteCallback
                0x08004aee        0x2 build/stm32h7xx_hal_fdcan.o
                0x08004aee                HAL_FDCAN_TxBufferCompleteCallback
 .text.HAL_FDCAN_TxBufferAbortCallback
                0x08004af0        0x2 build/stm32h7xx_hal_fdcan.o
                0x08004af0                HAL_FDCAN_TxBufferAbortCallback
 .text.HAL_FDCAN_RxBufferNewMessageCallback
                0x08004af2        0x2 build/stm32h7xx_hal_fdcan.o
                0x08004af2                HAL_FDCAN_RxBufferNewMessageCallback
 .text.HAL_FDCAN_TimestampWraparoundCallback
                0x08004af4        0x2 build/stm32h7xx_hal_fdcan.o
                0x08004af4                HAL_FDCAN_TimestampWraparoundCallback
 .text.HAL_FDCAN_TimeoutOccurredCallback
                0x08004af6        0x2 build/stm32h7xx_hal_fdcan.o
                0x08004af6                HAL_FDCAN_TimeoutOccurredCallback
 .text.HAL_FDCAN_HighPriorityMessageCallback
                0x08004af8        0x2 build/stm32h7xx_hal_fdcan.o
                0x08004af8                HAL_FDCAN_HighPriorityMessageCallback
 .text.HAL_FDCAN_ErrorCallback
                0x08004afa        0x2 build/stm32h7xx_hal_fdcan.o
                0x08004afa                HAL_FDCAN_ErrorCallback
 .text.HAL_FDCAN_ErrorStatusCallback
                0x08004afc        0x2 build/stm32h7xx_hal_fdcan.o
                0x08004afc                HAL_FDCAN_ErrorStatusCallback
 .text.HAL_FDCAN_TT_ScheduleSyncCallback
                0x08004afe        0x2 build/stm32h7xx_hal_fdcan.o
                0x08004afe                HAL_FDCAN_TT_ScheduleSyncCallback
 .text.HAL_FDCAN_TT_TimeMarkCallback
                0x08004b00        0x2 build/stm32h7xx_hal_fdcan.o
                0x08004b00                HAL_FDCAN_TT_TimeMarkCallback
 .text.HAL_FDCAN_TT_StopWatchCallback
                0x08004b02        0x2 build/stm32h7xx_hal_fdcan.o
                0x08004b02                HAL_FDCAN_TT_StopWatchCallback
 .text.HAL_FDCAN_TT_GlobalTimeCallback
                0x08004b04        0x2 build/stm32h7xx_hal_fdcan.o
                0x08004b04                HAL_FDCAN_TT_GlobalTimeCallback
 *fill*         0x08004b06        0x2 
 .text.HAL_FDCAN_IRQHandler
                0x08004b08      0x31c build/stm32h7xx_hal_fdcan.o
                0x08004b08                HAL_FDCAN_IRQHandler
 .text.SPI_CloseTransfer
                0x08004e24       0xd0 build/stm32h7xx_hal_spi.o
 .text.SPI_GetPacketSize
                0x08004ef4       0x10 build/stm32h7xx_hal_spi.o
 .text.HAL_SPI_Init
                0x08004f04      0x190 build/stm32h7xx_hal_spi.o
                0x08004f04                HAL_SPI_Init
 .text.HAL_SPI_TxCpltCallback
                0x08005094        0x2 build/stm32h7xx_hal_spi.o
                0x08005094                HAL_SPI_TxCpltCallback
 .text.HAL_SPI_RxCpltCallback
                0x08005096        0x2 build/stm32h7xx_hal_spi.o
                0x08005096                HAL_SPI_RxCpltCallback
 .text.HAL_SPI_TxRxCpltCallback
                0x08005098        0x2 build/stm32h7xx_hal_spi.o
                0x08005098                HAL_SPI_TxRxCpltCallback
 .text.HAL_SPI_ErrorCallback
                0x0800509a        0x2 build/stm32h7xx_hal_spi.o
                0x0800509a                HAL_SPI_ErrorCallback
 .text.SPI_DMAAbortOnError
                0x0800509c       0x1a build/stm32h7xx_hal_spi.o
 .text.HAL_SPI_SuspendCallback
                0x080050b6        0x2 build/stm32h7xx_hal_spi.o
                0x080050b6                HAL_SPI_SuspendCallback
 .text.HAL_SPI_IRQHandler
                0x080050b8      0x240 build/stm32h7xx_hal_spi.o
                0x080050b8                HAL_SPI_IRQHandler
 .text.HAL_TIM_Base_MspInit
                0x080052f8        0x2 build/stm32h7xx_hal_tim.o
                0x080052f8                HAL_TIM_Base_MspInit
 *fill*         0x080052fa        0x2 
 .text.HAL_TIM_Base_Start_IT
                0x080052fc       0xa0 build/stm32h7xx_hal_tim.o
                0x080052fc                HAL_TIM_Base_Start_IT
 .text.HAL_TIM_OC_DelayElapsedCallback
                0x0800539c        0x2 build/stm32h7xx_hal_tim.o
                0x0800539c                HAL_TIM_OC_DelayElapsedCallback
 .text.HAL_TIM_IC_CaptureCallback
                0x0800539e        0x2 build/stm32h7xx_hal_tim.o
                0x0800539e                HAL_TIM_IC_CaptureCallback
 .text.HAL_TIM_PWM_PulseFinishedCallback
                0x080053a0        0x2 build/stm32h7xx_hal_tim.o
                0x080053a0                HAL_TIM_PWM_PulseFinishedCallback
 .text.HAL_TIM_TriggerCallback
                0x080053a2        0x2 build/stm32h7xx_hal_tim.o
                0x080053a2                HAL_TIM_TriggerCallback
 .text.HAL_TIM_IRQHandler
                0x080053a4      0x17a build/stm32h7xx_hal_tim.o
                0x080053a4                HAL_TIM_IRQHandler
 *fill*         0x0800551e        0x2 
 .text.TIM_Base_SetConfig
                0x08005520      0x130 build/stm32h7xx_hal_tim.o
                0x08005520                TIM_Base_SetConfig
 .text.HAL_TIM_Base_Init
                0x08005650       0x60 build/stm32h7xx_hal_tim.o
                0x08005650                HAL_TIM_Base_Init
 .text.HAL_TIMEx_CommutCallback
                0x080056b0        0x2 build/stm32h7xx_hal_tim_ex.o
                0x080056b0                HAL_TIMEx_CommutCallback
 .text.HAL_TIMEx_BreakCallback
                0x080056b2        0x2 build/stm32h7xx_hal_tim_ex.o
                0x080056b2                HAL_TIMEx_BreakCallback
 .text.HAL_TIMEx_Break2Callback
                0x080056b4        0x2 build/stm32h7xx_hal_tim_ex.o
                0x080056b4                HAL_TIMEx_Break2Callback
 *fill*         0x080056b6        0x2 
 .text.UART_EndRxTransfer
                0x080056b8       0x58 build/stm32h7xx_hal_uart.o
 .text.HAL_UART_TxCpltCallback
                0x08005710        0x2 build/stm32h7xx_hal_uart.o
                0x08005710                HAL_UART_TxCpltCallback
 .text.UART_EndTransmit_IT
                0x08005712       0x24 build/stm32h7xx_hal_uart.o
 .text.HAL_UART_ErrorCallback
                0x08005736        0x2 build/stm32h7xx_hal_uart.o
                0x08005736                HAL_UART_ErrorCallback
 .text.UART_DMAAbortOnError
                0x08005738       0x14 build/stm32h7xx_hal_uart.o
 .text.HAL_UARTEx_RxEventCallback
                0x0800574c        0x2 build/stm32h7xx_hal_uart.o
                0x0800574c                HAL_UARTEx_RxEventCallback
 *fill*         0x0800574e        0x2 
 .text.HAL_UART_IRQHandler
                0x08005750      0x3b8 build/stm32h7xx_hal_uart.o
                0x08005750                HAL_UART_IRQHandler
 .text.UART_SetConfig
                0x08005b08      0x6bc build/stm32h7xx_hal_uart.o
                0x08005b08                UART_SetConfig
 .text.UART_AdvFeatureConfig
                0x080061c4       0xca build/stm32h7xx_hal_uart.o
                0x080061c4                UART_AdvFeatureConfig
 .text.UART_WaitOnFlagUntilTimeout
                0x0800628e       0xaa build/stm32h7xx_hal_uart.o
                0x0800628e                UART_WaitOnFlagUntilTimeout
 .text.UART_CheckIdleState
                0x08006338       0xca build/stm32h7xx_hal_uart.o
                0x08006338                UART_CheckIdleState
 .text.HAL_UART_Init
                0x08006402       0x66 build/stm32h7xx_hal_uart.o
                0x08006402                HAL_UART_Init
 .text.UARTEx_SetNbDataToProcess
                0x08006468       0x4c build/stm32h7xx_hal_uart_ex.o
 .text.HAL_UARTEx_WakeupCallback
                0x080064b4        0x2 build/stm32h7xx_hal_uart_ex.o
                0x080064b4                HAL_UARTEx_WakeupCallback
 .text.HAL_UARTEx_RxFifoFullCallback
                0x080064b6        0x2 build/stm32h7xx_hal_uart_ex.o
                0x080064b6                HAL_UARTEx_RxFifoFullCallback
 .text.HAL_UARTEx_TxFifoEmptyCallback
                0x080064b8        0x2 build/stm32h7xx_hal_uart_ex.o
                0x080064b8                HAL_UARTEx_TxFifoEmptyCallback
 .text.HAL_UARTEx_DisableFifoMode
                0x080064ba       0x3e build/stm32h7xx_hal_uart_ex.o
                0x080064ba                HAL_UARTEx_DisableFifoMode
 .text.HAL_UARTEx_SetTxFifoThreshold
                0x080064f8       0x4a build/stm32h7xx_hal_uart_ex.o
                0x080064f8                HAL_UARTEx_SetTxFifoThreshold
 .text.HAL_UARTEx_SetRxFifoThreshold
                0x08006542       0x4a build/stm32h7xx_hal_uart_ex.o
                0x08006542                HAL_UARTEx_SetRxFifoThreshold
 .text.SystemInit
                0x0800658c       0xac build/system_stm32h7xx.o
                0x0800658c                SystemInit
 .text.vListInitialise
                0x08006638       0x16 build/list.o
                0x08006638                vListInitialise
 .text.vListInitialiseItem
                0x0800664e        0x6 build/list.o
                0x0800664e                vListInitialiseItem
 .text.vListInsertEnd
                0x08006654       0x16 build/list.o
                0x08006654                vListInsertEnd
 .text.vListInsert
                0x0800666a       0x32 build/list.o
                0x0800666a                vListInsert
 .text.uxListRemove
                0x0800669c       0x26 build/list.o
                0x0800669c                uxListRemove
 *fill*         0x080066c2        0x2 
 .text.prvResetNextTaskUnblockTime
                0x080066c4       0x2c build/tasks.o
 .text.prvInitialiseNewTask
                0x080066f0       0xa6 build/tasks.o
 *fill*         0x08006796        0x2 
 .text.prvInitialiseTaskLists
                0x08006798       0x68 build/tasks.o
 .text.prvAddNewTaskToReadyList
                0x08006800       0xac build/tasks.o
 .text.prvDeleteTCB
                0x080068ac       0x38 build/tasks.o
 .text.prvCheckTasksWaitingTermination
                0x080068e4       0x4c build/tasks.o
 .text.prvIdleTask
                0x08006930       0x28 build/tasks.o
 .text.prvAddCurrentTaskToDelayedList
                0x08006958       0xa0 build/tasks.o
 .text.xTaskCreateStatic
                0x080069f8       0x76 build/tasks.o
                0x080069f8                xTaskCreateStatic
 .text.xTaskCreate
                0x08006a6e       0x68 build/tasks.o
                0x08006a6e                xTaskCreate
 *fill*         0x08006ad6        0x2 
 .text.vTaskStartScheduler
                0x08006ad8       0x74 build/tasks.o
                0x08006ad8                vTaskStartScheduler
 .text.vTaskSuspendAll
                0x08006b4c       0x10 build/tasks.o
                0x08006b4c                vTaskSuspendAll
 .text.xTaskIncrementTick
                0x08006b5c      0x118 build/tasks.o
                0x08006b5c                xTaskIncrementTick
 .text.xTaskResumeAll
                0x08006c74       0xf8 build/tasks.o
                0x08006c74                xTaskResumeAll
 .text.vTaskDelay
                0x08006d6c       0x4c build/tasks.o
                0x08006d6c                vTaskDelay
 .text.vTaskSwitchContext
                0x08006db8       0x98 build/tasks.o
                0x08006db8                vTaskSwitchContext
 .text.makeFreeRtosPriority
                0x08006e50        0xc build/cmsis_os.o
 .text.osKernelStart
                0x08006e5c        0xa build/cmsis_os.o
                0x08006e5c                osKernelStart
 .text.osThreadCreate
                0x08006e66       0x6a build/cmsis_os.o
                0x08006e66                osThreadCreate
 .text.osDelay  0x08006ed0        0xe build/cmsis_os.o
                0x08006ed0                osDelay
 *fill*         0x08006ede        0x2 
 .text.prvHeapInit
                0x08006ee0       0x64 build/heap_4.o
 .text.prvInsertBlockIntoFreeList
                0x08006f44       0x64 build/heap_4.o
 .text.pvPortMalloc
                0x08006fa8       0xfc build/heap_4.o
                0x08006fa8                pvPortMalloc
 .text.vPortFree
                0x080070a4       0x7c build/heap_4.o
                0x080070a4                vPortFree
 .text.prvTaskExitError
                0x08007120       0x40 build/port.o
 .text.prvPortStartFirstTask
                0x08007160       0x28 build/port.o
 .text.vPortEnableVFP
                0x08007188       0x14 build/port.o
 .text.pxPortInitialiseStack
                0x0800719c       0x2c build/port.o
                0x0800719c                pxPortInitialiseStack
 *fill*         0x080071c8        0x8 
 .text.SVC_Handler
                0x080071d0       0x24 build/port.o
                0x080071d0                SVC_Handler
 .text.vPortEnterCritical
                0x080071f4       0x44 build/port.o
                0x080071f4                vPortEnterCritical
 .text.vPortExitCritical
                0x08007238       0x2c build/port.o
                0x08007238                vPortExitCritical
 *fill*         0x08007264        0xc 
 .text.PendSV_Handler
                0x08007270       0x64 build/port.o
                0x08007270                PendSV_Handler
 .text.SysTick_Handler
                0x080072d4       0x2c build/port.o
                0x080072d4                SysTick_Handler
 .text.vPortSetupTimerInterrupt
                0x08007300       0x28 build/port.o
                0x08007300                vPortSetupTimerInterrupt
 .text.xPortStartScheduler
                0x08007328      0x118 build/port.o
                0x08007328                xPortStartScheduler
 .text._Z41__static_initialization_and_destruction_0ii
                0x08007440       0x1c build/bsp_can.o
 .text._ZN3BSP13CANInstance_c14CommonCallbackEP19FDCAN_HandleTypeDefm
                0x0800745c       0x68 build/bsp_can.o
                0x0800745c                BSP::CANInstance_c::CommonCallback(FDCAN_HandleTypeDef*, unsigned long)
 .text.HAL_FDCAN_RxFifo0Callback
                0x080074c4        0xa build/bsp_can.o
                0x080074c4                HAL_FDCAN_RxFifo0Callback
 .text.HAL_FDCAN_RxFifo1Callback
                0x080074ce        0xa build/bsp_can.o
                0x080074ce                HAL_FDCAN_RxFifo1Callback
 .text._GLOBAL__sub_I__ZN3BSP13CANInstance_c9instancesE
                0x080074d8        0xe build/bsp_can.o
 *fill*         0x080074e6        0x2 
 .text._Z41__static_initialization_and_destruction_0ii
                0x080074e8       0x1c build/dji_motor.o
 .text._GLOBAL__sub_I__ZN5Motor18DJI_Motor_Instance9instancesE
                0x08007504        0xe build/dji_motor.o
 *fill*         0x08007512        0x2 
 .text.Reset_Handler
                0x08007514       0x50 build/startup_stm32h723xx.o
                0x08007514                Reset_Handler
 .text.Default_Handler
                0x08007564        0x2 build/startup_stm32h723xx.o
                0x08007564                RTC_Alarm_IRQHandler
                0x08007564                EXTI2_IRQHandler
                0x08007564                TIM8_CC_IRQHandler
                0x08007564                UART8_IRQHandler
                0x08007564                SPI4_IRQHandler
                0x08007564                TIM1_CC_IRQHandler
                0x08007564                BDMA_Channel6_IRQHandler
                0x08007564                DMA2_Stream5_IRQHandler
                0x08007564                DMA1_Stream5_IRQHandler
                0x08007564                CORDIC_IRQHandler
                0x08007564                BDMA_Channel1_IRQHandler
                0x08007564                TAMP_STAMP_IRQHandler
                0x08007564                EXTI3_IRQHandler
                0x08007564                LPTIM4_IRQHandler
                0x08007564                TIM8_TRG_COM_TIM14_IRQHandler
                0x08007564                LPTIM2_IRQHandler
                0x08007564                DFSDM1_FLT1_IRQHandler
                0x08007564                DMAMUX2_OVR_IRQHandler
                0x08007564                TIM8_UP_TIM13_IRQHandler
                0x08007564                I2C3_ER_IRQHandler
                0x08007564                DFSDM1_FLT2_IRQHandler
                0x08007564                I2C5_EV_IRQHandler
                0x08007564                USART10_IRQHandler
                0x08007564                MDMA_IRQHandler
                0x08007564                LPTIM3_IRQHandler
                0x08007564                HSEM1_IRQHandler
                0x08007564                EXTI0_IRQHandler
                0x08007564                I2C2_EV_IRQHandler
                0x08007564                FPU_IRQHandler
                0x08007564                OTG_HS_WKUP_IRQHandler
                0x08007564                FDCAN1_IT1_IRQHandler
                0x08007564                LTDC_ER_IRQHandler
                0x08007564                DMA2_Stream2_IRQHandler
                0x08007564                SPI1_IRQHandler
                0x08007564                OCTOSPI1_IRQHandler
                0x08007564                TIM6_DAC_IRQHandler
                0x08007564                DMA2_Stream3_IRQHandler
                0x08007564                OCTOSPI2_IRQHandler
                0x08007564                DFSDM1_FLT3_IRQHandler
                0x08007564                TIM23_IRQHandler
                0x08007564                USART6_IRQHandler
                0x08007564                TIM17_IRQHandler
                0x08007564                USART3_IRQHandler
                0x08007564                BDMA_Channel7_IRQHandler
                0x08007564                LPTIM5_IRQHandler
                0x08007564                ADC3_IRQHandler
                0x08007564                DMA2_Stream0_IRQHandler
                0x08007564                TIM4_IRQHandler
                0x08007564                BDMA_Channel2_IRQHandler
                0x08007564                I2C1_EV_IRQHandler
                0x08007564                DMA1_Stream6_IRQHandler
                0x08007564                DMAMUX1_OVR_IRQHandler
                0x08007564                TIM16_IRQHandler
                0x08007564                UART4_IRQHandler
                0x08007564                BDMA_Channel5_IRQHandler
                0x08007564                TIM3_IRQHandler
                0x08007564                RCC_IRQHandler
                0x08007564                UART9_IRQHandler
                0x08007564                TIM8_BRK_TIM12_IRQHandler
                0x08007564                TIM1_TRG_COM_IRQHandler
                0x08007564                Default_Handler
                0x08007564                ECC_IRQHandler
                0x08007564                FMAC_IRQHandler
                0x08007564                CEC_IRQHandler
                0x08007564                EXTI15_10_IRQHandler
                0x08007564                BDMA_Channel0_IRQHandler
                0x08007564                ADC_IRQHandler
                0x08007564                I2C5_ER_IRQHandler
                0x08007564                DMA1_Stream7_IRQHandler
                0x08007564                SPI5_IRQHandler
                0x08007564                TIM7_IRQHandler
                0x08007564                SDMMC1_IRQHandler
                0x08007564                TIM5_IRQHandler
                0x08007564                DMA2_Stream7_IRQHandler
                0x08007564                TIM15_IRQHandler
                0x08007564                PVD_AVD_IRQHandler
                0x08007564                I2C3_EV_IRQHandler
                0x08007564                EXTI9_5_IRQHandler
                0x08007564                RTC_WKUP_IRQHandler
                0x08007564                LTDC_IRQHandler
                0x08007564                ETH_WKUP_IRQHandler
                0x08007564                SPDIF_RX_IRQHandler
                0x08007564                OTG_HS_EP1_IN_IRQHandler
                0x08007564                TIM24_IRQHandler
                0x08007564                CRS_IRQHandler
                0x08007564                EXTI4_IRQHandler
                0x08007564                RNG_IRQHandler
                0x08007564                ETH_IRQHandler
                0x08007564                TIM1_UP_IRQHandler
                0x08007564                BDMA_Channel4_IRQHandler
                0x08007564                OTG_HS_EP1_OUT_IRQHandler
                0x08007564                WWDG_IRQHandler
                0x08007564                SPI6_IRQHandler
                0x08007564                MDIOS_IRQHandler
                0x08007564                I2C4_EV_IRQHandler
                0x08007564                LPUART1_IRQHandler
                0x08007564                OTG_HS_IRQHandler
                0x08007564                DMA2D_IRQHandler
                0x08007564                TIM1_BRK_IRQHandler
                0x08007564                EXTI1_IRQHandler
                0x08007564                SDMMC2_IRQHandler
                0x08007564                BDMA_Channel3_IRQHandler
                0x08007564                DTS_IRQHandler
                0x08007564                UART7_IRQHandler
                0x08007564                MDIOS_WKUP_IRQHandler
                0x08007564                USART2_IRQHandler
                0x08007564                DFSDM1_FLT0_IRQHandler
                0x08007564                SAI4_IRQHandler
                0x08007564                I2C2_ER_IRQHandler
                0x08007564                DMA2_Stream1_IRQHandler
                0x08007564                FLASH_IRQHandler
                0x08007564                DMA2_Stream4_IRQHandler
                0x08007564                USART1_IRQHandler
                0x08007564                SPI3_IRQHandler
                0x08007564                WAKEUP_PIN_IRQHandler
                0x08007564                DMA1_Stream4_IRQHandler
                0x08007564                I2C1_ER_IRQHandler
                0x08007564                FMC_IRQHandler
                0x08007564                FDCAN_CAL_IRQHandler
                0x08007564                SWPMI1_IRQHandler
                0x08007564                COMP1_IRQHandler
                0x08007564                LPTIM1_IRQHandler
                0x08007564                DCMI_PSSI_IRQHandler
                0x08007564                I2C4_ER_IRQHandler
                0x08007564                DMA2_Stream6_IRQHandler
                0x08007564                SAI1_IRQHandler
                0x08007564                DMA1_Stream3_IRQHandler
 *fill*         0x08007566        0x2 
 .text.__libc_init_array
                0x08007568       0x48 d:/gcc-arm-none-eabi-10.3-2021.10/bin/../lib/gcc/arm-none-eabi/10.3.1/../../../../arm-none-eabi/lib/thumb/v7e-m+dp/hard\libc_nano.a(lib_a-init.o)
                0x08007568                __libc_init_array
 .text.memcpy   0x080075b0       0x1c d:/gcc-arm-none-eabi-10.3-2021.10/bin/../lib/gcc/arm-none-eabi/10.3.1/../../../../arm-none-eabi/lib/thumb/v7e-m+dp/hard\libc_nano.a(lib_a-memcpy-stub.o)
                0x080075b0                memcpy
 .text.memset   0x080075cc       0x10 d:/gcc-arm-none-eabi-10.3-2021.10/bin/../lib/gcc/arm-none-eabi/10.3.1/../../../../arm-none-eabi/lib/thumb/v7e-m+dp/hard\libc_nano.a(lib_a-memset.o)
                0x080075cc                memset
 *(.glue_7)
 .glue_7        0x080075dc        0x0 linker stubs
 *(.glue_7t)
 .glue_7t       0x080075dc        0x0 linker stubs
 *(.eh_frame)
 .eh_frame      0x080075dc        0x0 d:/gcc-arm-none-eabi-10.3-2021.10/bin/../lib/gcc/arm-none-eabi/10.3.1/thumb/v7e-m+dp/hard/crtbegin.o
 *(.init)
 .init          0x080075dc        0x4 d:/gcc-arm-none-eabi-10.3-2021.10/bin/../lib/gcc/arm-none-eabi/10.3.1/thumb/v7e-m+dp/hard/crti.o
                0x080075dc                _init
 .init          0x080075e0        0x8 d:/gcc-arm-none-eabi-10.3-2021.10/bin/../lib/gcc/arm-none-eabi/10.3.1/thumb/v7e-m+dp/hard/crtn.o
 *(.fini)
 .fini          0x080075e8        0x4 d:/gcc-arm-none-eabi-10.3-2021.10/bin/../lib/gcc/arm-none-eabi/10.3.1/thumb/v7e-m+dp/hard/crti.o
                0x080075e8                _fini
 .fini          0x080075ec        0x8 d:/gcc-arm-none-eabi-10.3-2021.10/bin/../lib/gcc/arm-none-eabi/10.3.1/thumb/v7e-m+dp/hard/crtn.o
                0x080075f4                . = ALIGN (0x4)
                0x080075f4                _etext = .

.vfp11_veneer   0x080075f4        0x0
 .vfp11_veneer  0x080075f4        0x0 linker stubs

.v4_bx          0x080075f4        0x0
 .v4_bx         0x080075f4        0x0 linker stubs

.iplt           0x080075f4        0x0
 .iplt          0x080075f4        0x0 d:/gcc-arm-none-eabi-10.3-2021.10/bin/../lib/gcc/arm-none-eabi/10.3.1/thumb/v7e-m+dp/hard/crtbegin.o

.rodata         0x080075f4       0xcc
                0x080075f4                . = ALIGN (0x4)
 *(.rodata)
 .rodata        0x080075f4       0x1c build/freertos.o
 .rodata        0x08007610       0x4c build/stm32h7xx_hal_fdcan.o
 *(.rodata*)
 .rodata.str1.4
                0x0800765c        0xc build/freertos.o
 .rodata.flagBitshiftOffset.0
                0x08007668        0x8 build/stm32h7xx_hal_dma.o
 .rodata.DLCtoBytes
                0x08007670       0x10 build/stm32h7xx_hal_fdcan.o
 .rodata.UARTPrescTable
                0x08007680       0x18 build/stm32h7xx_hal_uart.o
                0x08007680                UARTPrescTable
 .rodata.denominator.0
                0x08007698        0x8 build/stm32h7xx_hal_uart_ex.o
 .rodata.numerator.1
                0x080076a0        0x8 build/stm32h7xx_hal_uart_ex.o
 .rodata.D1CorePrescTable
                0x080076a8       0x10 build/system_stm32h7xx.o
                0x080076a8                D1CorePrescTable
 .rodata.vTaskStartScheduler.str1.4
                0x080076b8        0x5 build/tasks.o
                0x080076c0                . = ALIGN (0x4)
 *fill*         0x080076bd        0x3 

.ARM.extab
 *(.ARM.extab* .gnu.linkonce.armextab.*)

.ARM            0x080076c0        0x8
                0x080076c0                __exidx_start = .
 *(.ARM.exidx*)
 .ARM.exidx     0x080076c0        0x8 d:/gcc-arm-none-eabi-10.3-2021.10/bin/../lib/gcc/arm-none-eabi/10.3.1/thumb/v7e-m+dp/hard\libgcc.a(_udivmoddi4.o)
                0x080076c8                __exidx_end = .

.rel.dyn        0x080076c8        0x0
 .rel.iplt      0x080076c8        0x0 d:/gcc-arm-none-eabi-10.3-2021.10/bin/../lib/gcc/arm-none-eabi/10.3.1/thumb/v7e-m+dp/hard/crtbegin.o

.preinit_array  0x080076c8        0x0
                0x080076c8                PROVIDE (__preinit_array_start = .)
 *(.preinit_array*)
                0x080076c8                PROVIDE (__preinit_array_end = .)

.init_array     0x080076c8        0xc
                0x080076c8                PROVIDE (__init_array_start = .)
 *(SORT_BY_NAME(.init_array.*))
 *(.init_array*)
 .init_array    0x080076c8        0x4 d:/gcc-arm-none-eabi-10.3-2021.10/bin/../lib/gcc/arm-none-eabi/10.3.1/thumb/v7e-m+dp/hard/crtbegin.o
 .init_array    0x080076cc        0x4 build/bsp_can.o
 .init_array    0x080076d0        0x4 build/dji_motor.o
                0x080076d4                PROVIDE (__init_array_end = .)

.fini_array     0x080076d4        0x4
                [!provide]                PROVIDE (__fini_array_start = .)
 *(SORT_BY_NAME(.fini_array.*))
 *(.fini_array*)
 .fini_array    0x080076d4        0x4 d:/gcc-arm-none-eabi-10.3-2021.10/bin/../lib/gcc/arm-none-eabi/10.3.1/thumb/v7e-m+dp/hard/crtbegin.o
                [!provide]                PROVIDE (__fini_array_end = .)
                0x080076d8                _sidata = LOADADDR (.data)

.data           0x24000000       0x14 load address 0x080076d8
                0x24000000                . = ALIGN (0x4)
                0x24000000                _sdata = .
 *(.data)
 *(.data*)
 .data.uwTickFreq
                0x24000000        0x1 build/stm32h7xx_hal.o
                0x24000000                uwTickFreq
 *fill*         0x24000001        0x3 
 .data.uwTickPrio
                0x24000004        0x4 build/stm32h7xx_hal.o
                0x24000004                uwTickPrio
 .data.SystemCoreClock
                0x24000008        0x4 build/system_stm32h7xx.o
                0x24000008                SystemCoreClock
 .data.SystemD2Clock
                0x2400000c        0x4 build/system_stm32h7xx.o
                0x2400000c                SystemD2Clock
 .data.uxCriticalNesting
                0x24000010        0x4 build/port.o
                0x24000014                . = ALIGN (0x4)
                0x24000014                _edata = .

.igot.plt       0x24000014        0x0 load address 0x080076ec
 .igot.plt      0x24000014        0x0 d:/gcc-arm-none-eabi-10.3-2021.10/bin/../lib/gcc/arm-none-eabi/10.3.1/thumb/v7e-m+dp/hard/crtbegin.o
                0x24000014                . = ALIGN (0x4)

.bss            0x24000014     0x5340 load address 0x080076ec
                0x24000014                _sbss = .
                0x24000014                __bss_start__ = _sbss
 *(.bss)
 .bss           0x24000014       0x1c d:/gcc-arm-none-eabi-10.3-2021.10/bin/../lib/gcc/arm-none-eabi/10.3.1/thumb/v7e-m+dp/hard/crtbegin.o
 *(.bss*)
 .bss._INIT_TASK_Handle
                0x24000030        0x4 build/freertos.o
                0x24000030                _INIT_TASK_Handle
 .bss.xIdleStack
                0x24000034     0x1000 build/freertos.o
 .bss.xIdleTaskTCBBuffer
                0x24001034       0x6c build/freertos.o
 .bss.HAL_RCC_FDCAN_CLK_ENABLED
                0x240010a0        0x4 build/fdcan.o
 .bss.hfdcan1   0x240010a4       0xa0 build/fdcan.o
                0x240010a4                hfdcan1
 .bss.hfdcan2   0x24001144       0xa0 build/fdcan.o
                0x24001144                hfdcan2
 .bss.hfdcan3   0x240011e4       0xa0 build/fdcan.o
                0x240011e4                hfdcan3
 .bss.hdma_spi2_rx
                0x24001284       0x78 build/spi.o
                0x24001284                hdma_spi2_rx
 .bss.hdma_spi2_tx
                0x240012fc       0x78 build/spi.o
                0x240012fc                hdma_spi2_tx
 .bss.hspi2     0x24001374       0x88 build/spi.o
                0x24001374                hspi2
 .bss.hdma_uart5_rx
                0x240013fc       0x78 build/usart.o
                0x240013fc                hdma_uart5_rx
 .bss.huart5    0x24001474       0x94 build/usart.o
                0x24001474                huart5
 .bss.htim2     0x24001508       0x4c build/stm32h7xx_hal_timebase_tim.o
                0x24001508                htim2
 .bss.uwTick    0x24001554        0x4 build/stm32h7xx_hal.o
                0x24001554                uwTick
 .bss.pxCurrentTCB
                0x24001558        0x4 build/tasks.o
                0x24001558                pxCurrentTCB
 .bss.pxDelayedTaskList
                0x2400155c        0x4 build/tasks.o
 .bss.pxOverflowDelayedTaskList
                0x24001560        0x4 build/tasks.o
 .bss.pxReadyTasksLists
                0x24001564       0x8c build/tasks.o
 .bss.uxCurrentNumberOfTasks
                0x240015f0        0x4 build/tasks.o
 .bss.uxDeletedTasksWaitingCleanUp
                0x240015f4        0x4 build/tasks.o
 .bss.uxSchedulerSuspended
                0x240015f8        0x4 build/tasks.o
 .bss.uxTaskNumber
                0x240015fc        0x4 build/tasks.o
 .bss.uxTopReadyPriority
                0x24001600        0x4 build/tasks.o
 .bss.xDelayedTaskList1
                0x24001604       0x14 build/tasks.o
 .bss.xDelayedTaskList2
                0x24001618       0x14 build/tasks.o
 .bss.xIdleTaskHandle
                0x2400162c        0x4 build/tasks.o
 .bss.xNextTaskUnblockTime
                0x24001630        0x4 build/tasks.o
 .bss.xNumOfOverflows
                0x24001634        0x4 build/tasks.o
 .bss.xPendedTicks
                0x24001638        0x4 build/tasks.o
 .bss.xPendingReadyList
                0x2400163c       0x14 build/tasks.o
 .bss.xSchedulerRunning
                0x24001650        0x4 build/tasks.o
 .bss.xSuspendedTaskList
                0x24001654       0x14 build/tasks.o
 .bss.xTasksWaitingTermination
                0x24001668       0x14 build/tasks.o
 .bss.xTickCount
                0x2400167c        0x4 build/tasks.o
 .bss.xYieldPending
                0x24001680        0x4 build/tasks.o
 .bss.pxEnd     0x24001684        0x4 build/heap_4.o
 .bss.ucHeap    0x24001688     0x3c00 build/heap_4.o
 .bss.xBlockAllocatedBit
                0x24005288        0x4 build/heap_4.o
 .bss.xFreeBytesRemaining
                0x2400528c        0x4 build/heap_4.o
 .bss.xMinimumEverFreeBytesRemaining
                0x24005290        0x4 build/heap_4.o
 .bss.xNumberOfSuccessfulAllocations
                0x24005294        0x4 build/heap_4.o
 .bss.xNumberOfSuccessfulFrees
                0x24005298        0x4 build/heap_4.o
 .bss.xStart    0x2400529c        0x8 build/heap_4.o
 .bss.ucMaxSysCallPriority
                0x240052a4        0x1 build/port.o
 *fill*         0x240052a5        0x3 
 .bss.ulMaxPRIGROUPValue
                0x240052a8        0x4 build/port.o
 .bss._ZN3BSP13CANInstance_c9instancesE
                0x240052ac       0x74 build/bsp_can.o
                0x240052ac                BSP::CANInstance_c::instances
 .bss._ZN5Motor18DJI_Motor_Instance9instancesE
                0x24005320       0x34 build/dji_motor.o
                0x24005320                Motor::DJI_Motor_Instance::instances
 *(COMMON)
                0x24005354                . = ALIGN (0x4)
                0x24005354                _ebss = .
                0x24005354                __bss_end__ = _ebss

._user_heap_stack
                0x24005354     0x8004 load address 0x080076ec
                0x24005358                . = ALIGN (0x8)
 *fill*         0x24005354        0x4 
                [!provide]                PROVIDE (end = .)
                0x24005358                PROVIDE (_end = .)
                0x24009358                . = (. + _Min_Heap_Size)
 *fill*         0x24005358     0x4000 
                0x2400d358                . = (. + _Min_Stack_Size)
 *fill*         0x24009358     0x4000 
                0x2400d358                . = ALIGN (0x8)

/DISCARD/
 libc.a(*)
 libm.a(*)
 libgcc.a(*)
OUTPUT(build/RM_chassis_reborn.elf elf32-littlearm)
LOAD linker stubs
LOAD d:/gcc-arm-none-eabi-10.3-2021.10/bin/../lib/gcc/arm-none-eabi/10.3.1/../../../../arm-none-eabi/lib/thumb/v7e-m+dp/hard\libc.a
LOAD d:/gcc-arm-none-eabi-10.3-2021.10/bin/../lib/gcc/arm-none-eabi/10.3.1/../../../../arm-none-eabi/lib/thumb/v7e-m+dp/hard\libm.a
LOAD d:/gcc-arm-none-eabi-10.3-2021.10/bin/../lib/gcc/arm-none-eabi/10.3.1/thumb/v7e-m+dp/hard\libgcc.a

.ARM.attributes
                0x00000000       0x2e
 .ARM.attributes
                0x00000000       0x1e d:/gcc-arm-none-eabi-10.3-2021.10/bin/../lib/gcc/arm-none-eabi/10.3.1/thumb/v7e-m+dp/hard/crti.o
 .ARM.attributes
                0x0000001e       0x32 d:/gcc-arm-none-eabi-10.3-2021.10/bin/../lib/gcc/arm-none-eabi/10.3.1/thumb/v7e-m+dp/hard/crtbegin.o
 .ARM.attributes
                0x00000050       0x32 build/main.o
 .ARM.attributes
                0x00000082       0x32 build/gpio.o
 .ARM.attributes
                0x000000b4       0x32 build/freertos.o
 .ARM.attributes
                0x000000e6       0x32 build/dma.o
 .ARM.attributes
                0x00000118       0x32 build/fdcan.o
 .ARM.attributes
                0x0000014a       0x32 build/spi.o
 .ARM.attributes
                0x0000017c       0x32 build/usart.o
 .ARM.attributes
                0x000001ae       0x32 build/stm32h7xx_it.o
 .ARM.attributes
                0x000001e0       0x32 build/stm32h7xx_hal_msp.o
 .ARM.attributes
                0x00000212       0x32 build/stm32h7xx_hal_timebase_tim.o
 .ARM.attributes
                0x00000244       0x32 build/stm32h7xx_hal_cortex.o
 .ARM.attributes
                0x00000276       0x32 build/stm32h7xx_hal_rcc.o
 .ARM.attributes
                0x000002a8       0x32 build/stm32h7xx_hal_rcc_ex.o
 .ARM.attributes
                0x000002da       0x32 build/stm32h7xx_hal_gpio.o
 .ARM.attributes
                0x0000030c       0x32 build/stm32h7xx_hal_dma.o
 .ARM.attributes
                0x0000033e       0x32 build/stm32h7xx_hal_pwr_ex.o
 .ARM.attributes
                0x00000370       0x32 build/stm32h7xx_hal.o
 .ARM.attributes
                0x000003a2       0x32 build/stm32h7xx_hal_fdcan.o
 .ARM.attributes
                0x000003d4       0x32 build/stm32h7xx_hal_spi.o
 .ARM.attributes
                0x00000406       0x32 build/stm32h7xx_hal_tim.o
 .ARM.attributes
                0x00000438       0x32 build/stm32h7xx_hal_tim_ex.o
 .ARM.attributes
                0x0000046a       0x32 build/stm32h7xx_hal_uart.o
 .ARM.attributes
                0x0000049c       0x32 build/stm32h7xx_hal_uart_ex.o
 .ARM.attributes
                0x000004ce       0x32 build/system_stm32h7xx.o
 .ARM.attributes
                0x00000500       0x32 build/list.o
 .ARM.attributes
                0x00000532       0x32 build/tasks.o
 .ARM.attributes
                0x00000564       0x32 build/cmsis_os.o
 .ARM.attributes
                0x00000596       0x32 build/heap_4.o
 .ARM.attributes
                0x000005c8       0x32 build/port.o
 .ARM.attributes
                0x000005fa       0x32 build/bsp_can.o
 .ARM.attributes
                0x0000062c       0x32 build/dji_motor.o
 .ARM.attributes
                0x0000065e       0x21 build/startup_stm32h723xx.o
 .ARM.attributes
                0x0000067f       0x32 d:/gcc-arm-none-eabi-10.3-2021.10/bin/../lib/gcc/arm-none-eabi/10.3.1/../../../../arm-none-eabi/lib/thumb/v7e-m+dp/hard\libc_nano.a(lib_a-init.o)
 .ARM.attributes
                0x000006b1       0x32 d:/gcc-arm-none-eabi-10.3-2021.10/bin/../lib/gcc/arm-none-eabi/10.3.1/../../../../arm-none-eabi/lib/thumb/v7e-m+dp/hard\libc_nano.a(lib_a-memcpy-stub.o)
 .ARM.attributes
                0x000006e3       0x32 d:/gcc-arm-none-eabi-10.3-2021.10/bin/../lib/gcc/arm-none-eabi/10.3.1/../../../../arm-none-eabi/lib/thumb/v7e-m+dp/hard\libc_nano.a(lib_a-memset.o)
 .ARM.attributes
                0x00000715       0x1e d:/gcc-arm-none-eabi-10.3-2021.10/bin/../lib/gcc/arm-none-eabi/10.3.1/thumb/v7e-m+dp/hard\libgcc.a(_aeabi_uldivmod.o)
 .ARM.attributes
                0x00000733       0x32 d:/gcc-arm-none-eabi-10.3-2021.10/bin/../lib/gcc/arm-none-eabi/10.3.1/thumb/v7e-m+dp/hard\libgcc.a(_udivmoddi4.o)
 .ARM.attributes
                0x00000765       0x1e d:/gcc-arm-none-eabi-10.3-2021.10/bin/../lib/gcc/arm-none-eabi/10.3.1/thumb/v7e-m+dp/hard\libgcc.a(_dvmd_tls.o)
 .ARM.attributes
                0x00000783       0x1e d:/gcc-arm-none-eabi-10.3-2021.10/bin/../lib/gcc/arm-none-eabi/10.3.1/thumb/v7e-m+dp/hard/crtn.o

.comment        0x00000000       0x49
 .comment       0x00000000       0x49 build/main.o
                                 0x4a (size before relaxing)
 .comment       0x00000049       0x4a build/gpio.o
 .comment       0x00000049       0x4a build/freertos.o
 .comment       0x00000049       0x4a build/dma.o
 .comment       0x00000049       0x4a build/fdcan.o
 .comment       0x00000049       0x4a build/spi.o
 .comment       0x00000049       0x4a build/usart.o
 .comment       0x00000049       0x4a build/stm32h7xx_it.o
 .comment       0x00000049       0x4a build/stm32h7xx_hal_msp.o
 .comment       0x00000049       0x4a build/stm32h7xx_hal_timebase_tim.o
 .comment       0x00000049       0x4a build/stm32h7xx_hal_cortex.o
 .comment       0x00000049       0x4a build/stm32h7xx_hal_rcc.o
 .comment       0x00000049       0x4a build/stm32h7xx_hal_rcc_ex.o
 .comment       0x00000049       0x4a build/stm32h7xx_hal_gpio.o
 .comment       0x00000049       0x4a build/stm32h7xx_hal_dma.o
 .comment       0x00000049       0x4a build/stm32h7xx_hal_pwr_ex.o
 .comment       0x00000049       0x4a build/stm32h7xx_hal.o
 .comment       0x00000049       0x4a build/stm32h7xx_hal_fdcan.o
 .comment       0x00000049       0x4a build/stm32h7xx_hal_spi.o
 .comment       0x00000049       0x4a build/stm32h7xx_hal_tim.o
 .comment       0x00000049       0x4a build/stm32h7xx_hal_tim_ex.o
 .comment       0x00000049       0x4a build/stm32h7xx_hal_uart.o
 .comment       0x00000049       0x4a build/stm32h7xx_hal_uart_ex.o
 .comment       0x00000049       0x4a build/system_stm32h7xx.o
 .comment       0x00000049       0x4a build/list.o
 .comment       0x00000049       0x4a build/tasks.o
 .comment       0x00000049       0x4a build/cmsis_os.o
 .comment       0x00000049       0x4a build/heap_4.o
 .comment       0x00000049       0x4a build/port.o
 .comment       0x00000049       0x4a build/bsp_can.o
 .comment       0x00000049       0x4a build/dji_motor.o

.debug_info     0x00000000    0x3969e
 .debug_info    0x00000000     0x14aa build/main.o
 .debug_info    0x000014aa      0x7e3 build/gpio.o
 .debug_info    0x00001c8d      0x4b8 build/freertos.o
 .debug_info    0x00002145      0x970 build/dma.o
 .debug_info    0x00002ab5     0x1b2c build/fdcan.o
 .debug_info    0x000045e1     0x182b build/spi.o
 .debug_info    0x00005e0c     0x18bb build/usart.o
 .debug_info    0x000076c7     0x1be5 build/stm32h7xx_it.o
 .debug_info    0x000092ac      0x8ef build/stm32h7xx_hal_msp.o
 .debug_info    0x00009b9b     0x12a3 build/stm32h7xx_hal_timebase_tim.o
 .debug_info    0x0000ae3e     0x1551 build/stm32h7xx_hal_cortex.o
 .debug_info    0x0000c38f     0x1281 build/stm32h7xx_hal_rcc.o
 .debug_info    0x0000d610     0x1c66 build/stm32h7xx_hal_rcc_ex.o
 .debug_info    0x0000f276      0xef0 build/stm32h7xx_hal_gpio.o
 .debug_info    0x00010166      0xfdc build/stm32h7xx_hal_dma.o
 .debug_info    0x00011142     0x114d build/stm32h7xx_hal_pwr_ex.o
 .debug_info    0x0001228f     0x1a79 build/stm32h7xx_hal.o
 .debug_info    0x00013d08     0x384f build/stm32h7xx_hal_fdcan.o
 .debug_info    0x00017557     0x1cd2 build/stm32h7xx_hal_spi.o
 .debug_info    0x00019229     0x435b build/stm32h7xx_hal_tim.o
 .debug_info    0x0001d584     0x217e build/stm32h7xx_hal_tim_ex.o
 .debug_info    0x0001f702     0x6a19 build/stm32h7xx_hal_uart.o
 .debug_info    0x0002611b     0x1382 build/stm32h7xx_hal_uart_ex.o
 .debug_info    0x0002749d      0xcbb build/system_stm32h7xx.o
 .debug_info    0x00028158      0x30f build/list.o
 .debug_info    0x00028467     0x311a build/tasks.o
 .debug_info    0x0002b581     0x244b build/cmsis_os.o
 .debug_info    0x0002d9cc      0x61a build/heap_4.o
 .debug_info    0x0002dfe6      0x5c8 build/port.o
 .debug_info    0x0002e5ae     0x6372 build/bsp_can.o
 .debug_info    0x00034920     0x4d5c build/dji_motor.o
 .debug_info    0x0003967c       0x22 build/startup_stm32h723xx.o

.debug_abbrev   0x00000000     0x58d9
 .debug_abbrev  0x00000000      0x2d8 build/main.o
 .debug_abbrev  0x000002d8      0x174 build/gpio.o
 .debug_abbrev  0x0000044c      0x18d build/freertos.o
 .debug_abbrev  0x000005d9      0x129 build/dma.o
 .debug_abbrev  0x00000702      0x21a build/fdcan.o
 .debug_abbrev  0x0000091c      0x21b build/spi.o
 .debug_abbrev  0x00000b37      0x21b build/usart.o
 .debug_abbrev  0x00000d52      0x1bf build/stm32h7xx_it.o
 .debug_abbrev  0x00000f11      0x11c build/stm32h7xx_hal_msp.o
 .debug_abbrev  0x0000102d      0x211 build/stm32h7xx_hal_timebase_tim.o
 .debug_abbrev  0x0000123e      0x395 build/stm32h7xx_hal_cortex.o
 .debug_abbrev  0x000015d3      0x27d build/stm32h7xx_hal_rcc.o
 .debug_abbrev  0x00001850      0x286 build/stm32h7xx_hal_rcc_ex.o
 .debug_abbrev  0x00001ad6      0x253 build/stm32h7xx_hal_gpio.o
 .debug_abbrev  0x00001d29      0x2ef build/stm32h7xx_hal_dma.o
 .debug_abbrev  0x00002018      0x2b6 build/stm32h7xx_hal_pwr_ex.o
 .debug_abbrev  0x000022ce      0x26a build/stm32h7xx_hal.o
 .debug_abbrev  0x00002538      0x2df build/stm32h7xx_hal_fdcan.o
 .debug_abbrev  0x00002817      0x2f3 build/stm32h7xx_hal_spi.o
 .debug_abbrev  0x00002b0a      0x289 build/stm32h7xx_hal_tim.o
 .debug_abbrev  0x00002d93      0x29f build/stm32h7xx_hal_tim_ex.o
 .debug_abbrev  0x00003032      0x363 build/stm32h7xx_hal_uart.o
 .debug_abbrev  0x00003395      0x311 build/stm32h7xx_hal_uart_ex.o
 .debug_abbrev  0x000036a6      0x12a build/system_stm32h7xx.o
 .debug_abbrev  0x000037d0      0x124 build/list.o
 .debug_abbrev  0x000038f4      0x387 build/tasks.o
 .debug_abbrev  0x00003c7b      0x3a1 build/cmsis_os.o
 .debug_abbrev  0x0000401c      0x269 build/heap_4.o
 .debug_abbrev  0x00004285      0x28a build/port.o
 .debug_abbrev  0x0000450f      0xaa4 build/bsp_can.o
 .debug_abbrev  0x00004fb3      0x914 build/dji_motor.o
 .debug_abbrev  0x000058c7       0x12 build/startup_stm32h723xx.o

.debug_loc      0x00000000    0x2183a
 .debug_loc     0x00000000      0x182 build/main.o
 .debug_loc     0x00000182       0x39 build/gpio.o
 .debug_loc     0x000001bb       0x7d build/freertos.o
 .debug_loc     0x00000238       0x38 build/dma.o
 .debug_loc     0x00000270      0x1d8 build/fdcan.o
 .debug_loc     0x00000448       0xda build/spi.o
 .debug_loc     0x00000522       0xda build/usart.o
 .debug_loc     0x000005fc      0x160 build/stm32h7xx_it.o
 .debug_loc     0x0000075c       0x38 build/stm32h7xx_hal_msp.o
 .debug_loc     0x00000794       0xfa build/stm32h7xx_hal_timebase_tim.o
 .debug_loc     0x0000088e      0x786 build/stm32h7xx_hal_cortex.o
 .debug_loc     0x00001014      0xa66 build/stm32h7xx_hal_rcc.o
 .debug_loc     0x00001a7a     0x1d25 build/stm32h7xx_hal_rcc_ex.o
 .debug_loc     0x0000379f      0x482 build/stm32h7xx_hal_gpio.o
 .debug_loc     0x00003c21     0x10aa build/stm32h7xx_hal_dma.o
 .debug_loc     0x00004ccb      0x5ab build/stm32h7xx_hal_pwr_ex.o
 .debug_loc     0x00005276      0x526 build/stm32h7xx_hal.o
 .debug_loc     0x0000579c     0x3ac3 build/stm32h7xx_hal_fdcan.o
 .debug_loc     0x0000925f     0x1d64 build/stm32h7xx_hal_spi.o
 .debug_loc     0x0000afc3     0x62a2 build/stm32h7xx_hal_tim.o
 .debug_loc     0x00011265     0x2ed1 build/stm32h7xx_hal_tim_ex.o
 .debug_loc     0x00014136     0x6408 build/stm32h7xx_hal_uart.o
 .debug_loc     0x0001a53e      0xd9d build/stm32h7xx_hal_uart_ex.o
 .debug_loc     0x0001b2db      0x1d8 build/system_stm32h7xx.o
 .debug_loc     0x0001b4b3       0xe5 build/list.o
 .debug_loc     0x0001b598     0x2a7f build/tasks.o
 .debug_loc     0x0001e017     0x1a22 build/cmsis_os.o
 .debug_loc     0x0001fa39      0x4e4 build/heap_4.o
 .debug_loc     0x0001ff1d      0x1c0 build/port.o
 .debug_loc     0x000200dd      0xaac build/bsp_can.o
 .debug_loc     0x00020b89      0xcb1 build/dji_motor.o

.debug_aranges  0x00000000     0x1c20
 .debug_aranges
                0x00000000       0x40 build/main.o
 .debug_aranges
                0x00000040       0x20 build/gpio.o
 .debug_aranges
                0x00000060       0x30 build/freertos.o
 .debug_aranges
                0x00000090       0x20 build/dma.o
 .debug_aranges
                0x000000b0       0x40 build/fdcan.o
 .debug_aranges
                0x000000f0       0x30 build/spi.o
 .debug_aranges
                0x00000120       0x30 build/usart.o
 .debug_aranges
                0x00000150       0xa0 build/stm32h7xx_it.o
 .debug_aranges
                0x000001f0       0x20 build/stm32h7xx_hal_msp.o
 .debug_aranges
                0x00000210       0x30 build/stm32h7xx_hal_timebase_tim.o
 .debug_aranges
                0x00000240       0xc0 build/stm32h7xx_hal_cortex.o
 .debug_aranges
                0x00000300       0x88 build/stm32h7xx_hal_rcc.o
 .debug_aranges
                0x00000388       0xf8 build/stm32h7xx_hal_rcc_ex.o
 .debug_aranges
                0x00000480       0x58 build/stm32h7xx_hal_gpio.o
 .debug_aranges
                0x000004d8       0xa0 build/stm32h7xx_hal_dma.o
 .debug_aranges
                0x00000578      0x148 build/stm32h7xx_hal_pwr_ex.o
 .debug_aranges
                0x000006c0      0x1c8 build/stm32h7xx_hal.o
 .debug_aranges
                0x00000888      0x338 build/stm32h7xx_hal_fdcan.o
 .debug_aranges
                0x00000bc0      0x1a8 build/stm32h7xx_hal_spi.o
 .debug_aranges
                0x00000d68      0x3e0 build/stm32h7xx_hal_tim.o
 .debug_aranges
                0x00001148      0x198 build/stm32h7xx_hal_tim_ex.o
 .debug_aranges
                0x000012e0      0x248 build/stm32h7xx_hal_uart.o
 .debug_aranges
                0x00001528       0xa8 build/stm32h7xx_hal_uart_ex.o
 .debug_aranges
                0x000015d0       0x28 build/system_stm32h7xx.o
 .debug_aranges
                0x000015f8       0x40 build/list.o
 .debug_aranges
                0x00001638      0x1f0 build/tasks.o
 .debug_aranges
                0x00001828      0x1d8 build/cmsis_os.o
 .debug_aranges
                0x00001a00       0x58 build/heap_4.o
 .debug_aranges
                0x00001a58       0x80 build/port.o
 .debug_aranges
                0x00001ad8       0x78 build/bsp_can.o
 .debug_aranges
                0x00001b50       0xa8 build/dji_motor.o
 .debug_aranges
                0x00001bf8       0x28 build/startup_stm32h723xx.o

.debug_ranges   0x00000000     0x1f28
 .debug_ranges  0x00000000       0x30 build/main.o
 .debug_ranges  0x00000030       0x10 build/gpio.o
 .debug_ranges  0x00000040       0x20 build/freertos.o
 .debug_ranges  0x00000060       0x10 build/dma.o
 .debug_ranges  0x00000070       0x30 build/fdcan.o
 .debug_ranges  0x000000a0       0x20 build/spi.o
 .debug_ranges  0x000000c0       0x20 build/usart.o
 .debug_ranges  0x000000e0       0x90 build/stm32h7xx_it.o
 .debug_ranges  0x00000170       0x10 build/stm32h7xx_hal_msp.o
 .debug_ranges  0x00000180       0x20 build/stm32h7xx_hal_timebase_tim.o
 .debug_ranges  0x000001a0      0x110 build/stm32h7xx_hal_cortex.o
 .debug_ranges  0x000002b0       0xe8 build/stm32h7xx_hal_rcc.o
 .debug_ranges  0x00000398       0xe8 build/stm32h7xx_hal_rcc_ex.o
 .debug_ranges  0x00000480       0x48 build/stm32h7xx_hal_gpio.o
 .debug_ranges  0x000004c8       0xa8 build/stm32h7xx_hal_dma.o
 .debug_ranges  0x00000570      0x198 build/stm32h7xx_hal_pwr_ex.o
 .debug_ranges  0x00000708      0x1b8 build/stm32h7xx_hal.o
 .debug_ranges  0x000008c0      0x370 build/stm32h7xx_hal_fdcan.o
 .debug_ranges  0x00000c30      0x198 build/stm32h7xx_hal_spi.o
 .debug_ranges  0x00000dc8      0x3d0 build/stm32h7xx_hal_tim.o
 .debug_ranges  0x00001198      0x188 build/stm32h7xx_hal_tim_ex.o
 .debug_ranges  0x00001320      0x238 build/stm32h7xx_hal_uart.o
 .debug_ranges  0x00001558       0xb0 build/stm32h7xx_hal_uart_ex.o
 .debug_ranges  0x00001608       0x18 build/system_stm32h7xx.o
 .debug_ranges  0x00001620       0x30 build/list.o
 .debug_ranges  0x00001650      0x2e8 build/tasks.o
 .debug_ranges  0x00001938      0x1c8 build/cmsis_os.o
 .debug_ranges  0x00001b00       0x48 build/heap_4.o
 .debug_ranges  0x00001b48       0x88 build/port.o
 .debug_ranges  0x00001bd0      0x170 build/bsp_can.o
 .debug_ranges  0x00001d40      0x1c8 build/dji_motor.o
 .debug_ranges  0x00001f08       0x20 build/startup_stm32h723xx.o

.debug_line     0x00000000    0x24fcf
 .debug_line    0x00000000      0x5f3 build/main.o
 .debug_line    0x000005f3      0x1e1 build/gpio.o
 .debug_line    0x000007d4      0x21f build/freertos.o
 .debug_line    0x000009f3      0x165 build/dma.o
 .debug_line    0x00000b58      0x832 build/fdcan.o
 .debug_line    0x0000138a      0x479 build/spi.o
 .debug_line    0x00001803      0x3f9 build/usart.o
 .debug_line    0x00001bfc      0x3ae build/stm32h7xx_it.o
 .debug_line    0x00001faa      0x16f build/stm32h7xx_hal_msp.o
 .debug_line    0x00002119      0x2b4 build/stm32h7xx_hal_timebase_tim.o
 .debug_line    0x000023cd      0x78f build/stm32h7xx_hal_cortex.o
 .debug_line    0x00002b5c     0x11f5 build/stm32h7xx_hal_rcc.o
 .debug_line    0x00003d51     0x1e0a build/stm32h7xx_hal_rcc_ex.o
 .debug_line    0x00005b5b      0x685 build/stm32h7xx_hal_gpio.o
 .debug_line    0x000061e0     0x240c build/stm32h7xx_hal_dma.o
 .debug_line    0x000085ec      0x99e build/stm32h7xx_hal_pwr_ex.o
 .debug_line    0x00008f8a      0x932 build/stm32h7xx_hal.o
 .debug_line    0x000098bc     0x3269 build/stm32h7xx_hal_fdcan.o
 .debug_line    0x0000cb25     0x2963 build/stm32h7xx_hal_spi.o
 .debug_line    0x0000f488     0x50b2 build/stm32h7xx_hal_tim.o
 .debug_line    0x0001453a     0x209f build/stm32h7xx_hal_tim_ex.o
 .debug_line    0x000165d9     0x6737 build/stm32h7xx_hal_uart.o
 .debug_line    0x0001cd10      0xc46 build/stm32h7xx_hal_uart_ex.o
 .debug_line    0x0001d956      0x3f2 build/system_stm32h7xx.o
 .debug_line    0x0001dd48      0x337 build/list.o
 .debug_line    0x0001e07f     0x2954 build/tasks.o
 .debug_line    0x000209d3     0x1168 build/cmsis_os.o
 .debug_line    0x00021b3b      0x6ff build/heap_4.o
 .debug_line    0x0002223a      0x6e8 build/port.o
 .debug_line    0x00022922     0x1148 build/bsp_can.o
 .debug_line    0x00023a6a     0x14ef build/dji_motor.o
 .debug_line    0x00024f59       0x76 build/startup_stm32h723xx.o

.debug_str      0x00000000   0x1650d4
 .debug_str     0x00000000      0xb9b build/main.o
                                0xd6e (size before relaxing)
 .debug_str     0x00000b9b      0x29c build/gpio.o
                                0x47f (size before relaxing)
 .debug_str     0x00000e37      0x2c6 build/freertos.o
                                0x4ab (size before relaxing)
 .debug_str     0x000010fd      0x787 build/dma.o
                                0xbc6 (size before relaxing)
 .debug_str     0x00001884      0x757 build/fdcan.o
                               0x1568 (size before relaxing)
 .debug_str     0x00001fdb      0x318 build/spi.o
                               0x1687 (size before relaxing)
 .debug_str     0x000022f3      0x295 build/usart.o
                               0x1682 (size before relaxing)
 .debug_str     0x00002588      0x1cc build/stm32h7xx_it.o
                               0x135f (size before relaxing)
 .debug_str     0x00002754       0x29 build/stm32h7xx_hal_msp.o
                                0xbc1 (size before relaxing)
 .debug_str     0x0000277d       0xfe build/stm32h7xx_hal_timebase_tim.o
                               0x139d (size before relaxing)
 .debug_str     0x0000287b      0x2f3 build/stm32h7xx_hal_cortex.o
                               0x101d (size before relaxing)
 .debug_str     0x00002b6e      0x2bd build/stm32h7xx_hal_rcc.o
                                0x997 (size before relaxing)
 .debug_str     0x00002e2b      0x678 build/stm32h7xx_hal_rcc_ex.o
                                0xed9 (size before relaxing)
 .debug_str     0x000034a3      0x149 build/stm32h7xx_hal_gpio.o
                                0x6b2 (size before relaxing)
 .debug_str     0x000035ec      0x3ae build/stm32h7xx_hal_dma.o
                                0x935 (size before relaxing)
 .debug_str     0x0000399a      0x4af build/stm32h7xx_hal_pwr_ex.o
                                0x990 (size before relaxing)
 .debug_str     0x00003e49      0x64b build/stm32h7xx_hal.o
                               0x156e (size before relaxing)
 .debug_str     0x00004494     0x14e7 build/stm32h7xx_hal_fdcan.o
                               0x1d88 (size before relaxing)
 .debug_str     0x0000597b      0x4fd build/stm32h7xx_hal_spi.o
                                0xdb0 (size before relaxing)
 .debug_str     0x00005e78      0xe36 build/stm32h7xx_hal_tim.o
                               0x180f (size before relaxing)
 .debug_str     0x00006cae      0x67d build/stm32h7xx_hal_tim_ex.o
                               0x1180 (size before relaxing)
 .debug_str     0x0000732b      0x86c build/stm32h7xx_hal_uart.o
                               0x148f (size before relaxing)
 .debug_str     0x00007b97      0x23f build/stm32h7xx_hal_uart_ex.o
                                0xb78 (size before relaxing)
 .debug_str     0x00007dd6       0x3d build/system_stm32h7xx.o
                                0x679 (size before relaxing)
 .debug_str     0x00007e13      0x136 build/list.o
                                0x2dc (size before relaxing)
 .debug_str     0x00007f49      0xe10 build/tasks.o
                               0x123a (size before relaxing)
 .debug_str     0x00008d59      0x970 build/cmsis_os.o
                               0x1048 (size before relaxing)
 .debug_str     0x000096c9      0x2c8 build/heap_4.o
                                0x4ea (size before relaxing)
 .debug_str     0x00009991      0x17d build/port.o
                                0x458 (size before relaxing)
 .debug_str     0x00009b0e   0x159ffe build/bsp_can.o
                             0x15afdd (size before relaxing)
 .debug_str     0x00163b0c     0x15a4 build/dji_motor.o
                             0x157693 (size before relaxing)
 .debug_str     0x001650b0       0x24 build/startup_stm32h723xx.o
                                 0x44 (size before relaxing)

.debug_frame    0x00000000     0x4a90
 .debug_frame   0x00000000       0x90 build/main.o
 .debug_frame   0x00000090       0x34 build/gpio.o
 .debug_frame   0x000000c4       0x58 build/freertos.o
 .debug_frame   0x0000011c       0x2c build/dma.o
 .debug_frame   0x00000148       0x94 build/fdcan.o
 .debug_frame   0x000001dc       0x64 build/spi.o
 .debug_frame   0x00000240       0x68 build/usart.o
 .debug_frame   0x000002a8      0x178 build/stm32h7xx_it.o
 .debug_frame   0x00000420       0x2c build/stm32h7xx_hal_msp.o
 .debug_frame   0x0000044c       0x50 build/stm32h7xx_hal_timebase_tim.o
 .debug_frame   0x0000049c      0x178 build/stm32h7xx_hal_cortex.o
 .debug_frame   0x00000614      0x184 build/stm32h7xx_hal_rcc.o
 .debug_frame   0x00000798      0x26c build/stm32h7xx_hal_rcc_ex.o
 .debug_frame   0x00000a04       0xd4 build/stm32h7xx_hal_gpio.o
 .debug_frame   0x00000ad8      0x1fc build/stm32h7xx_hal_dma.o
 .debug_frame   0x00000cd4      0x2d4 build/stm32h7xx_hal_pwr_ex.o
 .debug_frame   0x00000fa8      0x3c0 build/stm32h7xx_hal.o
 .debug_frame   0x00001368      0x7b4 build/stm32h7xx_hal_fdcan.o
 .debug_frame   0x00001b1c      0x4bc build/stm32h7xx_hal_spi.o
 .debug_frame   0x00001fd8      0xb70 build/stm32h7xx_hal_tim.o
 .debug_frame   0x00002b48      0x4b0 build/stm32h7xx_hal_tim_ex.o
 .debug_frame   0x00002ff8      0x680 build/stm32h7xx_hal_uart.o
 .debug_frame   0x00003678      0x1c8 build/stm32h7xx_hal_uart_ex.o
 .debug_frame   0x00003840       0x3c build/system_stm32h7xx.o
 .debug_frame   0x0000387c       0x70 build/list.o
 .debug_frame   0x000038ec      0x63c build/tasks.o
 .debug_frame   0x00003f28      0x58c build/cmsis_os.o
 .debug_frame   0x000044b4       0xd0 build/heap_4.o
 .debug_frame   0x00004584      0x110 build/port.o
 .debug_frame   0x00004694      0x150 build/bsp_can.o
 .debug_frame   0x000047e4      0x1d8 build/dji_motor.o
 .debug_frame   0x000049bc       0x2c d:/gcc-arm-none-eabi-10.3-2021.10/bin/../lib/gcc/arm-none-eabi/10.3.1/../../../../arm-none-eabi/lib/thumb/v7e-m+dp/hard\libc_nano.a(lib_a-init.o)
 .debug_frame   0x000049e8       0x28 d:/gcc-arm-none-eabi-10.3-2021.10/bin/../lib/gcc/arm-none-eabi/10.3.1/../../../../arm-none-eabi/lib/thumb/v7e-m+dp/hard\libc_nano.a(lib_a-memcpy-stub.o)
 .debug_frame   0x00004a10       0x20 d:/gcc-arm-none-eabi-10.3-2021.10/bin/../lib/gcc/arm-none-eabi/10.3.1/../../../../arm-none-eabi/lib/thumb/v7e-m+dp/hard\libc_nano.a(lib_a-memset.o)
 .debug_frame   0x00004a30       0x2c d:/gcc-arm-none-eabi-10.3-2021.10/bin/../lib/gcc/arm-none-eabi/10.3.1/thumb/v7e-m+dp/hard\libgcc.a(_aeabi_uldivmod.o)
 .debug_frame   0x00004a5c       0x34 d:/gcc-arm-none-eabi-10.3-2021.10/bin/../lib/gcc/arm-none-eabi/10.3.1/thumb/v7e-m+dp/hard\libgcc.a(_udivmoddi4.o)

.debug_macro    0x00000000    0x30567
 .debug_macro   0x00000000      0x57d build/bsp_can.o
 .debug_macro   0x0000057d      0x244 build/bsp_can.o
 .debug_macro   0x000007c1       0x2e build/bsp_can.o
 .debug_macro   0x000007ef       0x3b build/bsp_can.o
 .debug_macro   0x0000082a       0x1c build/bsp_can.o
 .debug_macro   0x00000846       0x22 build/bsp_can.o
 .debug_macro   0x00000868     0x1305 build/bsp_can.o
 .debug_macro   0x00001b6d      0x11f build/bsp_can.o
 .debug_macro   0x00001c8c       0x27 build/bsp_can.o
 .debug_macro   0x00001cb3    0x2127f build/bsp_can.o
 .debug_macro   0x00022f32       0x6d build/bsp_can.o
 .debug_macro   0x00022f9f     0x3d64 build/bsp_can.o
 .debug_macro   0x00026d03       0x5d build/bsp_can.o
 .debug_macro   0x00026d60     0x2462 build/bsp_can.o
 .debug_macro   0x000291c2     0x1079 build/bsp_can.o
 .debug_macro   0x0002a23b      0x154 build/bsp_can.o
 .debug_macro   0x0002a38f      0x114 build/bsp_can.o
 .debug_macro   0x0002a4a3      0x3fc build/bsp_can.o
 .debug_macro   0x0002a89f       0xac build/bsp_can.o
 .debug_macro   0x0002a94b      0x788 build/bsp_can.o
 .debug_macro   0x0002b0d3      0x228 build/bsp_can.o
 .debug_macro   0x0002b2fb       0x66 build/bsp_can.o
 .debug_macro   0x0002b361      0x3a6 build/bsp_can.o
 .debug_macro   0x0002b707      0x3f9 build/bsp_can.o
 .debug_macro   0x0002bb00      0x275 build/bsp_can.o
 .debug_macro   0x0002bd75      0xe42 build/bsp_can.o
 .debug_macro   0x0002cbb7      0x3ca build/bsp_can.o
 .debug_macro   0x0002cf81      0x45c build/bsp_can.o
 .debug_macro   0x0002d3dd       0x3c build/bsp_can.o
 .debug_macro   0x0002d419       0x4a build/bsp_can.o
 .debug_macro   0x0002d463      0x22c build/bsp_can.o
 .debug_macro   0x0002d68f       0x67 build/bsp_can.o
 .debug_macro   0x0002d6f6       0xa5 build/bsp_can.o
 .debug_macro   0x0002d79b      0x1c4 build/bsp_can.o
 .debug_macro   0x0002d95f      0x22a build/bsp_can.o
 .debug_macro   0x0002db89       0x35 build/bsp_can.o
 .debug_macro   0x0002dbbe      0x5e4 build/bsp_can.o
 .debug_macro   0x0002e1a2       0xc1 build/bsp_can.o
 .debug_macro   0x0002e263      0xb24 build/bsp_can.o
 .debug_macro   0x0002ed87      0x29f build/bsp_can.o
 .debug_macro   0x0002f026      0x693 build/bsp_can.o
 .debug_macro   0x0002f6b9       0xa6 build/bsp_can.o
 .debug_macro   0x0002f75f      0x5e6 build/bsp_can.o
 .debug_macro   0x0002fd45       0x16 build/bsp_can.o
 .debug_macro   0x0002fd5b      0x120 build/bsp_can.o
 .debug_macro   0x0002fe7b       0x41 build/bsp_can.o
 .debug_macro   0x0002febc       0x12 build/bsp_can.o
 .debug_macro   0x0002fece       0x1c build/bsp_can.o
 .debug_macro   0x0002feea       0x10 build/bsp_can.o
 .debug_macro   0x0002fefa       0x27 build/bsp_can.o
 .debug_macro   0x0002ff21       0x4f build/bsp_can.o
 .debug_macro   0x0002ff70       0x28 build/bsp_can.o
 .debug_macro   0x0002ff98       0x2e build/bsp_can.o
 .debug_macro   0x0002ffc6       0x19 build/bsp_can.o
 .debug_macro   0x0002ffdf       0x88 build/bsp_can.o
 .debug_macro   0x00030067       0x19 build/bsp_can.o
 .debug_macro   0x00030080       0x17 build/bsp_can.o
 .debug_macro   0x00030097       0x22 build/bsp_can.o
 .debug_macro   0x000300b9       0x20 build/bsp_can.o
 .debug_macro   0x000300d9       0x3a build/bsp_can.o
 .debug_macro   0x00030113      0x422 build/dji_motor.o
 .debug_macro   0x00030535       0x1c build/dji_motor.o
 .debug_macro   0x00030551       0x16 build/dji_motor.o

Cross Reference Table

Symbol                                            File
ADC3_IRQHandler                                   build/startup_stm32h723xx.o
ADC_IRQHandler                                    build/startup_stm32h723xx.o
Algorithm::first_order_filter_c::first_order_filter(float) build/filter.o
                                                  build/Alg_PID.o
Algorithm::first_order_filter_c::first_order_filter_c(float) build/filter.o
                                                  build/Alg_PID.o
Algorithm::first_order_filter_c::first_order_filter_c(float) build/filter.o
Algorithm::first_order_filter_c::first_order_filter_clear() build/filter.o
                                                  build/Alg_PID.o
Algorithm::first_order_filter_c::first_order_filter_init(float) build/filter.o
                                                  build/Alg_PID.o
Algorithm::pid_alg_c::ECF_PID_CLEAR()             build/Alg_PID.o
Algorithm::pid_alg_c::ECF_PID_Calculate(float)    build/Alg_PID.o
                                                  build/dji_motor.o
Algorithm::pid_alg_c::ECF_PID_ChangeActValSource(float*) build/Alg_PID.o
                                                  build/dji_motor.o
Algorithm::pid_alg_c::pid_alg_c()                 build/Alg_PID.o
Algorithm::pid_alg_c::pid_alg_c()                 build/Alg_PID.o
                                                  build/dji_motor.o
Algorithm::pid_alg_c::pid_alg_c(Algorithm::PID_Init_Config_t) build/Alg_PID.o
Algorithm::pid_alg_c::pid_alg_c(Algorithm::PID_Init_Config_t) build/Alg_PID.o
Algorithm::pid_alg_c::pid_init(Algorithm::PID_Init_Config_t) build/Alg_PID.o
                                                  build/dji_motor.o
Algorithm::sliding_mean_filter_c::sliding_mean_filter(float, int) build/filter.o
Algorithm::sliding_mean_filter_c::sliding_mean_filter_c() build/filter.o
Algorithm::sliding_mean_filter_c::sliding_mean_filter_c() build/filter.o
Algorithm::sliding_mean_filter_c::sliding_mean_filter_init() build/filter.o
BDMA_Channel0_IRQHandler                          build/startup_stm32h723xx.o
BDMA_Channel1_IRQHandler                          build/startup_stm32h723xx.o
BDMA_Channel2_IRQHandler                          build/startup_stm32h723xx.o
BDMA_Channel3_IRQHandler                          build/startup_stm32h723xx.o
BDMA_Channel4_IRQHandler                          build/startup_stm32h723xx.o
BDMA_Channel5_IRQHandler                          build/startup_stm32h723xx.o
BDMA_Channel6_IRQHandler                          build/startup_stm32h723xx.o
BDMA_Channel7_IRQHandler                          build/startup_stm32h723xx.o
BSP::Basic_DWT_c<168ul>::DWT_CntUpdate()::bit_locker build/bsp_can.o
                                                  build/dji_motor.o
BSP::Basic_DWT_c<168ul>::Get_Instance()::dwt_time build/bsp_can.o
                                                  build/dji_motor.o
BSP::CANInstance_c::CommonCallback(FDCAN_HandleTypeDef*, unsigned long) build/bsp_can.o
BSP::CANInstance_c::ECF_Transmit(float)           build/bsp_can.o
                                                  build/dji_motor.o
BSP::CANInstance_c::Filter_Config() const         build/bsp_can.o
BSP::CANInstance_c::Get_can_handle() const        build/bsp_can.o
                                                  build/dji_motor.o
BSP::CANInstance_c::Get_rx_id() const             build/bsp_can.o
                                                  build/dji_motor.o
BSP::CANInstance_c::Get_tx_id() const             build/bsp_can.o
BSP::CANInstance_c::Init(BSP::CAN_Init_Config_s, void*) build/bsp_can.o
                                                  build/dji_motor.o
BSP::CANInstance_c::instances                     build/bsp_can.o
BusFault_Handler                                  build/stm32h7xx_it.o
CEC_IRQHandler                                    build/startup_stm32h723xx.o
COMP1_IRQHandler                                  build/startup_stm32h723xx.o
CORDIC_IRQHandler                                 build/startup_stm32h723xx.o
CRS_IRQHandler                                    build/startup_stm32h723xx.o
D1CorePrescTable                                  build/system_stm32h7xx.o
                                                  build/stm32h7xx_hal.o
                                                  build/stm32h7xx_hal_rcc_ex.o
                                                  build/stm32h7xx_hal_rcc.o
DCMI_PSSI_IRQHandler                              build/startup_stm32h723xx.o
DFSDM1_FLT0_IRQHandler                            build/startup_stm32h723xx.o
DFSDM1_FLT1_IRQHandler                            build/startup_stm32h723xx.o
DFSDM1_FLT2_IRQHandler                            build/startup_stm32h723xx.o
DFSDM1_FLT3_IRQHandler                            build/startup_stm32h723xx.o
DMA1_Stream0_IRQHandler                           build/stm32h7xx_it.o
DMA1_Stream1_IRQHandler                           build/stm32h7xx_it.o
DMA1_Stream2_IRQHandler                           build/stm32h7xx_it.o
DMA1_Stream3_IRQHandler                           build/startup_stm32h723xx.o
DMA1_Stream4_IRQHandler                           build/startup_stm32h723xx.o
DMA1_Stream5_IRQHandler                           build/startup_stm32h723xx.o
DMA1_Stream6_IRQHandler                           build/startup_stm32h723xx.o
DMA1_Stream7_IRQHandler                           build/startup_stm32h723xx.o
DMA2D_IRQHandler                                  build/startup_stm32h723xx.o
DMA2_Stream0_IRQHandler                           build/startup_stm32h723xx.o
DMA2_Stream1_IRQHandler                           build/startup_stm32h723xx.o
DMA2_Stream2_IRQHandler                           build/startup_stm32h723xx.o
DMA2_Stream3_IRQHandler                           build/startup_stm32h723xx.o
DMA2_Stream4_IRQHandler                           build/startup_stm32h723xx.o
DMA2_Stream5_IRQHandler                           build/startup_stm32h723xx.o
DMA2_Stream6_IRQHandler                           build/startup_stm32h723xx.o
DMA2_Stream7_IRQHandler                           build/startup_stm32h723xx.o
DMAMUX1_OVR_IRQHandler                            build/startup_stm32h723xx.o
DMAMUX2_OVR_IRQHandler                            build/startup_stm32h723xx.o
DTS_IRQHandler                                    build/startup_stm32h723xx.o
DebugMon_Handler                                  build/stm32h7xx_it.o
Default_Handler                                   build/startup_stm32h723xx.o
ECC_IRQHandler                                    build/startup_stm32h723xx.o
ETH_IRQHandler                                    build/startup_stm32h723xx.o
ETH_WKUP_IRQHandler                               build/startup_stm32h723xx.o
EXTI0_IRQHandler                                  build/startup_stm32h723xx.o
EXTI15_10_IRQHandler                              build/startup_stm32h723xx.o
EXTI1_IRQHandler                                  build/startup_stm32h723xx.o
EXTI2_IRQHandler                                  build/startup_stm32h723xx.o
EXTI3_IRQHandler                                  build/startup_stm32h723xx.o
EXTI4_IRQHandler                                  build/startup_stm32h723xx.o
EXTI9_5_IRQHandler                                build/startup_stm32h723xx.o
Error_Handler                                     build/main.o
                                                  build/bsp_can.o
                                                  build/usart.o
                                                  build/spi.o
                                                  build/fdcan.o
FDCAN1_IT0_IRQHandler                             build/stm32h7xx_it.o
FDCAN1_IT1_IRQHandler                             build/startup_stm32h723xx.o
FDCAN2_IT0_IRQHandler                             build/stm32h7xx_it.o
FDCAN2_IT1_IRQHandler                             build/stm32h7xx_it.o
FDCAN3_IT0_IRQHandler                             build/stm32h7xx_it.o
FDCAN3_IT1_IRQHandler                             build/stm32h7xx_it.o
FDCAN_CAL_IRQHandler                              build/startup_stm32h723xx.o
FLASH_CRC_WaitForLastOperation                    build/stm32h7xx_hal_flash.o
                                                  build/stm32h7xx_hal_flash_ex.o
FLASH_Erase_Sector                                build/stm32h7xx_hal_flash_ex.o
                                                  build/stm32h7xx_hal_flash.o
FLASH_IRQHandler                                  build/startup_stm32h723xx.o
FLASH_OB_WaitForLastOperation                     build/stm32h7xx_hal_flash.o
                                                  build/stm32h7xx_hal_flash_ex.o
FLASH_WaitForLastOperation                        build/stm32h7xx_hal_flash.o
                                                  build/stm32h7xx_hal_flash_ex.o
FMAC_IRQHandler                                   build/startup_stm32h723xx.o
FMC_IRQHandler                                    build/startup_stm32h723xx.o
FPU_IRQHandler                                    build/startup_stm32h723xx.o
HAL_DBGMCU_DisableDBGSleepMode                    build/stm32h7xx_hal.o
HAL_DBGMCU_DisableDBGStandbyMode                  build/stm32h7xx_hal.o
HAL_DBGMCU_DisableDBGStopMode                     build/stm32h7xx_hal.o
HAL_DBGMCU_EnableDBGSleepMode                     build/stm32h7xx_hal.o
HAL_DBGMCU_EnableDBGStandbyMode                   build/stm32h7xx_hal.o
HAL_DBGMCU_EnableDBGStopMode                      build/stm32h7xx_hal.o
HAL_DMAEx_ChangeMemory                            build/stm32h7xx_hal_dma_ex.o
HAL_DMAEx_ConfigMuxRequestGenerator               build/stm32h7xx_hal_dma_ex.o
HAL_DMAEx_ConfigMuxSync                           build/stm32h7xx_hal_dma_ex.o
HAL_DMAEx_DisableMuxRequestGenerator              build/stm32h7xx_hal_dma_ex.o
HAL_DMAEx_EnableMuxRequestGenerator               build/stm32h7xx_hal_dma_ex.o
HAL_DMAEx_MUX_IRQHandler                          build/stm32h7xx_hal_dma_ex.o
HAL_DMAEx_MultiBufferStart                        build/stm32h7xx_hal_dma_ex.o
HAL_DMAEx_MultiBufferStart_IT                     build/stm32h7xx_hal_dma_ex.o
HAL_DMA_Abort                                     build/stm32h7xx_hal_dma.o
                                                  build/stm32h7xx_hal_uart.o
                                                  build/stm32h7xx_hal_spi.o
HAL_DMA_Abort_IT                                  build/stm32h7xx_hal_dma.o
                                                  build/stm32h7xx_hal_uart.o
                                                  build/stm32h7xx_hal_tim_ex.o
                                                  build/stm32h7xx_hal_tim.o
                                                  build/stm32h7xx_hal_spi.o
                                                  build/stm32h7xx_hal_i2c.o
HAL_DMA_DeInit                                    build/stm32h7xx_hal_dma.o
                                                  build/usart.o
                                                  build/spi.o
HAL_DMA_GetError                                  build/stm32h7xx_hal_dma.o
                                                  build/stm32h7xx_hal_uart.o
                                                  build/stm32h7xx_hal_spi.o
                                                  build/stm32h7xx_hal_i2c.o
HAL_DMA_GetState                                  build/stm32h7xx_hal_dma.o
                                                  build/stm32h7xx_hal_i2c.o
HAL_DMA_IRQHandler                                build/stm32h7xx_hal_dma.o
                                                  build/stm32h7xx_it.o
HAL_DMA_Init                                      build/stm32h7xx_hal_dma.o
                                                  build/usart.o
                                                  build/spi.o
HAL_DMA_PollForTransfer                           build/stm32h7xx_hal_dma.o
HAL_DMA_RegisterCallback                          build/stm32h7xx_hal_dma.o
HAL_DMA_Start                                     build/stm32h7xx_hal_dma.o
HAL_DMA_Start_IT                                  build/stm32h7xx_hal_dma.o
                                                  build/stm32h7xx_hal_uart.o
                                                  build/stm32h7xx_hal_tim_ex.o
                                                  build/stm32h7xx_hal_tim.o
                                                  build/stm32h7xx_hal_spi.o
                                                  build/stm32h7xx_hal_i2c.o
HAL_DMA_UnRegisterCallback                        build/stm32h7xx_hal_dma.o
HAL_DeInit                                        build/stm32h7xx_hal.o
HAL_Delay                                         build/stm32h7xx_hal.o
HAL_DisableCompensationCell                       build/stm32h7xx_hal.o
HAL_DisableDomain3DBGStandbyMode                  build/stm32h7xx_hal.o
HAL_DisableDomain3DBGStopMode                     build/stm32h7xx_hal.o
HAL_EXTI_ClearConfigLine                          build/stm32h7xx_hal_exti.o
HAL_EXTI_ClearPending                             build/stm32h7xx_hal_exti.o
HAL_EXTI_D1_ClearFlag                             build/stm32h7xx_hal.o
HAL_EXTI_D1_EventInputConfig                      build/stm32h7xx_hal.o
HAL_EXTI_D3_EventInputConfig                      build/stm32h7xx_hal.o
HAL_EXTI_EdgeConfig                               build/stm32h7xx_hal.o
HAL_EXTI_GenerateSWI                              build/stm32h7xx_hal_exti.o
HAL_EXTI_GenerateSWInterrupt                      build/stm32h7xx_hal.o
HAL_EXTI_GetConfigLine                            build/stm32h7xx_hal_exti.o
HAL_EXTI_GetHandle                                build/stm32h7xx_hal_exti.o
HAL_EXTI_GetPending                               build/stm32h7xx_hal_exti.o
HAL_EXTI_IRQHandler                               build/stm32h7xx_hal_exti.o
HAL_EXTI_RegisterCallback                         build/stm32h7xx_hal_exti.o
HAL_EXTI_SetConfigLine                            build/stm32h7xx_hal_exti.o
HAL_EnableCompensationCell                        build/stm32h7xx_hal.o
HAL_EnableDomain3DBGStandbyMode                   build/stm32h7xx_hal.o
HAL_EnableDomain3DBGStopMode                      build/stm32h7xx_hal.o
HAL_FDCAN_AbortTxRequest                          build/stm32h7xx_hal_fdcan.o
HAL_FDCAN_ActivateNotification                    build/stm32h7xx_hal_fdcan.o
                                                  build/bsp_can.o
HAL_FDCAN_AddMessageToTxBuffer                    build/stm32h7xx_hal_fdcan.o
HAL_FDCAN_AddMessageToTxFifoQ                     build/stm32h7xx_hal_fdcan.o
                                                  build/bsp_can.o
HAL_FDCAN_ClockCalibrationCallback                build/stm32h7xx_hal_fdcan.o
HAL_FDCAN_ConfigClockCalibration                  build/stm32h7xx_hal_fdcan.o
HAL_FDCAN_ConfigExtendedIdMask                    build/stm32h7xx_hal_fdcan.o
HAL_FDCAN_ConfigFifoWatermark                     build/stm32h7xx_hal_fdcan.o
HAL_FDCAN_ConfigFilter                            build/stm32h7xx_hal_fdcan.o
                                                  build/bsp_can.o
HAL_FDCAN_ConfigGlobalFilter                      build/stm32h7xx_hal_fdcan.o
HAL_FDCAN_ConfigInterruptLines                    build/stm32h7xx_hal_fdcan.o
HAL_FDCAN_ConfigRamWatchdog                       build/stm32h7xx_hal_fdcan.o
HAL_FDCAN_ConfigRxFifoOverwrite                   build/stm32h7xx_hal_fdcan.o
HAL_FDCAN_ConfigTimeoutCounter                    build/stm32h7xx_hal_fdcan.o
HAL_FDCAN_ConfigTimestampCounter                  build/stm32h7xx_hal_fdcan.o
HAL_FDCAN_ConfigTxDelayCompensation               build/stm32h7xx_hal_fdcan.o
HAL_FDCAN_DeInit                                  build/stm32h7xx_hal_fdcan.o
HAL_FDCAN_DeactivateNotification                  build/stm32h7xx_hal_fdcan.o