Archive member included to satisfy reference by file (symbol)

d:/gcc-arm-none-eabi-10.3-2021.10/bin/../lib/gcc/arm-none-eabi/10.3.1/../../../../arm-none-eabi/lib/thumb/v7e-m+dp/hard\libstdc++_nano.a(guard.o)
                              build/bsp_can.o (__cxa_guard_acquire)
d:/gcc-arm-none-eabi-10.3-2021.10/bin/../lib/gcc/arm-none-eabi/10.3.1/../../../../arm-none-eabi/lib/thumb/v7e-m+dp/hard\libc_nano.a(lib_a-errno.o)
                              build/sysmem.o (__errno)
d:/gcc-arm-none-eabi-10.3-2021.10/bin/../lib/gcc/arm-none-eabi/10.3.1/../../../../arm-none-eabi/lib/thumb/v7e-m+dp/hard\libc_nano.a(lib_a-exit.o)
                              d:/gcc-arm-none-eabi-10.3-2021.10/bin/../lib/gcc/arm-none-eabi/10.3.1/../../../../arm-none-eabi/lib/thumb/v7e-m+dp/hard/crt0.o (exit)
d:/gcc-arm-none-eabi-10.3-2021.10/bin/../lib/gcc/arm-none-eabi/10.3.1/../../../../arm-none-eabi/lib/thumb/v7e-m+dp/hard\libc_nano.a(lib_a-impure.o)
                              d:/gcc-arm-none-eabi-10.3-2021.10/bin/../lib/gcc/arm-none-eabi/10.3.1/../../../../arm-none-eabi/lib/thumb/v7e-m+dp/hard\libc_nano.a(lib_a-exit.o) (_global_impure_ptr)
d:/gcc-arm-none-eabi-10.3-2021.10/bin/../lib/gcc/arm-none-eabi/10.3.1/../../../../arm-none-eabi/lib/thumb/v7e-m+dp/hard\libc_nano.a(lib_a-init.o)
                              d:/gcc-arm-none-eabi-10.3-2021.10/bin/../lib/gcc/arm-none-eabi/10.3.1/../../../../arm-none-eabi/lib/thumb/v7e-m+dp/hard/crt0.o (__libc_init_array)
d:/gcc-arm-none-eabi-10.3-2021.10/bin/../lib/gcc/arm-none-eabi/10.3.1/../../../../arm-none-eabi/lib/thumb/v7e-m+dp/hard\libc_nano.a(lib_a-memcpy-stub.o)
                              build/stm32h7xx_hal_fdcan.o (memcpy)
d:/gcc-arm-none-eabi-10.3-2021.10/bin/../lib/gcc/arm-none-eabi/10.3.1/../../../../arm-none-eabi/lib/thumb/v7e-m+dp/hard\libc_nano.a(lib_a-memset.o)
                              d:/gcc-arm-none-eabi-10.3-2021.10/bin/../lib/gcc/arm-none-eabi/10.3.1/../../../../arm-none-eabi/lib/thumb/v7e-m+dp/hard/crt0.o (memset)
d:/gcc-arm-none-eabi-10.3-2021.10/bin/../lib/gcc/arm-none-eabi/10.3.1/thumb/v7e-m+dp/hard\libgcc.a(_arm_addsubsf3.o)
                              build/bsp_can.o (__aeabi_ul2f)
d:/gcc-arm-none-eabi-10.3-2021.10/bin/../lib/gcc/arm-none-eabi/10.3.1/thumb/v7e-m+dp/hard\libgcc.a(_aeabi_uldivmod.o)
                              build/stm32h7xx_hal_uart.o (__aeabi_uldivmod)
d:/gcc-arm-none-eabi-10.3-2021.10/bin/../lib/gcc/arm-none-eabi/10.3.1/thumb/v7e-m+dp/hard\libgcc.a(_fixunssfdi.o)
                              build/bsp_can.o (__aeabi_f2ulz)
d:/gcc-arm-none-eabi-10.3-2021.10/bin/../lib/gcc/arm-none-eabi/10.3.1/thumb/v7e-m+dp/hard\libgcc.a(_udivmoddi4.o)
                              d:/gcc-arm-none-eabi-10.3-2021.10/bin/../lib/gcc/arm-none-eabi/10.3.1/thumb/v7e-m+dp/hard\libgcc.a(_aeabi_uldivmod.o) (__udivmoddi4)
d:/gcc-arm-none-eabi-10.3-2021.10/bin/../lib/gcc/arm-none-eabi/10.3.1/thumb/v7e-m+dp/hard\libgcc.a(_dvmd_tls.o)
                              d:/gcc-arm-none-eabi-10.3-2021.10/bin/../lib/gcc/arm-none-eabi/10.3.1/thumb/v7e-m+dp/hard\libgcc.a(_aeabi_uldivmod.o) (__aeabi_ldiv0)

Discarded input sections

 .text          0x00000000        0x0 d:/gcc-arm-none-eabi-10.3-2021.10/bin/../lib/gcc/arm-none-eabi/10.3.1/thumb/v7e-m+dp/hard/crti.o
 .data          0x00000000        0x0 d:/gcc-arm-none-eabi-10.3-2021.10/bin/../lib/gcc/arm-none-eabi/10.3.1/thumb/v7e-m+dp/hard/crti.o
 .bss           0x00000000        0x0 d:/gcc-arm-none-eabi-10.3-2021.10/bin/../lib/gcc/arm-none-eabi/10.3.1/thumb/v7e-m+dp/hard/crti.o
 .data          0x00000000        0x4 d:/gcc-arm-none-eabi-10.3-2021.10/bin/../lib/gcc/arm-none-eabi/10.3.1/thumb/v7e-m+dp/hard/crtbegin.o
 .rodata        0x00000000       0x24 d:/gcc-arm-none-eabi-10.3-2021.10/bin/../lib/gcc/arm-none-eabi/10.3.1/thumb/v7e-m+dp/hard/crtbegin.o
 .text          0x00000000       0x7c d:/gcc-arm-none-eabi-10.3-2021.10/bin/../lib/gcc/arm-none-eabi/10.3.1/../../../../arm-none-eabi/lib/thumb/v7e-m+dp/hard/crt0.o
 .data          0x00000000        0x0 d:/gcc-arm-none-eabi-10.3-2021.10/bin/../lib/gcc/arm-none-eabi/10.3.1/../../../../arm-none-eabi/lib/thumb/v7e-m+dp/hard/crt0.o
 .bss           0x00000000        0x0 d:/gcc-arm-none-eabi-10.3-2021.10/bin/../lib/gcc/arm-none-eabi/10.3.1/../../../../arm-none-eabi/lib/thumb/v7e-m+dp/hard/crt0.o
 .ARM.extab     0x00000000        0x0 d:/gcc-arm-none-eabi-10.3-2021.10/bin/../lib/gcc/arm-none-eabi/10.3.1/../../../../arm-none-eabi/lib/thumb/v7e-m+dp/hard/crt0.o
 .ARM.exidx     0x00000000       0x10 d:/gcc-arm-none-eabi-10.3-2021.10/bin/../lib/gcc/arm-none-eabi/10.3.1/../../../../arm-none-eabi/lib/thumb/v7e-m+dp/hard/crt0.o
 .ARM.attributes
                0x00000000       0x1c d:/gcc-arm-none-eabi-10.3-2021.10/bin/../lib/gcc/arm-none-eabi/10.3.1/../../../../arm-none-eabi/lib/thumb/v7e-m+dp/hard/crt0.o
 .text          0x00000000        0x0 build/gpio.o
 .data          0x00000000        0x0 build/gpio.o
 .bss           0x00000000        0x0 build/gpio.o
[...]
Memory Configuration

Name             Origin             Length             Attributes
DTCMRAM          0x20000000         0x00020000         xrw
RAM              0x24000000         0x00020000         xrw
RAM_D2           0x30000000         0x00008000         xrw
RAM_D3           0x38000000         0x00004000         xrw
ITCMRAM          0x00000000         0x00010000         xrw
FLASH            0x08000000         0x00080000         xr
*default*        0x00000000         0xffffffff

Linker script and memory map

LOAD d:/gcc-arm-none-eabi-10.3-2021.10/bin/../lib/gcc/arm-none-eabi/10.3.1/thumb/v7e-m+dp/hard/crti.o
LOAD d:/gcc-arm-none-eabi-10.3-2021.10/bin/../lib/gcc/arm-none-eabi/10.3.1/thumb/v7e-m+dp/hard/crtbegin.o
LOAD d:/gcc-arm-none-eabi-10.3-2021.10/bin/../lib/gcc/arm-none-eabi/10.3.1/../../../../arm-none-eabi/lib/thumb/v7e-m+dp/hard/crt0.o
LOAD build/gpio.o
LOAD build/freertos.o
LOAD build/dma.o
LOAD build/fdcan.o
LOAD build/spi.o
LOAD build/usart.o
LOAD build/stm32h7xx_it.o
LOAD build/stm32h7xx_hal_msp.o
LOAD build/stm32h7xx_hal_timebase_tim.o
LOAD build/stm32h7xx_hal_cortex.o
LOAD build/stm32h7xx_hal_rcc.o
LOAD build/stm32h7xx_hal_rcc_ex.o
LOAD build/stm32h7xx_hal_flash.o
LOAD build/stm32h7xx_hal_flash_ex.o
LOAD build/stm32h7xx_hal_gpio.o
LOAD build/stm32h7xx_hal_hsem.o
LOAD build/stm32h7xx_hal_dma.o
LOAD build/stm32h7xx_hal_dma_ex.o
LOAD build/stm32h7xx_hal_mdma.o
LOAD build/stm32h7xx_hal_pwr.o
LOAD build/stm32h7xx_hal_pwr_ex.o
LOAD build/stm32h7xx_hal.o
LOAD build/stm32h7xx_hal_i2c.o
LOAD build/stm32h7xx_hal_i2c_ex.o
LOAD build/stm32h7xx_hal_exti.o
LOAD build/stm32h7xx_hal_fdcan.o
LOAD build/stm32h7xx_hal_spi.o
LOAD build/stm32h7xx_hal_spi_ex.o
LOAD build/stm32h7xx_hal_tim.o
LOAD build/stm32h7xx_hal_tim_ex.o
LOAD build/stm32h7xx_hal_uart.o
LOAD build/stm32h7xx_hal_uart_ex.o
LOAD build/system_stm32h7xx.o
LOAD build/croutine.o
LOAD build/event_groups.o
LOAD build/list.o
LOAD build/queue.o
LOAD build/stream_buffer.o
LOAD build/tasks.o
LOAD build/timers.o
LOAD build/cmsis_os.o
LOAD build/heap_4.o
LOAD build/port.o
LOAD build/sysmem.o
LOAD build/syscalls.o
LOAD build/real_main.o
LOAD build/Alg_PID.o
LOAD build/bsp_can.o
LOAD build/dji_motor.o
LOAD build/filter.o
LOAD build/Motor_General_def.o
LOAD build/user_maths.o
LOAD build/startup_stm32h723xx.o
LOAD d:/gcc-arm-none-eabi-10.3-2021.10/bin/../lib/gcc/arm-none-eabi/10.3.1/../../../../arm-none-eabi/lib/thumb/v7e-m+dp/hard\libstdc++_nano.a
LOAD d:/gcc-arm-none-eabi-10.3-2021.10/bin/../lib/gcc/arm-none-eabi/10.3.1/../../../../arm-none-eabi/lib/thumb/v7e-m+dp/hard\libc_nano.a
LOAD d:/gcc-arm-none-eabi-10.3-2021.10/bin/../lib/gcc/arm-none-eabi/10.3.1/../../../../arm-none-eabi/lib/thumb/v7e-m+dp/hard\libm.a
LOAD d:/gcc-arm-none-eabi-10.3-2021.10/bin/../lib/gcc/arm-none-eabi/10.3.1/../../../../arm-none-eabi/lib/thumb/v7e-m+dp/hard\libnosys.a
START GROUP
LOAD d:/gcc-arm-none-eabi-10.3-2021.10/bin/../lib/gcc/arm-none-eabi/10.3.1/thumb/v7e-m+dp/hard\libgcc.a
LOAD d:/gcc-arm-none-eabi-10.3-2021.10/bin/../lib/gcc/arm-none-eabi/10.3.1/../../../../arm-none-eabi/lib/thumb/v7e-m+dp/hard\libc_nano.a
END GROUP
START GROUP
LOAD d:/gcc-arm-none-eabi-10.3-2021.10/bin/../lib/gcc/arm-none-eabi/10.3.1/thumb/v7e-m+dp/hard\libgcc.a
LOAD d:/gcc-arm-none-eabi-10.3-2021.10/bin/../lib/gcc/arm-none-eabi/10.3.1/../../../../arm-none-eabi/lib/thumb/v7e-m+dp/hard\libc_nano.a
END GROUP
LOAD d:/gcc-arm-none-eabi-10.3-2021.10/bin/../lib/gcc/arm-none-eabi/10.3.1/thumb/v7e-m+dp/hard/crtend.o
LOAD d:/gcc-arm-none-eabi-10.3-2021.10/bin/../lib/gcc/arm-none-eabi/10.3.1/thumb/v7e-m+dp/hard/crtn.o
                0x24020000                _estack = (ORIGIN (RAM) + LENGTH (RAM))
                0x00004000                _Min_Heap_Size = 0x4000
                0x00004000                _Min_Stack_Size = 0x4000

.isr_vector     0x08000000      0x2cc
                0x08000000                . = ALIGN (0x4)
 *(.isr_vector)
 .isr_vector    0x08000000      0x2cc build/startup_stm32h723xx.o
                0x08000000                g_pfnVectors
                0x080002cc                . = ALIGN (0x4)

.text           0x080002d0     0x7320
                0x080002d0                . = ALIGN (0x4)
 *(.text)
 .text          0x080002d0       0x40 d:/gcc-arm-none-eabi-10.3-2021.10/bin/../lib/gcc/arm-none-eabi/10.3.1/thumb/v7e-m+dp/hard/crtbegin.o
 .text          0x08000310       0x30 d:/gcc-arm-none-eabi-10.3-2021.10/bin/../lib/gcc/arm-none-eabi/10.3.1/thumb/v7e-m+dp/hard\libgcc.a(_aeabi_uldivmod.o)
                0x08000310                __aeabi_uldivmod
 .text          0x08000340      0x2d0 d:/gcc-arm-none-eabi-10.3-2021.10/bin/../lib/gcc/arm-none-eabi/10.3.1/thumb/v7e-m+dp/hard\libgcc.a(_udivmoddi4.o)
                0x08000340                __udivmoddi4
 .text          0x08000610        0x4 d:/gcc-arm-none-eabi-10.3-2021.10/bin/../lib/gcc/arm-none-eabi/10.3.1/thumb/v7e-m+dp/hard\libgcc.a(_dvmd_tls.o)
                0x08000610                __aeabi_idiv0
                0x08000610                __aeabi_ldiv0
 *(.text*)
 .text.MX_GPIO_Init
                0x08000614      0x110 build/gpio.o
                0x08000614                MX_GPIO_Init
 .text.StartDefaultTask
                0x08000724        0xa build/freertos.o
                0x08000724                StartDefaultTask
 *fill*         0x0800072e        0x2 
 .text.vApplicationGetIdleTaskMemory
                0x08000730       0x18 build/freertos.o
                0x08000730                vApplicationGetIdleTaskMemory
 .text.MX_FREERTOS_Init
                0x08000748       0x30 build/freertos.o
                0x08000748                MX_FREERTOS_Init
 .text.MX_DMA_Init
                0x08000778       0x58 build/dma.o
                0x08000778                MX_DMA_Init
 .text.MX_FDCAN1_Init
                0x080007d0       0x68 build/fdcan.o
                0x080007d0                MX_FDCAN1_Init
 .text.MX_FDCAN2_Init
                0x08000838       0x68 build/fdcan.o
                0x08000838                MX_FDCAN2_Init
 .text.MX_FDCAN3_Init
                0x080008a0       0x68 build/fdcan.o
                0x080008a0                MX_FDCAN3_Init
 .text.HAL_FDCAN_MspInit
                0x08000908      0x218 build/fdcan.o
                0x08000908                HAL_FDCAN_MspInit
 .text.MX_SPI2_Init
                0x08000b20       0x60 build/spi.o
                0x08000b20                MX_SPI2_Init
 .text.HAL_SPI_MspInit
                0x08000b80      0x150 build/spi.o
                0x08000b80                HAL_SPI_MspInit
 .text.MX_UART5_Init
                0x08000cd0       0x78 build/usart.o
                0x08000cd0                MX_UART5_Init
 .text.HAL_UART_MspInit
                0x08000d48      0x11c build/usart.o
                0x08000d48                HAL_UART_MspInit
 .text.NMI_Handler
                0x08000e64        0x2 build/stm32h7xx_it.o
                0x08000e64                NMI_Handler
 .text.HardFault_Handler
                0x08000e66        0x2 build/stm32h7xx_it.o
                0x08000e66                HardFault_Handler
 .text.MemManage_Handler
                0x08000e68        0x2 build/stm32h7xx_it.o
                0x08000e68                MemManage_Handler
 .text.BusFault_Handler
                0x08000e6a        0x2 build/stm32h7xx_it.o
                0x08000e6a                BusFault_Handler
 .text.UsageFault_Handler
                0x08000e6c        0x2 build/stm32h7xx_it.o
                0x08000e6c                UsageFault_Handler
 .text.DebugMon_Handler
                0x08000e6e        0x2 build/stm32h7xx_it.o
                0x08000e6e                DebugMon_Handler
 .text.DMA1_Stream0_IRQHandler
                0x08000e70       0x10 build/stm32h7xx_it.o
                0x08000e70                DMA1_Stream0_IRQHandler
 .text.DMA1_Stream1_IRQHandler
                0x08000e80       0x10 build/stm32h7xx_it.o
                0x08000e80                DMA1_Stream1_IRQHandler
 .text.DMA1_Stream2_IRQHandler
                0x08000e90       0x10 build/stm32h7xx_it.o
                0x08000e90                DMA1_Stream2_IRQHandler
 .text.FDCAN1_IT0_IRQHandler
                0x08000ea0       0x10 build/stm32h7xx_it.o
                0x08000ea0                FDCAN1_IT0_IRQHandler
 .text.FDCAN2_IT0_IRQHandler
                0x08000eb0       0x10 build/stm32h7xx_it.o
                0x08000eb0                FDCAN2_IT0_IRQHandler
 .text.FDCAN2_IT1_IRQHandler
                0x08000ec0       0x10 build/stm32h7xx_it.o
                0x08000ec0                FDCAN2_IT1_IRQHandler
 .text.TIM2_IRQHandler
                0x08000ed0       0x10 build/stm32h7xx_it.o
                0x08000ed0                TIM2_IRQHandler
 .text.SPI2_IRQHandler
                0x08000ee0       0x10 build/stm32h7xx_it.o
                0x08000ee0                SPI2_IRQHandler
 .text.UART5_IRQHandler
                0x08000ef0       0x10 build/stm32h7xx_it.o
                0x08000ef0                UART5_IRQHandler
 .text.FDCAN3_IT0_IRQHandler
                0x08000f00       0x10 build/stm32h7xx_it.o
                0x08000f00                FDCAN3_IT0_IRQHandler
 .text.FDCAN3_IT1_IRQHandler
                0x08000f10       0x10 build/stm32h7xx_it.o
                0x08000f10                FDCAN3_IT1_IRQHandler
 .text.HAL_MspInit
                0x08000f20       0x34 build/stm32h7xx_hal_msp.o
                0x08000f20                HAL_MspInit
 .text.HAL_InitTick
                0x08000f54       0x9c build/stm32h7xx_hal_timebase_tim.o
                0x08000f54                HAL_InitTick
 .text.HAL_NVIC_SetPriorityGrouping
                0x08000ff0       0x24 build/stm32h7xx_hal_cortex.o
                0x08000ff0                HAL_NVIC_SetPriorityGrouping
 .text.HAL_NVIC_SetPriority
                0x08001014       0x6c build/stm32h7xx_hal_cortex.o
                0x08001014                HAL_NVIC_SetPriority
 .text.HAL_NVIC_EnableIRQ
                0x08001080       0x1c build/stm32h7xx_hal_cortex.o
                0x08001080                HAL_NVIC_EnableIRQ
 .text.HAL_MPU_Disable
                0x0800109c       0x1c build/stm32h7xx_hal_cortex.o
                0x0800109c                HAL_MPU_Disable
 .text.HAL_MPU_Enable
                0x080010b8       0x20 build/stm32h7xx_hal_cortex.o
                0x080010b8                HAL_MPU_Enable
 .text.HAL_MPU_ConfigRegion
                0x080010d8       0x58 build/stm32h7xx_hal_cortex.o
                0x080010d8                HAL_MPU_ConfigRegion
 .text.HAL_RCC_OscConfig
                0x08001130      0x5ec build/stm32h7xx_hal_rcc.o
                0x08001130                HAL_RCC_OscConfig
 .text.HAL_RCC_GetSysClockFreq
                0x0800171c      0x1f4 build/stm32h7xx_hal_rcc.o
                0x0800171c                HAL_RCC_GetSysClockFreq
 .text.HAL_RCC_ClockConfig
                0x08001910      0x294 build/stm32h7xx_hal_rcc.o
                0x08001910                HAL_RCC_ClockConfig
 .text.HAL_RCC_GetHCLKFreq
                0x08001ba4       0x44 build/stm32h7xx_hal_rcc.o
                0x08001ba4                HAL_RCC_GetHCLKFreq
 .text.HAL_RCC_GetPCLK1Freq
                0x08001be8       0x24 build/stm32h7xx_hal_rcc.o
                0x08001be8                HAL_RCC_GetPCLK1Freq
 .text.HAL_RCC_GetPCLK2Freq
                0x08001c0c       0x24 build/stm32h7xx_hal_rcc.o
                0x08001c0c                HAL_RCC_GetPCLK2Freq
 .text.HAL_RCC_GetClockConfig
                0x08001c30       0x54 build/stm32h7xx_hal_rcc.o
                0x08001c30                HAL_RCC_GetClockConfig
 .text.RCCEx_PLL2_Config
                0x08001c84      0x10c build/stm32h7xx_hal_rcc_ex.o
 .text.RCCEx_PLL3_Config
                0x08001d90      0x10c build/stm32h7xx_hal_rcc_ex.o
 .text.HAL_RCCEx_PeriphCLKConfig
                0x08001e9c      0xa0c build/stm32h7xx_hal_rcc_ex.o
                0x08001e9c                HAL_RCCEx_PeriphCLKConfig
 .text.HAL_RCCEx_GetD3PCLK1Freq
                0x080028a8       0x24 build/stm32h7xx_hal_rcc_ex.o
                0x080028a8                HAL_RCCEx_GetD3PCLK1Freq
 .text.HAL_RCCEx_GetPLL2ClockFreq
                0x080028cc      0x1f8 build/stm32h7xx_hal_rcc_ex.o
                0x080028cc                HAL_RCCEx_GetPLL2ClockFreq
 .text.HAL_RCCEx_GetPLL3ClockFreq
                0x08002ac4      0x1f8 build/stm32h7xx_hal_rcc_ex.o
                0x08002ac4                HAL_RCCEx_GetPLL3ClockFreq
 .text.HAL_GPIO_Init
                0x08002cbc      0x214 build/stm32h7xx_hal_gpio.o
                0x08002cbc                HAL_GPIO_Init
 .text.HAL_GPIO_WritePin
                0x08002ed0        0xc build/stm32h7xx_hal_gpio.o
                0x08002ed0                HAL_GPIO_WritePin
 .text.DMA_CalcBaseAndBitshift
                0x08002edc       0xb4 build/stm32h7xx_hal_dma.o
 .text.DMA_CheckFifoParam
                0x08002f90       0x92 build/stm32h7xx_hal_dma.o
 *fill*         0x08003022        0x2 
 .text.DMA_CalcDMAMUXChannelBaseAndMask
                0x08003024       0xb0 build/stm32h7xx_hal_dma.o
 .text.DMA_CalcDMAMUXRequestGenBaseAndMask
                0x080030d4       0x7c build/stm32h7xx_hal_dma.o
 .text.HAL_DMA_Init
                0x08003150      0x394 build/stm32h7xx_hal_dma.o
                0x08003150                HAL_DMA_Init
 .text.HAL_DMA_Abort
                0x080034e4      0x340 build/stm32h7xx_hal_dma.o
                0x080034e4                HAL_DMA_Abort
 .text.HAL_DMA_Abort_IT
                0x08003824      0x270 build/stm32h7xx_hal_dma.o
                0x08003824                HAL_DMA_Abort_IT
 .text.HAL_DMA_IRQHandler
                0x08003a94      0x738 build/stm32h7xx_hal_dma.o
                0x08003a94                HAL_DMA_IRQHandler
 .text.HAL_PWREx_ConfigSupply
                0x080041cc       0x54 build/stm32h7xx_hal_pwr_ex.o
                0x080041cc                HAL_PWREx_ConfigSupply
 .text.HAL_Init
                0x08004220       0x5c build/stm32h7xx_hal.o
                0x08004220                HAL_Init
 .text.HAL_IncTick
                0x0800427c       0x18 build/stm32h7xx_hal.o
                0x0800427c                HAL_IncTick
 .text.HAL_GetTick
                0x08004294        0xc build/stm32h7xx_hal.o
                0x08004294                HAL_GetTick
 .text.FDCAN_CalcultateRamBlockAddresses
                0x080042a0      0x1d4 build/stm32h7xx_hal_fdcan.o
 .text.HAL_FDCAN_Init
                0x08004474      0x294 build/stm32h7xx_hal_fdcan.o
                0x08004474                HAL_FDCAN_Init
 .text.HAL_FDCAN_GetRxMessage
                0x08004708      0x1e8 build/stm32h7xx_hal_fdcan.o
                0x08004708                HAL_FDCAN_GetRxMessage
 .text.HAL_FDCAN_GetRxFifoFillLevel
                0x080048f0       0x1c build/stm32h7xx_hal_fdcan.o
                0x080048f0                HAL_FDCAN_GetRxFifoFillLevel
 .text.HAL_FDCAN_ClockCalibrationCallback
                0x0800490c        0x2 build/stm32h7xx_hal_fdcan.o
                0x0800490c                HAL_FDCAN_ClockCalibrationCallback
 .text.HAL_FDCAN_TxEventFifoCallback
                0x0800490e        0x2 build/stm32h7xx_hal_fdcan.o
                0x0800490e                HAL_FDCAN_TxEventFifoCallback
 .text.HAL_FDCAN_TxFifoEmptyCallback
                0x08004910        0x2 build/stm32h7xx_hal_fdcan.o
                0x08004910                HAL_FDCAN_TxFifoEmptyCallback
 .text.HAL_FDCAN_TxBufferCompleteCallback
                0x08004912        0x2 build/stm32h7xx_hal_fdcan.o
                0x08004912                HAL_FDCAN_TxBufferCompleteCallback
 .text.HAL_FDCAN_TxBufferAbortCallback
                0x08004914        0x2 build/stm32h7xx_hal_fdcan.o
                0x08004914                HAL_FDCAN_TxBufferAbortCallback
 .text.HAL_FDCAN_RxBufferNewMessageCallback
                0x08004916        0x2 build/stm32h7xx_hal_fdcan.o
                0x08004916                HAL_FDCAN_RxBufferNewMessageCallback
 .text.HAL_FDCAN_TimestampWraparoundCallback
                0x08004918        0x2 build/stm32h7xx_hal_fdcan.o
                0x08004918                HAL_FDCAN_TimestampWraparoundCallback
 .text.HAL_FDCAN_TimeoutOccurredCallback
                0x0800491a        0x2 build/stm32h7xx_hal_fdcan.o
                0x0800491a                HAL_FDCAN_TimeoutOccurredCallback
 .text.HAL_FDCAN_HighPriorityMessageCallback
                0x0800491c        0x2 build/stm32h7xx_hal_fdcan.o
                0x0800491c                HAL_FDCAN_HighPriorityMessageCallback
 .text.HAL_FDCAN_ErrorCallback
                0x0800491e        0x2 build/stm32h7xx_hal_fdcan.o
                0x0800491e                HAL_FDCAN_ErrorCallback
 .text.HAL_FDCAN_ErrorStatusCallback
                0x08004920        0x2 build/stm32h7xx_hal_fdcan.o
                0x08004920                HAL_FDCAN_ErrorStatusCallback
 .text.HAL_FDCAN_TT_ScheduleSyncCallback
                0x08004922        0x2 build/stm32h7xx_hal_fdcan.o
                0x08004922                HAL_FDCAN_TT_ScheduleSyncCallback
 .text.HAL_FDCAN_TT_TimeMarkCallback
                0x08004924        0x2 build/stm32h7xx_hal_fdcan.o
                0x08004924                HAL_FDCAN_TT_TimeMarkCallback
 .text.HAL_FDCAN_TT_StopWatchCallback
                0x08004926        0x2 build/stm32h7xx_hal_fdcan.o
                0x08004926                HAL_FDCAN_TT_StopWatchCallback
 .text.HAL_FDCAN_TT_GlobalTimeCallback
                0x08004928        0x2 build/stm32h7xx_hal_fdcan.o
                0x08004928                HAL_FDCAN_TT_GlobalTimeCallback
 *fill*         0x0800492a        0x2 
 .text.HAL_FDCAN_IRQHandler
                0x0800492c      0x31c build/stm32h7xx_hal_fdcan.o
                0x0800492c                HAL_FDCAN_IRQHandler
 .text.SPI_CloseTransfer
                0x08004c48       0xd0 build/stm32h7xx_hal_spi.o
 .text.SPI_GetPacketSize
                0x08004d18       0x10 build/stm32h7xx_hal_spi.o
 .text.HAL_SPI_Init
                0x08004d28      0x190 build/stm32h7xx_hal_spi.o
                0x08004d28                HAL_SPI_Init
 .text.HAL_SPI_TxCpltCallback
                0x08004eb8        0x2 build/stm32h7xx_hal_spi.o
                0x08004eb8                HAL_SPI_TxCpltCallback
 .text.HAL_SPI_RxCpltCallback
                0x08004eba        0x2 build/stm32h7xx_hal_spi.o
                0x08004eba                HAL_SPI_RxCpltCallback
 .text.HAL_SPI_TxRxCpltCallback
                0x08004ebc        0x2 build/stm32h7xx_hal_spi.o
                0x08004ebc                HAL_SPI_TxRxCpltCallback
 .text.HAL_SPI_ErrorCallback
                0x08004ebe        0x2 build/stm32h7xx_hal_spi.o
                0x08004ebe                HAL_SPI_ErrorCallback
 .text.SPI_DMAAbortOnError
                0x08004ec0       0x1a build/stm32h7xx_hal_spi.o
 .text.HAL_SPI_SuspendCallback
                0x08004eda        0x2 build/stm32h7xx_hal_spi.o
                0x08004eda                HAL_SPI_SuspendCallback
 .text.HAL_SPI_IRQHandler
                0x08004edc      0x240 build/stm32h7xx_hal_spi.o
                0x08004edc                HAL_SPI_IRQHandler
 .text.HAL_TIM_Base_MspInit
                0x0800511c        0x2 build/stm32h7xx_hal_tim.o
                0x0800511c                HAL_TIM_Base_MspInit
 *fill*         0x0800511e        0x2 
 .text.HAL_TIM_Base_Start_IT
                0x08005120       0xa0 build/stm32h7xx_hal_tim.o
                0x08005120                HAL_TIM_Base_Start_IT
 .text.HAL_TIM_OC_DelayElapsedCallback
                0x080051c0        0x2 build/stm32h7xx_hal_tim.o
                0x080051c0                HAL_TIM_OC_DelayElapsedCallback
 .text.HAL_TIM_IC_CaptureCallback
                0x080051c2        0x2 build/stm32h7xx_hal_tim.o
                0x080051c2                HAL_TIM_IC_CaptureCallback
 .text.HAL_TIM_PWM_PulseFinishedCallback
                0x080051c4        0x2 build/stm32h7xx_hal_tim.o
                0x080051c4                HAL_TIM_PWM_PulseFinishedCallback
 .text.HAL_TIM_TriggerCallback
                0x080051c6        0x2 build/stm32h7xx_hal_tim.o
                0x080051c6                HAL_TIM_TriggerCallback
 .text.HAL_TIM_IRQHandler
                0x080051c8      0x17a build/stm32h7xx_hal_tim.o
                0x080051c8                HAL_TIM_IRQHandler
 *fill*         0x08005342        0x2 
 .text.TIM_Base_SetConfig
                0x08005344      0x130 build/stm32h7xx_hal_tim.o
                0x08005344                TIM_Base_SetConfig
 .text.HAL_TIM_Base_Init
                0x08005474       0x60 build/stm32h7xx_hal_tim.o
                0x08005474                HAL_TIM_Base_Init
 .text.HAL_TIMEx_CommutCallback
                0x080054d4        0x2 build/stm32h7xx_hal_tim_ex.o
                0x080054d4                HAL_TIMEx_CommutCallback
 .text.HAL_TIMEx_BreakCallback
                0x080054d6        0x2 build/stm32h7xx_hal_tim_ex.o
                0x080054d6                HAL_TIMEx_BreakCallback
 .text.HAL_TIMEx_Break2Callback
                0x080054d8        0x2 build/stm32h7xx_hal_tim_ex.o
                0x080054d8                HAL_TIMEx_Break2Callback
 *fill*         0x080054da        0x2 
 .text.UART_EndRxTransfer
                0x080054dc       0x58 build/stm32h7xx_hal_uart.o
 .text.HAL_UART_TxCpltCallback
                0x08005534        0x2 build/stm32h7xx_hal_uart.o
                0x08005534                HAL_UART_TxCpltCallback
 .text.UART_EndTransmit_IT
                0x08005536       0x24 build/stm32h7xx_hal_uart.o
 .text.HAL_UART_ErrorCallback
                0x0800555a        0x2 build/stm32h7xx_hal_uart.o
                0x0800555a                HAL_UART_ErrorCallback
 .text.UART_DMAAbortOnError
                0x0800555c       0x14 build/stm32h7xx_hal_uart.o
 .text.HAL_UARTEx_RxEventCallback
                0x08005570        0x2 build/stm32h7xx_hal_uart.o
                0x08005570                HAL_UARTEx_RxEventCallback
 *fill*         0x08005572        0x2 
 .text.HAL_UART_IRQHandler
                0x08005574      0x3b8 build/stm32h7xx_hal_uart.o
                0x08005574                HAL_UART_IRQHandler
 .text.UART_SetConfig
                0x0800592c      0x6bc build/stm32h7xx_hal_uart.o
                0x0800592c                UART_SetConfig
 .text.UART_AdvFeatureConfig
                0x08005fe8       0xca build/stm32h7xx_hal_uart.o
                0x08005fe8                UART_AdvFeatureConfig
 .text.UART_WaitOnFlagUntilTimeout
                0x080060b2       0xaa build/stm32h7xx_hal_uart.o
                0x080060b2                UART_WaitOnFlagUntilTimeout
 .text.UART_CheckIdleState
                0x0800615c       0xca build/stm32h7xx_hal_uart.o
                0x0800615c                UART_CheckIdleState
 .text.HAL_UART_Init
                0x08006226       0x66 build/stm32h7xx_hal_uart.o
                0x08006226                HAL_UART_Init
 .text.UARTEx_SetNbDataToProcess
                0x0800628c       0x4c build/stm32h7xx_hal_uart_ex.o
 .text.HAL_UARTEx_WakeupCallback
                0x080062d8        0x2 build/stm32h7xx_hal_uart_ex.o
                0x080062d8                HAL_UARTEx_WakeupCallback
 .text.HAL_UARTEx_RxFifoFullCallback
                0x080062da        0x2 build/stm32h7xx_hal_uart_ex.o
                0x080062da                HAL_UARTEx_RxFifoFullCallback
 .text.HAL_UARTEx_TxFifoEmptyCallback
                0x080062dc        0x2 build/stm32h7xx_hal_uart_ex.o
                0x080062dc                HAL_UARTEx_TxFifoEmptyCallback
 .text.HAL_UARTEx_DisableFifoMode
                0x080062de       0x3e build/stm32h7xx_hal_uart_ex.o
                0x080062de                HAL_UARTEx_DisableFifoMode
 .text.HAL_UARTEx_SetTxFifoThreshold
                0x0800631c       0x4a build/stm32h7xx_hal_uart_ex.o
                0x0800631c                HAL_UARTEx_SetTxFifoThreshold
 .text.HAL_UARTEx_SetRxFifoThreshold
                0x08006366       0x4a build/stm32h7xx_hal_uart_ex.o
                0x08006366                HAL_UARTEx_SetRxFifoThreshold
 .text.SystemInit
                0x080063b0       0xac build/system_stm32h7xx.o
                0x080063b0                SystemInit
 .text.vListInitialise
                0x0800645c       0x16 build/list.o
                0x0800645c                vListInitialise
 .text.vListInitialiseItem
                0x08006472        0x6 build/list.o
                0x08006472                vListInitialiseItem
 .text.vListInsertEnd
                0x08006478       0x16 build/list.o
                0x08006478                vListInsertEnd
 .text.vListInsert
                0x0800648e       0x32 build/list.o
                0x0800648e                vListInsert
 .text.uxListRemove
                0x080064c0       0x26 build/list.o
                0x080064c0                uxListRemove
 *fill*         0x080064e6        0x2 
 .text.prvResetNextTaskUnblockTime
                0x080064e8       0x2c build/tasks.o
 .text.prvInitialiseNewTask
                0x08006514       0xa6 build/tasks.o
 *fill*         0x080065ba        0x2 
 .text.prvInitialiseTaskLists
                0x080065bc       0x68 build/tasks.o
 .text.prvAddNewTaskToReadyList
                0x08006624       0xac build/tasks.o
 .text.prvDeleteTCB
                0x080066d0       0x38 build/tasks.o
 .text.prvCheckTasksWaitingTermination
                0x08006708       0x4c build/tasks.o
 .text.prvIdleTask
                0x08006754       0x28 build/tasks.o
 .text.prvAddCurrentTaskToDelayedList
                0x0800677c       0xa0 build/tasks.o
 .text.xTaskCreateStatic
                0x0800681c       0x76 build/tasks.o
                0x0800681c                xTaskCreateStatic
 .text.xTaskCreate
                0x08006892       0x68 build/tasks.o
                0x08006892                xTaskCreate
 *fill*         0x080068fa        0x2 
 .text.vTaskStartScheduler
                0x080068fc       0x74 build/tasks.o
                0x080068fc                vTaskStartScheduler
 .text.vTaskSuspendAll
                0x08006970       0x10 build/tasks.o
                0x08006970                vTaskSuspendAll
 .text.xTaskIncrementTick
                0x08006980      0x118 build/tasks.o
                0x08006980                xTaskIncrementTick
 .text.xTaskResumeAll
                0x08006a98       0xf8 build/tasks.o
                0x08006a98                xTaskResumeAll
 .text.vTaskDelay
                0x08006b90       0x4c build/tasks.o
                0x08006b90                vTaskDelay
 .text.vTaskSwitchContext
                0x08006bdc       0x98 build/tasks.o
                0x08006bdc                vTaskSwitchContext
 .text.makeFreeRtosPriority
                0x08006c74        0xc build/cmsis_os.o
 .text.osKernelStart
                0x08006c80        0xa build/cmsis_os.o
                0x08006c80                osKernelStart
 .text.osThreadCreate
                0x08006c8a       0x6a build/cmsis_os.o
                0x08006c8a                osThreadCreate
 .text.osDelay  0x08006cf4        0xe build/cmsis_os.o
                0x08006cf4                osDelay
 *fill*         0x08006d02        0x2 
 .text.prvHeapInit
                0x08006d04       0x64 build/heap_4.o
 .text.prvInsertBlockIntoFreeList
                0x08006d68       0x64 build/heap_4.o
 .text.pvPortMalloc
                0x08006dcc       0xfc build/heap_4.o
                0x08006dcc                pvPortMalloc
 .text.vPortFree
                0x08006ec8       0x7c build/heap_4.o
                0x08006ec8                vPortFree
 .text.prvTaskExitError
                0x08006f44       0x40 build/port.o
 .text.prvPortStartFirstTask
                0x08006f84       0x28 build/port.o
 .text.vPortEnableVFP
                0x08006fac       0x14 build/port.o
 .text.pxPortInitialiseStack
                0x08006fc0       0x2c build/port.o
                0x08006fc0                pxPortInitialiseStack
 *fill*         0x08006fec        0x4 
 .text.SVC_Handler
                0x08006ff0       0x24 build/port.o
                0x08006ff0                SVC_Handler
 .text.vPortEnterCritical
                0x08007014       0x44 build/port.o
                0x08007014                vPortEnterCritical
 .text.vPortExitCritical
                0x08007058       0x2c build/port.o
                0x08007058                vPortExitCritical
 *fill*         0x08007084        0xc 
 .text.PendSV_Handler
                0x08007090       0x64 build/port.o
                0x08007090                PendSV_Handler
 .text.SysTick_Handler
                0x080070f4       0x2c build/port.o
                0x080070f4                SysTick_Handler
 .text.vPortSetupTimerInterrupt
                0x08007120       0x28 build/port.o
                0x08007120                vPortSetupTimerInterrupt
 .text.xPortStartScheduler
                0x08007148      0x118 build/port.o
                0x08007148                xPortStartScheduler
 .text.MPU_Config
                0x08007260       0x56 build/real_main.o
 .text.HAL_TIM_PeriodElapsedCallback
                0x080072b6       0x12 build/real_main.o
                0x080072b6                HAL_TIM_PeriodElapsedCallback
 .text.Error_Handler
                0x080072c8        0x4 build/real_main.o
                0x080072c8                Error_Handler
 .text.SystemClock_Config
                0x080072cc       0xac build/real_main.o
                0x080072cc                SystemClock_Config
 .text.main     0x08007378       0xc4 build/real_main.o
                0x08007378                main
 .text._Z41__static_initialization_and_destruction_0ii
                0x0800743c       0x1c build/bsp_can.o
 .text._ZN3BSP13CANInstance_c14CommonCallbackEP19FDCAN_HandleTypeDefm
                0x08007458       0x68 build/bsp_can.o
                0x08007458                BSP::CANInstance_c::CommonCallback(FDCAN_HandleTypeDef*, unsigned long)
 .text.HAL_FDCAN_RxFifo0Callback
                0x080074c0        0xa build/bsp_can.o
                0x080074c0                HAL_FDCAN_RxFifo0Callback
 .text.HAL_FDCAN_RxFifo1Callback
                0x080074ca        0xa build/bsp_can.o
                0x080074ca                HAL_FDCAN_RxFifo1Callback
 .text._GLOBAL__sub_I__ZN3BSP13CANInstance_c9instancesE
                0x080074d4        0xe build/bsp_can.o
 *fill*         0x080074e2        0x2 
 .text._Z41__static_initialization_and_destruction_0ii
                0x080074e4       0x1c build/dji_motor.o
 .text._GLOBAL__sub_I__ZN5Motor18DJI_Motor_Instance9instancesE
                0x08007500        0xe build/dji_motor.o
 *fill*         0x0800750e        0x2 
 .text.Reset_Handler
                0x08007510       0x50 build/startup_stm32h723xx.o
                0x08007510                Reset_Handler
 .text.Default_Handler
                0x08007560        0x2 build/startup_stm32h723xx.o
                0x08007560                RTC_Alarm_IRQHandler
                0x08007560                EXTI2_IRQHandler
                0x08007560                TIM8_CC_IRQHandler
                0x08007560                UART8_IRQHandler
                0x08007560                SPI4_IRQHandler
                0x08007560                TIM1_CC_IRQHandler
                0x08007560                BDMA_Channel6_IRQHandler
                0x08007560                DMA2_Stream5_IRQHandler
                0x08007560                DMA1_Stream5_IRQHandler
                0x08007560                CORDIC_IRQHandler
                0x08007560                BDMA_Channel1_IRQHandler
                0x08007560                TAMP_STAMP_IRQHandler
                0x08007560                EXTI3_IRQHandler
                0x08007560                LPTIM4_IRQHandler
                0x08007560                TIM8_TRG_COM_TIM14_IRQHandler
                0x08007560                LPTIM2_IRQHandler
                0x08007560                DFSDM1_FLT1_IRQHandler
                0x08007560                DMAMUX2_OVR_IRQHandler
                0x08007560                TIM8_UP_TIM13_IRQHandler
                0x08007560                I2C3_ER_IRQHandler
                0x08007560                DFSDM1_FLT2_IRQHandler
                0x08007560                I2C5_EV_IRQHandler
                0x08007560                USART10_IRQHandler
                0x08007560                MDMA_IRQHandler
                0x08007560                LPTIM3_IRQHandler
                0x08007560                HSEM1_IRQHandler
                0x08007560                EXTI0_IRQHandler
                0x08007560                I2C2_EV_IRQHandler
                0x08007560                FPU_IRQHandler
                0x08007560                OTG_HS_WKUP_IRQHandler
                0x08007560                FDCAN1_IT1_IRQHandler
                0x08007560                LTDC_ER_IRQHandler
                0x08007560                DMA2_Stream2_IRQHandler
                0x08007560                SPI1_IRQHandler
                0x08007560                OCTOSPI1_IRQHandler
                0x08007560                TIM6_DAC_IRQHandler
                0x08007560                DMA2_Stream3_IRQHandler
                0x08007560                OCTOSPI2_IRQHandler
                0x08007560                DFSDM1_FLT3_IRQHandler
                0x08007560                TIM23_IRQHandler
                0x08007560                USART6_IRQHandler
                0x08007560                TIM17_IRQHandler
                0x08007560                USART3_IRQHandler
                0x08007560                BDMA_Channel7_IRQHandler
                0x08007560                LPTIM5_IRQHandler
                0x08007560                ADC3_IRQHandler
                0x08007560                DMA2_Stream0_IRQHandler
                0x08007560                TIM4_IRQHandler
                0x08007560                BDMA_Channel2_IRQHandler
                0x08007560                I2C1_EV_IRQHandler
                0x08007560                DMA1_Stream6_IRQHandler
                0x08007560                DMAMUX1_OVR_IRQHandler
                0x08007560                TIM16_IRQHandler
                0x08007560                UART4_IRQHandler
                0x08007560                BDMA_Channel5_IRQHandler
                0x08007560                TIM3_IRQHandler
                0x08007560                RCC_IRQHandler
                0x08007560                UART9_IRQHandler
                0x08007560                TIM8_BRK_TIM12_IRQHandler
                0x08007560                TIM1_TRG_COM_IRQHandler
                0x08007560                Default_Handler
                0x08007560                ECC_IRQHandler
                0x08007560                FMAC_IRQHandler
                0x08007560                CEC_IRQHandler
                0x08007560                EXTI15_10_IRQHandler
                0x08007560                BDMA_Channel0_IRQHandler
                0x08007560                ADC_IRQHandler
                0x08007560                I2C5_ER_IRQHandler
                0x08007560                DMA1_Stream7_IRQHandler
                0x08007560                SPI5_IRQHandler
                0x08007560                TIM7_IRQHandler
                0x08007560                SDMMC1_IRQHandler
                0x08007560                TIM5_IRQHandler
                0x08007560                DMA2_Stream7_IRQHandler
                0x08007560                TIM15_IRQHandler
                0x08007560                PVD_AVD_IRQHandler
                0x08007560                I2C3_EV_IRQHandler
                0x08007560                EXTI9_5_IRQHandler
                0x08007560                RTC_WKUP_IRQHandler
                0x08007560                LTDC_IRQHandler
                0x08007560                ETH_WKUP_IRQHandler
                0x08007560                SPDIF_RX_IRQHandler
                0x08007560                OTG_HS_EP1_IN_IRQHandler
                0x08007560                TIM24_IRQHandler
                0x08007560                CRS_IRQHandler
                0x08007560                EXTI4_IRQHandler
                0x08007560                RNG_IRQHandler
                0x08007560                ETH_IRQHandler
                0x08007560                TIM1_UP_IRQHandler
                0x08007560                BDMA_Channel4_IRQHandler
                0x08007560                OTG_HS_EP1_OUT_IRQHandler
                0x08007560                WWDG_IRQHandler
                0x08007560                SPI6_IRQHandler
                0x08007560                MDIOS_IRQHandler
                0x08007560                I2C4_EV_IRQHandler
                0x08007560                LPUART1_IRQHandler
                0x08007560                OTG_HS_IRQHandler
                0x08007560                DMA2D_IRQHandler
                0x08007560                TIM1_BRK_IRQHandler
                0x08007560                EXTI1_IRQHandler
                0x08007560                SDMMC2_IRQHandler
                0x08007560                BDMA_Channel3_IRQHandler
                0x08007560                DTS_IRQHandler
                0x08007560                UART7_IRQHandler
                0x08007560                MDIOS_WKUP_IRQHandler
                0x08007560                USART2_IRQHandler
                0x08007560                DFSDM1_FLT0_IRQHandler
                0x08007560                SAI4_IRQHandler
                0x08007560                I2C2_ER_IRQHandler
                0x08007560                DMA2_Stream1_IRQHandler
                0x08007560                FLASH_IRQHandler
                0x08007560                DMA2_Stream4_IRQHandler
                0x08007560                USART1_IRQHandler
                0x08007560                SPI3_IRQHandler
                0x08007560                WAKEUP_PIN_IRQHandler
                0x08007560                DMA1_Stream4_IRQHandler
                0x08007560                I2C1_ER_IRQHandler
                0x08007560                FMC_IRQHandler
                0x08007560                FDCAN_CAL_IRQHandler
                0x08007560                SWPMI1_IRQHandler
                0x08007560                COMP1_IRQHandler
                0x08007560                LPTIM1_IRQHandler
                0x08007560                DCMI_PSSI_IRQHandler
                0x08007560                I2C4_ER_IRQHandler
                0x08007560                DMA2_Stream6_IRQHandler
                0x08007560                SAI1_IRQHandler
                0x08007560                DMA1_Stream3_IRQHandler
 *fill*         0x08007562        0x2 
 .text.__libc_init_array
                0x08007564       0x48 d:/gcc-arm-none-eabi-10.3-2021.10/bin/../lib/gcc/arm-none-eabi/10.3.1/../../../../arm-none-eabi/lib/thumb/v7e-m+dp/hard\libc_nano.a(lib_a-init.o)
                0x08007564                __libc_init_array
 .text.memcpy   0x080075ac       0x1c d:/gcc-arm-none-eabi-10.3-2021.10/bin/../lib/gcc/arm-none-eabi/10.3.1/../../../../arm-none-eabi/lib/thumb/v7e-m+dp/hard\libc_nano.a(lib_a-memcpy-stub.o)
                0x080075ac                memcpy
 .text.memset   0x080075c8       0x10 d:/gcc-arm-none-eabi-10.3-2021.10/bin/../lib/gcc/arm-none-eabi/10.3.1/../../../../arm-none-eabi/lib/thumb/v7e-m+dp/hard\libc_nano.a(lib_a-memset.o)
                0x080075c8                memset
 *(.glue_7)
 .glue_7        0x080075d8        0x0 linker stubs
 *(.glue_7t)
 .glue_7t       0x080075d8        0x0 linker stubs
 *(.eh_frame)
 .eh_frame      0x080075d8        0x0 d:/gcc-arm-none-eabi-10.3-2021.10/bin/../lib/gcc/arm-none-eabi/10.3.1/thumb/v7e-m+dp/hard/crtbegin.o
 *(.init)
 .init          0x080075d8        0x4 d:/gcc-arm-none-eabi-10.3-2021.10/bin/../lib/gcc/arm-none-eabi/10.3.1/thumb/v7e-m+dp/hard/crti.o
                0x080075d8                _init
 .init          0x080075dc        0x8 d:/gcc-arm-none-eabi-10.3-2021.10/bin/../lib/gcc/arm-none-eabi/10.3.1/thumb/v7e-m+dp/hard/crtn.o
 *(.fini)
 .fini          0x080075e4        0x4 d:/gcc-arm-none-eabi-10.3-2021.10/bin/../lib/gcc/arm-none-eabi/10.3.1/thumb/v7e-m+dp/hard/crti.o
                0x080075e4                _fini
 .fini          0x080075e8        0x8 d:/gcc-arm-none-eabi-10.3-2021.10/bin/../lib/gcc/arm-none-eabi/10.3.1/thumb/v7e-m+dp/hard/crtn.o
                0x080075f0                . = ALIGN (0x4)
                0x080075f0                _etext = .

.vfp11_veneer   0x080075f0        0x0
 .vfp11_veneer  0x080075f0        0x0 linker stubs

.v4_bx          0x080075f0        0x0
 .v4_bx         0x080075f0        0x0 linker stubs

.iplt           0x080075f0        0x0
 .iplt          0x080075f0        0x0 d:/gcc-arm-none-eabi-10.3-2021.10/bin/../lib/gcc/arm-none-eabi/10.3.1/thumb/v7e-m+dp/hard/crtbegin.o

.rodata         0x080075f0       0xcc
                0x080075f0                . = ALIGN (0x4)
 *(.rodata)
 .rodata        0x080075f0       0x1c build/freertos.o
 .rodata        0x0800760c       0x4c build/stm32h7xx_hal_fdcan.o
 *(.rodata*)
 .rodata.str1.4
                0x08007658        0xc build/freertos.o
 .rodata.flagBitshiftOffset.0
                0x08007664        0x8 build/stm32h7xx_hal_dma.o
 .rodata.DLCtoBytes
                0x0800766c       0x10 build/stm32h7xx_hal_fdcan.o
 .rodata.UARTPrescTable
                0x0800767c       0x18 build/stm32h7xx_hal_uart.o
                0x0800767c                UARTPrescTable
 .rodata.denominator.0
                0x08007694        0x8 build/stm32h7xx_hal_uart_ex.o
 .rodata.numerator.1
                0x0800769c        0x8 build/stm32h7xx_hal_uart_ex.o
 .rodata.D1CorePrescTable
                0x080076a4       0x10 build/system_stm32h7xx.o
                0x080076a4                D1CorePrescTable
 .rodata.vTaskStartScheduler.str1.4
                0x080076b4        0x5 build/tasks.o
                0x080076bc                . = ALIGN (0x4)
 *fill*         0x080076b9        0x3 

.ARM.extab
 *(.ARM.extab* .gnu.linkonce.armextab.*)

.ARM            0x080076bc        0x8
                0x080076bc                __exidx_start = .
 *(.ARM.exidx*)
 .ARM.exidx     0x080076bc        0x8 d:/gcc-arm-none-eabi-10.3-2021.10/bin/../lib/gcc/arm-none-eabi/10.3.1/thumb/v7e-m+dp/hard\libgcc.a(_udivmoddi4.o)
                0x080076c4                __exidx_end = .

.rel.dyn        0x080076c4        0x0
 .rel.iplt      0x080076c4        0x0 d:/gcc-arm-none-eabi-10.3-2021.10/bin/../lib/gcc/arm-none-eabi/10.3.1/thumb/v7e-m+dp/hard/crtbegin.o

.preinit_array  0x080076c4        0x0
                0x080076c4                PROVIDE (__preinit_array_start = .)
 *(.preinit_array*)
                0x080076c4                PROVIDE (__preinit_array_end = .)

.init_array     0x080076c4        0xc
                0x080076c4                PROVIDE (__init_array_start = .)
 *(SORT_BY_NAME(.init_array.*))
 *(.init_array*)
 .init_array    0x080076c4        0x4 d:/gcc-arm-none-eabi-10.3-2021.10/bin/../lib/gcc/arm-none-eabi/10.3.1/thumb/v7e-m+dp/hard/crtbegin.o
 .init_array    0x080076c8        0x4 build/bsp_can.o
 .init_array    0x080076cc        0x4 build/dji_motor.o
                0x080076d0                PROVIDE (__init_array_end = .)

.fini_array     0x080076d0        0x4
                [!provide]                PROVIDE (__fini_array_start = .)
 *(SORT_BY_NAME(.fini_array.*))
 *(.fini_array*)
 .fini_array    0x080076d0        0x4 d:/gcc-arm-none-eabi-10.3-2021.10/bin/../lib/gcc/arm-none-eabi/10.3.1/thumb/v7e-m+dp/hard/crtbegin.o
                [!provide]                PROVIDE (__fini_array_end = .)
                0x080076d4                _sidata = LOADADDR (.data)

.data           0x24000000       0x14 load address 0x080076d4
                0x24000000                . = ALIGN (0x4)
                0x24000000                _sdata = .
 *(.data)
 *(.data*)
 .data.uwTickFreq
                0x24000000        0x1 build/stm32h7xx_hal.o
                0x24000000                uwTickFreq
 *fill*         0x24000001        0x3 
 .data.uwTickPrio
                0x24000004        0x4 build/stm32h7xx_hal.o
                0x24000004                uwTickPrio
 .data.SystemCoreClock
                0x24000008        0x4 build/system_stm32h7xx.o
                0x24000008                SystemCoreClock
 .data.SystemD2Clock
                0x2400000c        0x4 build/system_stm32h7xx.o
                0x2400000c                SystemD2Clock
 .data.uxCriticalNesting
                0x24000010        0x4 build/port.o
                0x24000014                . = ALIGN (0x4)
                0x24000014                _edata = .

.igot.plt       0x24000014        0x0 load address 0x080076e8
 .igot.plt      0x24000014        0x0 d:/gcc-arm-none-eabi-10.3-2021.10/bin/../lib/gcc/arm-none-eabi/10.3.1/thumb/v7e-m+dp/hard/crtbegin.o
                0x24000014                . = ALIGN (0x4)

.bss            0x24000014     0x5340 load address 0x080076e8
                0x24000014                _sbss = .
                0x24000014                __bss_start__ = _sbss
 *(.bss)
 .bss           0x24000014       0x1c d:/gcc-arm-none-eabi-10.3-2021.10/bin/../lib/gcc/arm-none-eabi/10.3.1/thumb/v7e-m+dp/hard/crtbegin.o
 *(.bss*)
 .bss._INIT_TASK_Handle
                0x24000030        0x4 build/freertos.o
                0x24000030                _INIT_TASK_Handle
 .bss.xIdleStack
                0x24000034     0x1000 build/freertos.o
 .bss.xIdleTaskTCBBuffer
                0x24001034       0x6c build/freertos.o
 .bss.HAL_RCC_FDCAN_CLK_ENABLED
                0x240010a0        0x4 build/fdcan.o
 .bss.hfdcan1   0x240010a4       0xa0 build/fdcan.o
                0x240010a4                hfdcan1
 .bss.hfdcan2   0x24001144       0xa0 build/fdcan.o
                0x24001144                hfdcan2
 .bss.hfdcan3   0x240011e4       0xa0 build/fdcan.o
                0x240011e4                hfdcan3
 .bss.hdma_spi2_rx
                0x24001284       0x78 build/spi.o
                0x24001284                hdma_spi2_rx
 .bss.hdma_spi2_tx
                0x240012fc       0x78 build/spi.o
                0x240012fc                hdma_spi2_tx
 .bss.hspi2     0x24001374       0x88 build/spi.o
                0x24001374                hspi2
 .bss.hdma_uart5_rx
                0x240013fc       0x78 build/usart.o
                0x240013fc                hdma_uart5_rx
 .bss.huart5    0x24001474       0x94 build/usart.o
                0x24001474                huart5
 .bss.htim2     0x24001508       0x4c build/stm32h7xx_hal_timebase_tim.o
                0x24001508                htim2
 .bss.uwTick    0x24001554        0x4 build/stm32h7xx_hal.o
                0x24001554                uwTick
 .bss.pxCurrentTCB
                0x24001558        0x4 build/tasks.o
                0x24001558                pxCurrentTCB
 .bss.pxDelayedTaskList
                0x2400155c        0x4 build/tasks.o
 .bss.pxOverflowDelayedTaskList
                0x24001560        0x4 build/tasks.o
 .bss.pxReadyTasksLists
                0x24001564       0x8c build/tasks.o
 .bss.uxCurrentNumberOfTasks
                0x240015f0        0x4 build/tasks.o
 .bss.uxDeletedTasksWaitingCleanUp
                0x240015f4        0x4 build/tasks.o
 .bss.uxSchedulerSuspended
                0x240015f8        0x4 build/tasks.o
 .bss.uxTaskNumber
                0x240015fc        0x4 build/tasks.o
 .bss.uxTopReadyPriority
                0x24001600        0x4 build/tasks.o
 .bss.xDelayedTaskList1
                0x24001604       0x14 build/tasks.o
 .bss.xDelayedTaskList2
                0x24001618       0x14 build/tasks.o
 .bss.xIdleTaskHandle
                0x2400162c        0x4 build/tasks.o
 .bss.xNextTaskUnblockTime
                0x24001630        0x4 build/tasks.o
 .bss.xNumOfOverflows
                0x24001634        0x4 build/tasks.o
 .bss.xPendedTicks
                0x24001638        0x4 build/tasks.o
 .bss.xPendingReadyList
                0x2400163c       0x14 build/tasks.o
 .bss.xSchedulerRunning
                0x24001650        0x4 build/tasks.o
 .bss.xSuspendedTaskList
                0x24001654       0x14 build/tasks.o
 .bss.xTasksWaitingTermination
                0x24001668       0x14 build/tasks.o
 .bss.xTickCount
                0x2400167c        0x4 build/tasks.o
 .bss.xYieldPending
                0x24001680        0x4 build/tasks.o
 .bss.pxEnd     0x24001684        0x4 build/heap_4.o
 .bss.ucHeap    0x24001688     0x3c00 build/heap_4.o
 .bss.xBlockAllocatedBit
                0x24005288        0x4 build/heap_4.o
 .bss.xFreeBytesRemaining
                0x2400528c        0x4 build/heap_4.o
 .bss.xMinimumEverFreeBytesRemaining
                0x24005290        0x4 build/heap_4.o
 .bss.xNumberOfSuccessfulAllocations
                0x24005294        0x4 build/heap_4.o
 .bss.xNumberOfSuccessfulFrees
                0x24005298        0x4 build/heap_4.o
 .bss.xStart    0x2400529c        0x8 build/heap_4.o
 .bss.ucMaxSysCallPriority
                0x240052a4        0x1 build/port.o
 *fill*         0x240052a5        0x3 
 .bss.ulMaxPRIGROUPValue
                0x240052a8        0x4 build/port.o
 .bss._ZN3BSP13CANInstance_c9instancesE
                0x240052ac       0x74 build/bsp_can.o
                0x240052ac                BSP::CANInstance_c::instances
 .bss._ZN5Motor18DJI_Motor_Instance9instancesE
                0x24005320       0x34 build/dji_motor.o
                0x24005320                Motor::DJI_Motor_Instance::instances
 *(COMMON)
                0x24005354                . = ALIGN (0x4)
                0x24005354                _ebss = .
                0x24005354                __bss_end__ = _ebss

._user_heap_stack
                0x24005354     0x8004 load address 0x080076e8
                0x24005358                . = ALIGN (0x8)
 *fill*         0x24005354        0x4 
                [!provide]                PROVIDE (end = .)
                0x24005358                PROVIDE (_end = .)
                0x24009358                . = (. + _Min_Heap_Size)
 *fill*         0x24005358     0x4000 
                0x2400d358                . = (. + _Min_Stack_Size)
 *fill*         0x24009358     0x4000 
                0x2400d358                . = ALIGN (0x8)

/DISCARD/
 libc.a(*)
 libm.a(*)
 libgcc.a(*)
OUTPUT(build/RM_chassis_reborn.elf elf32-littlearm)
LOAD linker stubs
LOAD d:/gcc-arm-none-eabi-10.3-2021.10/bin/../lib/gcc/arm-none-eabi/10.3.1/../../../../arm-none-eabi/lib/thumb/v7e-m+dp/hard\libc.a
LOAD d:/gcc-arm-none-eabi-10.3-2021.10/bin/../lib/gcc/arm-none-eabi/10.3.1/../../../../arm-none-eabi/lib/thumb/v7e-m+dp/hard\libm.a
LOAD d:/gcc-arm-none-eabi-10.3-2021.10/bin/../lib/gcc/arm-none-eabi/10.3.1/thumb/v7e-m+dp/hard\libgcc.a

.ARM.attributes
                0x00000000       0x2e
 .ARM.attributes
                0x00000000       0x1e d:/gcc-arm-none-eabi-10.3-2021.10/bin/../lib/gcc/arm-none-eabi/10.3.1/thumb/v7e-m+dp/hard/crti.o
 .ARM.attributes
                0x0000001e       0x32 d:/gcc-arm-none-eabi-10.3-2021.10/bin/../lib/gcc/arm-none-eabi/10.3.1/thumb/v7e-m+dp/hard/crtbegin.o
 .ARM.attributes
                0x00000050       0x32 build/gpio.o
 .ARM.attributes
                0x00000082       0x32 build/freertos.o
 .ARM.attributes
                0x000000b4       0x32 build/dma.o
 .ARM.attributes
                0x000000e6       0x32 build/fdcan.o
 .ARM.attributes
                0x00000118       0x32 build/spi.o
 .ARM.attributes
                0x0000014a       0x32 build/usart.o
 .ARM.attributes
                0x0000017c       0x32 build/stm32h7xx_it.o
 .ARM.attributes
                0x000001ae       0x32 build/stm32h7xx_hal_msp.o
 .ARM.attributes
                0x000001e0       0x32 build/stm32h7xx_hal_timebase_tim.o
 .ARM.attributes
                0x00000212       0x32 build/stm32h7xx_hal_cortex.o
 .ARM.attributes
                0x00000244       0x32 build/stm32h7xx_hal_rcc.o
 .ARM.attributes
                0x00000276       0x32 build/stm32h7xx_hal_rcc_ex.o
 .ARM.attributes
                0x000002a8       0x32 build/stm32h7xx_hal_gpio.o
 .ARM.attributes
                0x000002da       0x32 build/stm32h7xx_hal_dma.o
 .ARM.attributes
                0x0000030c       0x32 build/stm32h7xx_hal_pwr_ex.o
 .ARM.attributes
                0x0000033e       0x32 build/stm32h7xx_hal.o
 .ARM.attributes
                0x00000370       0x32 build/stm32h7xx_hal_fdcan.o
 .ARM.attributes
                0x000003a2       0x32 build/stm32h7xx_hal_spi.o
 .ARM.attributes
                0x000003d4       0x32 build/stm32h7xx_hal_tim.o
 .ARM.attributes
                0x00000406       0x32 build/stm32h7xx_hal_tim_ex.o
 .ARM.attributes
                0x00000438       0x32 build/stm32h7xx_hal_uart.o
 .ARM.attributes
                0x0000046a       0x32 build/stm32h7xx_hal_uart_ex.o
 .ARM.attributes
                0x0000049c       0x32 build/system_stm32h7xx.o
 .ARM.attributes
                0x000004ce       0x32 build/list.o
 .ARM.attributes
                0x00000500       0x32 build/tasks.o
 .ARM.attributes
                0x00000532       0x32 build/cmsis_os.o
 .ARM.attributes
                0x00000564       0x32 build/heap_4.o
 .ARM.attributes
                0x00000596       0x32 build/port.o
 .ARM.attributes
                0x000005c8       0x32 build/real_main.o
 .ARM.attributes
                0x000005fa       0x32 build/bsp_can.o
 .ARM.attributes
                0x0000062c       0x32 build/dji_motor.o
 .ARM.attributes
                0x0000065e       0x21 build/startup_stm32h723xx.o
 .ARM.attributes
                0x0000067f       0x32 d:/gcc-arm-none-eabi-10.3-2021.10/bin/../lib/gcc/arm-none-eabi/10.3.1/../../../../arm-none-eabi/lib/thumb/v7e-m+dp/hard\libc_nano.a(lib_a-init.o)
 .ARM.attributes
                0x000006b1       0x32 d:/gcc-arm-none-eabi-10.3-2021.10/bin/../lib/gcc/arm-none-eabi/10.3.1/../../../../arm-none-eabi/lib/thumb/v7e-m+dp/hard\libc_nano.a(lib_a-memcpy-stub.o)
 .ARM.attributes
                0x000006e3       0x32 d:/gcc-arm-none-eabi-10.3-2021.10/bin/../lib/gcc/arm-none-eabi/10.3.1/../../../../arm-none-eabi/lib/thumb/v7e-m+dp/hard\libc_nano.a(lib_a-memset.o)
 .ARM.attributes
                0x00000715       0x1e d:/gcc-arm-none-eabi-10.3-2021.10/bin/../lib/gcc/arm-none-eabi/10.3.1/thumb/v7e-m+dp/hard\libgcc.a(_aeabi_uldivmod.o)
 .ARM.attributes
                0x00000733       0x32 d:/gcc-arm-none-eabi-10.3-2021.10/bin/../lib/gcc/arm-none-eabi/10.3.1/thumb/v7e-m+dp/hard\libgcc.a(_udivmoddi4.o)
 .ARM.attributes
                0x00000765       0x1e d:/gcc-arm-none-eabi-10.3-2021.10/bin/../lib/gcc/arm-none-eabi/10.3.1/thumb/v7e-m+dp/hard\libgcc.a(_dvmd_tls.o)
 .ARM.attributes
                0x00000783       0x1e d:/gcc-arm-none-eabi-10.3-2021.10/bin/../lib/gcc/arm-none-eabi/10.3.1/thumb/v7e-m+dp/hard/crtn.o

.comment        0x00000000       0x49
 .comment       0x00000000       0x49 build/gpio.o
                                 0x4a (size before relaxing)
 .comment       0x00000049       0x4a build/freertos.o
 .comment       0x00000049       0x4a build/dma.o
 .comment       0x00000049       0x4a build/fdcan.o
 .comment       0x00000049       0x4a build/spi.o
 .comment       0x00000049       0x4a build/usart.o
 .comment       0x00000049       0x4a build/stm32h7xx_it.o
 .comment       0x00000049       0x4a build/stm32h7xx_hal_msp.o
 .comment       0x00000049       0x4a build/stm32h7xx_hal_timebase_tim.o
 .comment       0x00000049       0x4a build/stm32h7xx_hal_cortex.o
 .comment       0x00000049       0x4a build/stm32h7xx_hal_rcc.o
 .comment       0x00000049       0x4a build/stm32h7xx_hal_rcc_ex.o
 .comment       0x00000049       0x4a build/stm32h7xx_hal_gpio.o
 .comment       0x00000049       0x4a build/stm32h7xx_hal_dma.o
 .comment       0x00000049       0x4a build/stm32h7xx_hal_pwr_ex.o
 .comment       0x00000049       0x4a build/stm32h7xx_hal.o
 .comment       0x00000049       0x4a build/stm32h7xx_hal_fdcan.o
 .comment       0x00000049       0x4a build/stm32h7xx_hal_spi.o
 .comment       0x00000049       0x4a build/stm32h7xx_hal_tim.o
 .comment       0x00000049       0x4a build/stm32h7xx_hal_tim_ex.o
 .comment       0x00000049       0x4a build/stm32h7xx_hal_uart.o
 .comment       0x00000049       0x4a build/stm32h7xx_hal_uart_ex.o
 .comment       0x00000049       0x4a build/system_stm32h7xx.o
 .comment       0x00000049       0x4a build/list.o
 .comment       0x00000049       0x4a build/tasks.o
 .comment       0x00000049       0x4a build/cmsis_os.o
 .comment       0x00000049       0x4a build/heap_4.o
 .comment       0x00000049       0x4a build/port.o
 .comment       0x00000049       0x4a build/real_main.o
 .comment       0x00000049       0x4a build/bsp_can.o
 .comment       0x00000049       0x4a build/dji_motor.o

.debug_info     0x00000000    0x3b79a
 .debug_info    0x00000000      0x7e3 build/gpio.o
 .debug_info    0x000007e3      0x4b8 build/freertos.o
 .debug_info    0x00000c9b      0x970 build/dma.o
 .debug_info    0x0000160b     0x1b2c build/fdcan.o
 .debug_info    0x00003137     0x182b build/spi.o
 .debug_info    0x00004962     0x18bb build/usart.o
 .debug_info    0x0000621d     0x1be5 build/stm32h7xx_it.o
 .debug_info    0x00007e02      0x8ef build/stm32h7xx_hal_msp.o
 .debug_info    0x000086f1     0x12a3 build/stm32h7xx_hal_timebase_tim.o
 .debug_info    0x00009994     0x1551 build/stm32h7xx_hal_cortex.o
 .debug_info    0x0000aee5     0x1281 build/stm32h7xx_hal_rcc.o
 .debug_info    0x0000c166     0x1c66 build/stm32h7xx_hal_rcc_ex.o
 .debug_info    0x0000ddcc      0xef0 build/stm32h7xx_hal_gpio.o
 .debug_info    0x0000ecbc      0xfdc build/stm32h7xx_hal_dma.o
 .debug_info    0x0000fc98     0x114d build/stm32h7xx_hal_pwr_ex.o
 .debug_info    0x00010de5     0x1a79 build/stm32h7xx_hal.o
 .debug_info    0x0001285e     0x384f build/stm32h7xx_hal_fdcan.o
 .debug_info    0x000160ad     0x1cd2 build/stm32h7xx_hal_spi.o
 .debug_info    0x00017d7f     0x435b build/stm32h7xx_hal_tim.o
 .debug_info    0x0001c0da     0x217e build/stm32h7xx_hal_tim_ex.o
 .debug_info    0x0001e258     0x6a19 build/stm32h7xx_hal_uart.o
 .debug_info    0x00024c71     0x1382 build/stm32h7xx_hal_uart_ex.o
 .debug_info    0x00025ff3      0xcbb build/system_stm32h7xx.o
 .debug_info    0x00026cae      0x30f build/list.o
 .debug_info    0x00026fbd     0x311a build/tasks.o
 .debug_info    0x0002a0d7     0x244b build/cmsis_os.o
 .debug_info    0x0002c522      0x61a build/heap_4.o
 .debug_info    0x0002cb3c      0x5c8 build/port.o
 .debug_info    0x0002d104     0x2d93 build/real_main.o
 .debug_info    0x0002fe97     0x6879 build/bsp_can.o
 .debug_info    0x00036710     0x5068 build/dji_motor.o
 .debug_info    0x0003b778       0x22 build/startup_stm32h723xx.o

.debug_abbrev   0x00000000     0x5a8d
 .debug_abbrev  0x00000000      0x174 build/gpio.o
 .debug_abbrev  0x00000174      0x18d build/freertos.o
 .debug_abbrev  0x00000301      0x129 build/dma.o
 .debug_abbrev  0x0000042a      0x21a build/fdcan.o
 .debug_abbrev  0x00000644      0x21b build/spi.o
 .debug_abbrev  0x0000085f      0x21b build/usart.o
 .debug_abbrev  0x00000a7a      0x1bf build/stm32h7xx_it.o
 .debug_abbrev  0x00000c39      0x11c build/stm32h7xx_hal_msp.o
 .debug_abbrev  0x00000d55      0x211 build/stm32h7xx_hal_timebase_tim.o
 .debug_abbrev  0x00000f66      0x395 build/stm32h7xx_hal_cortex.o
 .debug_abbrev  0x000012fb      0x27d build/stm32h7xx_hal_rcc.o
 .debug_abbrev  0x00001578      0x286 build/stm32h7xx_hal_rcc_ex.o
 .debug_abbrev  0x000017fe      0x253 build/stm32h7xx_hal_gpio.o
 .debug_abbrev  0x00001a51      0x2ef build/stm32h7xx_hal_dma.o
 .debug_abbrev  0x00001d40      0x2b6 build/stm32h7xx_hal_pwr_ex.o
 .debug_abbrev  0x00001ff6      0x26a build/stm32h7xx_hal.o
 .debug_abbrev  0x00002260      0x2df build/stm32h7xx_hal_fdcan.o
 .debug_abbrev  0x0000253f      0x2f3 build/stm32h7xx_hal_spi.o
 .debug_abbrev  0x00002832      0x289 build/stm32h7xx_hal_tim.o
 .debug_abbrev  0x00002abb      0x29f build/stm32h7xx_hal_tim_ex.o
 .debug_abbrev  0x00002d5a      0x363 build/stm32h7xx_hal_uart.o
 .debug_abbrev  0x000030bd      0x311 build/stm32h7xx_hal_uart_ex.o
 .debug_abbrev  0x000033ce      0x12a build/system_stm32h7xx.o
 .debug_abbrev  0x000034f8      0x124 build/list.o
 .debug_abbrev  0x0000361c      0x387 build/tasks.o
 .debug_abbrev  0x000039a3      0x3a1 build/cmsis_os.o
 .debug_abbrev  0x00003d44      0x269 build/heap_4.o
 .debug_abbrev  0x00003fad      0x28a build/port.o
 .debug_abbrev  0x00004237      0x3c6 build/real_main.o
 .debug_abbrev  0x000045fd      0xb1b build/bsp_can.o
 .debug_abbrev  0x00005118      0x963 build/dji_motor.o
 .debug_abbrev  0x00005a7b       0x12 build/startup_stm32h723xx.o

.debug_loc      0x00000000    0x218d3
 .debug_loc     0x00000000       0x39 build/gpio.o
 .debug_loc     0x00000039       0x7d build/freertos.o
 .debug_loc     0x000000b6       0x38 build/dma.o
 .debug_loc     0x000000ee      0x1d8 build/fdcan.o
 .debug_loc     0x000002c6       0xda build/spi.o
 .debug_loc     0x000003a0       0xda build/usart.o
 .debug_loc     0x0000047a      0x160 build/stm32h7xx_it.o
 .debug_loc     0x000005da       0x38 build/stm32h7xx_hal_msp.o
 .debug_loc     0x00000612       0xfa build/stm32h7xx_hal_timebase_tim.o
 .debug_loc     0x0000070c      0x786 build/stm32h7xx_hal_cortex.o
 .debug_loc     0x00000e92      0xa66 build/stm32h7xx_hal_rcc.o
 .debug_loc     0x000018f8     0x1d25 build/stm32h7xx_hal_rcc_ex.o
 .debug_loc     0x0000361d      0x482 build/stm32h7xx_hal_gpio.o
 .debug_loc     0x00003a9f     0x10aa build/stm32h7xx_hal_dma.o
 .debug_loc     0x00004b49      0x5ab build/stm32h7xx_hal_pwr_ex.o
 .debug_loc     0x000050f4      0x526 build/stm32h7xx_hal.o
 .debug_loc     0x0000561a     0x3ac3 build/stm32h7xx_hal_fdcan.o
 .debug_loc     0x000090dd     0x1d64 build/stm32h7xx_hal_spi.o
 .debug_loc     0x0000ae41     0x62a2 build/stm32h7xx_hal_tim.o
 .debug_loc     0x000110e3     0x2ed1 build/stm32h7xx_hal_tim_ex.o
 .debug_loc     0x00013fb4     0x6408 build/stm32h7xx_hal_uart.o
 .debug_loc     0x0001a3bc      0xd9d build/stm32h7xx_hal_uart_ex.o
 .debug_loc     0x0001b159      0x1d8 build/system_stm32h7xx.o
 .debug_loc     0x0001b331       0xe5 build/list.o
 .debug_loc     0x0001b416     0x2a7f build/tasks.o
 .debug_loc     0x0001de95     0x1a22 build/cmsis_os.o
 .debug_loc     0x0001f8b7      0x4e4 build/heap_4.o
 .debug_loc     0x0001fd9b      0x1c0 build/port.o
 .debug_loc     0x0001ff5b      0x182 build/real_main.o
 .debug_loc     0x000200dd      0xaac build/bsp_can.o
 .debug_loc     0x00020b89      0xd4a build/dji_motor.o

.debug_aranges  0x00000000     0x1c18
 .debug_aranges
                0x00000000       0x20 build/gpio.o
 .debug_aranges
                0x00000020       0x30 build/freertos.o
 .debug_aranges
                0x00000050       0x20 build/dma.o
 .debug_aranges
                0x00000070       0x40 build/fdcan.o
 .debug_aranges
                0x000000b0       0x30 build/spi.o
 .debug_aranges
                0x000000e0       0x30 build/usart.o
 .debug_aranges
                0x00000110       0xa0 build/stm32h7xx_it.o
 .debug_aranges
                0x000001b0       0x20 build/stm32h7xx_hal_msp.o
 .debug_aranges
                0x000001d0       0x30 build/stm32h7xx_hal_timebase_tim.o
 .debug_aranges
                0x00000200       0xc0 build/stm32h7xx_hal_cortex.o
 .debug_aranges
                0x000002c0       0x88 build/stm32h7xx_hal_rcc.o
 .debug_aranges
                0x00000348       0xf8 build/stm32h7xx_hal_rcc_ex.o
 .debug_aranges
                0x00000440       0x58 build/stm32h7xx_hal_gpio.o
 .debug_aranges
                0x00000498       0xa0 build/stm32h7xx_hal_dma.o
 .debug_aranges
                0x00000538      0x148 build/stm32h7xx_hal_pwr_ex.o
 .debug_aranges
                0x00000680      0x1c8 build/stm32h7xx_hal.o
 .debug_aranges
                0x00000848      0x338 build/stm32h7xx_hal_fdcan.o
 .debug_aranges
                0x00000b80      0x1a8 build/stm32h7xx_hal_spi.o
 .debug_aranges
                0x00000d28      0x3e0 build/stm32h7xx_hal_tim.o
 .debug_aranges
                0x00001108      0x198 build/stm32h7xx_hal_tim_ex.o
 .debug_aranges
                0x000012a0      0x248 build/stm32h7xx_hal_uart.o
 .debug_aranges
                0x000014e8       0xa8 build/stm32h7xx_hal_uart_ex.o
 .debug_aranges
                0x00001590       0x28 build/system_stm32h7xx.o
 .debug_aranges
                0x000015b8       0x40 build/list.o
 .debug_aranges
                0x000015f8      0x1f0 build/tasks.o
 .debug_aranges
                0x000017e8      0x1d8 build/cmsis_os.o
 .debug_aranges
                0x000019c0       0x58 build/heap_4.o
 .debug_aranges
                0x00001a18       0x80 build/port.o
 .debug_aranges
                0x00001a98       0x40 build/real_main.o
 .debug_aranges
                0x00001ad8       0x78 build/bsp_can.o
 .debug_aranges
                0x00001b50       0xa0 build/dji_motor.o
 .debug_aranges
                0x00001bf0       0x28 build/startup_stm32h723xx.o

.debug_ranges   0x00000000     0x1f18
 .debug_ranges  0x00000000       0x10 build/gpio.o
 .debug_ranges  0x00000010       0x20 build/freertos.o
 .debug_ranges  0x00000030       0x10 build/dma.o
 .debug_ranges  0x00000040       0x30 build/fdcan.o
 .debug_ranges  0x00000070       0x20 build/spi.o
 .debug_ranges  0x00000090       0x20 build/usart.o
 .debug_ranges  0x000000b0       0x90 build/stm32h7xx_it.o
 .debug_ranges  0x00000140       0x10 build/stm32h7xx_hal_msp.o
 .debug_ranges  0x00000150       0x20 build/stm32h7xx_hal_timebase_tim.o
 .debug_ranges  0x00000170      0x110 build/stm32h7xx_hal_cortex.o
 .debug_ranges  0x00000280       0xe8 build/stm32h7xx_hal_rcc.o
 .debug_ranges  0x00000368       0xe8 build/stm32h7xx_hal_rcc_ex.o
 .debug_ranges  0x00000450       0x48 build/stm32h7xx_hal_gpio.o
 .debug_ranges  0x00000498       0xa8 build/stm32h7xx_hal_dma.o
 .debug_ranges  0x00000540      0x198 build/stm32h7xx_hal_pwr_ex.o
 .debug_ranges  0x000006d8      0x1b8 build/stm32h7xx_hal.o
 .debug_ranges  0x00000890      0x370 build/stm32h7xx_hal_fdcan.o
 .debug_ranges  0x00000c00      0x198 build/stm32h7xx_hal_spi.o
 .debug_ranges  0x00000d98      0x3d0 build/stm32h7xx_hal_tim.o
 .debug_ranges  0x00001168      0x188 build/stm32h7xx_hal_tim_ex.o
 .debug_ranges  0x000012f0      0x238 build/stm32h7xx_hal_uart.o
 .debug_ranges  0x00001528       0xb0 build/stm32h7xx_hal_uart_ex.o
 .debug_ranges  0x000015d8       0x18 build/system_stm32h7xx.o
 .debug_ranges  0x000015f0       0x30 build/list.o
 .debug_ranges  0x00001620      0x2e8 build/tasks.o
 .debug_ranges  0x00001908      0x1c8 build/cmsis_os.o
 .debug_ranges  0x00001ad0       0x48 build/heap_4.o
 .debug_ranges  0x00001b18       0x88 build/port.o
 .debug_ranges  0x00001ba0       0x30 build/real_main.o
 .debug_ranges  0x00001bd0      0x170 build/bsp_can.o
 .debug_ranges  0x00001d40      0x1b8 build/dji_motor.o
 .debug_ranges  0x00001ef8       0x20 build/startup_stm32h723xx.o

.debug_line     0x00000000    0x25f44
 .debug_line    0x00000000      0x1e1 build/gpio.o
 .debug_line    0x000001e1      0x21f build/freertos.o
 .debug_line    0x00000400      0x165 build/dma.o
 .debug_line    0x00000565      0x832 build/fdcan.o
 .debug_line    0x00000d97      0x479 build/spi.o
 .debug_line    0x00001210      0x3f9 build/usart.o
 .debug_line    0x00001609      0x3ae build/stm32h7xx_it.o
 .debug_line    0x000019b7      0x16f build/stm32h7xx_hal_msp.o
 .debug_line    0x00001b26      0x2b4 build/stm32h7xx_hal_timebase_tim.o
 .debug_line    0x00001dda      0x78f build/stm32h7xx_hal_cortex.o
 .debug_line    0x00002569     0x11f5 build/stm32h7xx_hal_rcc.o
 .debug_line    0x0000375e     0x1e0a build/stm32h7xx_hal_rcc_ex.o
 .debug_line    0x00005568      0x685 build/stm32h7xx_hal_gpio.o
 .debug_line    0x00005bed     0x240c build/stm32h7xx_hal_dma.o
 .debug_line    0x00007ff9      0x99e build/stm32h7xx_hal_pwr_ex.o
 .debug_line    0x00008997      0x932 build/stm32h7xx_hal.o
 .debug_line    0x000092c9     0x3269 build/stm32h7xx_hal_fdcan.o
 .debug_line    0x0000c532     0x2963 build/stm32h7xx_hal_spi.o
 .debug_line    0x0000ee95     0x50b2 build/stm32h7xx_hal_tim.o
 .debug_line    0x00013f47     0x209f build/stm32h7xx_hal_tim_ex.o
 .debug_line    0x00015fe6     0x6737 build/stm32h7xx_hal_uart.o
 .debug_line    0x0001c71d      0xc46 build/stm32h7xx_hal_uart_ex.o
 .debug_line    0x0001d363      0x3f2 build/system_stm32h7xx.o
 .debug_line    0x0001d755      0x337 build/list.o
 .debug_line    0x0001da8c     0x2954 build/tasks.o
 .debug_line    0x000203e0     0x1168 build/cmsis_os.o
 .debug_line    0x00021548      0x6ff build/heap_4.o
 .debug_line    0x00021c47      0x6e8 build/port.o
 .debug_line    0x0002232f     0x1031 build/real_main.o
 .debug_line    0x00023360     0x149c build/bsp_can.o
 .debug_line    0x000247fc     0x16d2 build/dji_motor.o
 .debug_line    0x00025ece       0x76 build/startup_stm32h723xx.o

.debug_str      0x00000000   0x16c09d
 .debug_str     0x00000000      0x3bc build/gpio.o
                                0x47f (size before relaxing)
 .debug_str     0x000003bc      0x2c2 build/freertos.o
                                0x4ab (size before relaxing)
 .debug_str     0x0000067e      0x793 build/dma.o
                                0xbc6 (size before relaxing)
 .debug_str     0x00000e11      0x7eb build/fdcan.o
                               0x1568 (size before relaxing)
 .debug_str     0x000015fc      0x52e build/spi.o
                               0x1687 (size before relaxing)
 .debug_str     0x00001b2a      0x2a3 build/usart.o
                               0x1682 (size before relaxing)
 .debug_str     0x00001dcd      0x3cf build/stm32h7xx_it.o
                               0x135f (size before relaxing)
 .debug_str     0x0000219c       0x29 build/stm32h7xx_hal_msp.o
                                0xbc1 (size before relaxing)
 .debug_str     0x000021c5      0x16d build/stm32h7xx_hal_timebase_tim.o
                               0x139d (size before relaxing)
 .debug_str     0x00002332      0x48d build/stm32h7xx_hal_cortex.o
                               0x101d (size before relaxing)
 .debug_str     0x000027bf      0x3dd build/stm32h7xx_hal_rcc.o
                                0x997 (size before relaxing)
 .debug_str     0x00002b9c      0x678 build/stm32h7xx_hal_rcc_ex.o
                                0xed9 (size before relaxing)
 .debug_str     0x00003214      0x149 build/stm32h7xx_hal_gpio.o
                                0x6b2 (size before relaxing)
 .debug_str     0x0000335d      0x3ae build/stm32h7xx_hal_dma.o
                                0x935 (size before relaxing)
 .debug_str     0x0000370b      0x4c6 build/stm32h7xx_hal_pwr_ex.o
                                0x990 (size before relaxing)
 .debug_str     0x00003bd1      0x660 build/stm32h7xx_hal.o
                               0x156e (size before relaxing)
 .debug_str     0x00004231     0x14e7 build/stm32h7xx_hal_fdcan.o
                               0x1d88 (size before relaxing)
 .debug_str     0x00005718      0x508 build/stm32h7xx_hal_spi.o
                                0xdb0 (size before relaxing)
 .debug_str     0x00005c20      0xe59 build/stm32h7xx_hal_tim.o
                               0x180f (size before relaxing)
 .debug_str     0x00006a79      0x67d build/stm32h7xx_hal_tim_ex.o
                               0x1180 (size before relaxing)
 .debug_str     0x000070f6      0x86c build/stm32h7xx_hal_uart.o
                               0x148f (size before relaxing)
 .debug_str     0x00007962      0x23f build/stm32h7xx_hal_uart_ex.o
                                0xb78 (size before relaxing)
 .debug_str     0x00007ba1       0x3d build/system_stm32h7xx.o
                                0x679 (size before relaxing)
 .debug_str     0x00007bde      0x12a build/list.o
                                0x2dc (size before relaxing)
 .debug_str     0x00007d08      0xdac build/tasks.o
                               0x123a (size before relaxing)
 .debug_str     0x00008ab4      0x940 build/cmsis_os.o
                               0x1048 (size before relaxing)
 .debug_str     0x000093f4      0x2c8 build/heap_4.o
                                0x4ea (size before relaxing)
 .debug_str     0x000096bc      0x162 build/port.o
                                0x458 (size before relaxing)
 .debug_str     0x0000981e   0x15c47e build/real_main.o
                             0x15d573 (size before relaxing)
 .debug_str     0x00165c9c     0x4e10 build/bsp_can.o
                             0x15c226 (size before relaxing)
 .debug_str     0x0016aaac     0x15cd build/dji_motor.o
                             0x1591dc (size before relaxing)
 .debug_str     0x0016c079       0x24 build/startup_stm32h723xx.o
                                 0x44 (size before relaxing)

.debug_frame    0x00000000     0x4a8c
 .debug_frame   0x00000000       0x34 build/gpio.o
 .debug_frame   0x00000034       0x58 build/freertos.o
 .debug_frame   0x0000008c       0x2c build/dma.o
 .debug_frame   0x000000b8       0x94 build/fdcan.o
 .debug_frame   0x0000014c       0x64 build/spi.o
 .debug_frame   0x000001b0       0x68 build/usart.o
 .debug_frame   0x00000218      0x178 build/stm32h7xx_it.o
 .debug_frame   0x00000390       0x2c build/stm32h7xx_hal_msp.o
 .debug_frame   0x000003bc       0x50 build/stm32h7xx_hal_timebase_tim.o
 .debug_frame   0x0000040c      0x178 build/stm32h7xx_hal_cortex.o
 .debug_frame   0x00000584      0x184 build/stm32h7xx_hal_rcc.o
 .debug_frame   0x00000708      0x26c build/stm32h7xx_hal_rcc_ex.o
 .debug_frame   0x00000974       0xd4 build/stm32h7xx_hal_gpio.o
 .debug_frame   0x00000a48      0x1fc build/stm32h7xx_hal_dma.o
 .debug_frame   0x00000c44      0x2d4 build/stm32h7xx_hal_pwr_ex.o
 .debug_frame   0x00000f18      0x3c0 build/stm32h7xx_hal.o
 .debug_frame   0x000012d8      0x7b4 build/stm32h7xx_hal_fdcan.o
 .debug_frame   0x00001a8c      0x4bc build/stm32h7xx_hal_spi.o
 .debug_frame   0x00001f48      0xb70 build/stm32h7xx_hal_tim.o
 .debug_frame   0x00002ab8      0x4b0 build/stm32h7xx_hal_tim_ex.o
 .debug_frame   0x00002f68      0x680 build/stm32h7xx_hal_uart.o
 .debug_frame   0x000035e8      0x1c8 build/stm32h7xx_hal_uart_ex.o
 .debug_frame   0x000037b0       0x3c build/system_stm32h7xx.o
 .debug_frame   0x000037ec       0x70 build/list.o
 .debug_frame   0x0000385c      0x63c build/tasks.o
 .debug_frame   0x00003e98      0x58c build/cmsis_os.o
 .debug_frame   0x00004424       0xd0 build/heap_4.o
 .debug_frame   0x000044f4      0x110 build/port.o
 .debug_frame   0x00004604       0x90 build/real_main.o
 .debug_frame   0x00004694      0x150 build/bsp_can.o
 .debug_frame   0x000047e4      0x1d4 build/dji_motor.o
 .debug_frame   0x000049b8       0x2c d:/gcc-arm-none-eabi-10.3-2021.10/bin/../lib/gcc/arm-none-eabi/10.3.1/../../../../arm-none-eabi/lib/thumb/v7e-m+dp/hard\libc_nano.a(lib_a-init.o)
 .debug_frame   0x000049e4       0x28 d:/gcc-arm-none-eabi-10.3-2021.10/bin/../lib/gcc/arm-none-eabi/10.3.1/../../../../arm-none-eabi/lib/thumb/v7e-m+dp/hard\libc_nano.a(lib_a-memcpy-stub.o)
 .debug_frame   0x00004a0c       0x20 d:/gcc-arm-none-eabi-10.3-2021.10/bin/../lib/gcc/arm-none-eabi/10.3.1/../../../../arm-none-eabi/lib/thumb/v7e-m+dp/hard\libc_nano.a(lib_a-memset.o)
 .debug_frame   0x00004a2c       0x2c d:/gcc-arm-none-eabi-10.3-2021.10/bin/../lib/gcc/arm-none-eabi/10.3.1/thumb/v7e-m+dp/hard\libgcc.a(_aeabi_uldivmod.o)
 .debug_frame   0x00004a58       0x34 d:/gcc-arm-none-eabi-10.3-2021.10/bin/../lib/gcc/arm-none-eabi/10.3.1/thumb/v7e-m+dp/hard\libgcc.a(_udivmoddi4.o)

.debug_macro    0x00000000    0x342d5
 .debug_macro   0x00000000      0x588 build/real_main.o
 .debug_macro   0x00000588      0xbda build/real_main.o
 .debug_macro   0x00001162      0x244 build/real_main.o
 .debug_macro   0x000013a6       0x2e build/real_main.o
 .debug_macro   0x000013d4       0x3b build/real_main.o
 .debug_macro   0x0000140f       0x1c build/real_main.o
 .debug_macro   0x0000142b       0x22 build/real_main.o
 .debug_macro   0x0000144d       0x56 build/real_main.o
 .debug_macro   0x000014a3       0x51 build/real_main.o
 .debug_macro   0x000014f4      0x103 build/real_main.o
 .debug_macro   0x000015f7       0x6a build/real_main.o
 .debug_macro   0x00001661      0x1df build/real_main.o
 .debug_macro   0x00001840       0x1c build/real_main.o
 .debug_macro   0x0000185c       0x22 build/real_main.o
 .debug_macro   0x0000187e       0xfb build/real_main.o
 .debug_macro   0x00001979     0x1305 build/real_main.o
 .debug_macro   0x00002c7e      0x11f build/real_main.o
 .debug_macro   0x00002d9d       0x27 build/real_main.o
 .debug_macro   0x00002dc4    0x2127f build/real_main.o
 .debug_macro   0x00024043       0x6d build/real_main.o
 .debug_macro   0x000240b0     0x3d64 build/real_main.o
 .debug_macro   0x00027e14      0x17b build/real_main.o
 .debug_macro   0x00027f8f      0x18a build/real_main.o
 .debug_macro   0x00028119       0x10 build/real_main.o
 .debug_macro   0x00028129       0xac build/real_main.o
 .debug_macro   0x000281d5       0xf7 build/real_main.o
 .debug_macro   0x000282cc      0x34c build/real_main.o
 .debug_macro   0x00028618       0x18 build/real_main.o
 .debug_macro   0x00028630       0x64 build/real_main.o
 .debug_macro   0x00028694       0x1d build/real_main.o
 .debug_macro   0x000286b1       0x35 build/real_main.o
 .debug_macro   0x000286e6       0x34 build/real_main.o
 .debug_macro   0x0002871a       0x16 build/real_main.o
 .debug_macro   0x00028730       0x43 build/real_main.o
 .debug_macro   0x00028773       0x34 build/real_main.o
 .debug_macro   0x000287a7       0x10 build/real_main.o
 .debug_macro   0x000287b7       0x58 build/real_main.o
 .debug_macro   0x0002880f      0x182 build/real_main.o
 .debug_macro   0x00028991      0x364 build/real_main.o
 .debug_macro   0x00028cf5       0xe5 build/real_main.o
 .debug_macro   0x00028dda       0x10 build/real_main.o
 .debug_macro   0x00028dea       0x16 build/real_main.o
 .debug_macro   0x00028e00       0x35 build/real_main.o
 .debug_macro   0x00028e35       0x22 build/real_main.o
 .debug_macro   0x00028e57       0x10 build/real_main.o
 .debug_macro   0x00028e67      0x3ce build/real_main.o
 .debug_macro   0x00029235       0x16 build/real_main.o
 .debug_macro   0x0002924b       0x1c build/real_main.o
 .debug_macro   0x00029267       0x4f build/real_main.o
 .debug_macro   0x000292b6       0x6a build/real_main.o
 .debug_macro   0x00029320       0x19 build/real_main.o
 .debug_macro   0x00029339       0x28 build/real_main.o
 .debug_macro   0x00029361       0x2e build/real_main.o
 .debug_macro   0x0002938f       0x1f build/real_main.o
 .debug_macro   0x000293ae       0x88 build/real_main.o
 .debug_macro   0x00029436       0x19 build/real_main.o
 .debug_macro   0x0002944f      0x120 build/real_main.o
 .debug_macro   0x0002956f       0x11 build/real_main.o
 .debug_macro   0x00029580       0x17 build/real_main.o
 .debug_macro   0x00029597       0x17 build/real_main.o
 .debug_macro   0x000295ae       0x17 build/real_main.o
 .debug_macro   0x000295c5       0x17 build/real_main.o
 .debug_macro   0x000295dc       0x17 build/real_main.o
 .debug_macro   0x000295f3       0x17 build/real_main.o
 .debug_macro   0x0002960a       0x5d build/real_main.o
 .debug_macro   0x00029667     0x2462 build/real_main.o
 .debug_macro   0x0002bac9     0x1079 build/real_main.o
 .debug_macro   0x0002cb42      0x154 build/real_main.o
 .debug_macro   0x0002cc96      0x114 build/real_main.o
 .debug_macro   0x0002cdaa      0x3fc build/real_main.o
 .debug_macro   0x0002d1a6       0xac build/real_main.o
 .debug_macro   0x0002d252      0x788 build/real_main.o
 .debug_macro   0x0002d9da      0x228 build/real_main.o
 .debug_macro   0x0002dc02       0x66 build/real_main.o
 .debug_macro   0x0002dc68      0x3a6 build/real_main.o
 .debug_macro   0x0002e00e      0x3f9 build/real_main.o
 .debug_macro   0x0002e407      0x275 build/real_main.o
 .debug_macro   0x0002e67c      0xe42 build/real_main.o
 .debug_macro   0x0002f4be      0x3ca build/real_main.o
 .debug_macro   0x0002f888      0x45c build/real_main.o
 .debug_macro   0x0002fce4       0x3c build/real_main.o
 .debug_macro   0x0002fd20       0x4a build/real_main.o
 .debug_macro   0x0002fd6a      0x22c build/real_main.o
 .debug_macro   0x0002ff96       0x67 build/real_main.o
 .debug_macro   0x0002fffd       0xa5 build/real_main.o
 .debug_macro   0x000300a2      0x1c4 build/real_main.o
 .debug_macro   0x00030266      0x22a build/real_main.o
 .debug_macro   0x00030490       0x35 build/real_main.o
 .debug_macro   0x000304c5      0x5e4 build/real_main.o
 .debug_macro   0x00030aa9       0xc1 build/real_main.o
 .debug_macro   0x00030b6a      0xb24 build/real_main.o
 .debug_macro   0x0003168e      0x29f build/real_main.o
 .debug_macro   0x0003192d      0x693 build/real_main.o
 .debug_macro   0x00031fc0       0xa6 build/real_main.o
 .debug_macro   0x00032066      0x5e6 build/real_main.o
 .debug_macro   0x0003264c       0x34 build/real_main.o
 .debug_macro   0x00032680       0xf1 build/real_main.o
 .debug_macro   0x00032771      0x15a build/real_main.o
 .debug_macro   0x000328cb       0xde build/real_main.o
 .debug_macro   0x000329a9       0x1c build/real_main.o
 .debug_macro   0x000329c5       0x26 build/real_main.o
 .debug_macro   0x000329eb      0x4fd build/real_main.o
 .debug_macro   0x00032ee8       0xb5 build/real_main.o
 .debug_macro   0x00032f9d       0xaa build/real_main.o
 .debug_macro   0x00033047       0x91 build/real_main.o
 .debug_macro   0x000330d8       0x8d build/real_main.o
 .debug_macro   0x00033165       0x7e build/real_main.o
 .debug_macro   0x000331e3       0xf2 build/real_main.o
 .debug_macro   0x000332d5      0x740 build/bsp_can.o
 .debug_macro   0x00033a15       0x16 build/bsp_can.o
 .debug_macro   0x00033a2b       0x10 build/bsp_can.o
 .debug_macro   0x00033a3b       0x11 build/bsp_can.o
 .debug_macro   0x00033a4c       0x10 build/bsp_can.o
 .debug_macro   0x00033a5c       0x2e build/bsp_can.o
 .debug_macro   0x00033a8a       0x19 build/bsp_can.o
 .debug_macro   0x00033aa3       0x17 build/bsp_can.o
 .debug_macro   0x00033aba       0x22 build/bsp_can.o
 .debug_macro   0x00033adc       0x11 build/bsp_can.o
 .debug_macro   0x00033aed       0x10 build/bsp_can.o
 .debug_macro   0x00033afd       0x11 build/bsp_can.o
 .debug_macro   0x00033b0e       0x11 build/bsp_can.o
 .debug_macro   0x00033b1f       0x2d build/bsp_can.o
 .debug_macro   0x00033b4c       0x26 build/bsp_can.o
 .debug_macro   0x00033b72       0xf0 build/bsp_can.o
 .debug_macro   0x00033c62       0x12 build/bsp_can.o
 .debug_macro   0x00033c74       0x34 build/bsp_can.o
 .debug_macro   0x00033ca8       0x3a build/bsp_can.o
 .debug_macro   0x00033ce2      0x533 build/dji_motor.o
 .debug_macro   0x00034215       0x1c build/dji_motor.o
 .debug_macro   0x00034231       0x16 build/dji_motor.o
 .debug_macro   0x00034247       0x8e build/dji_motor.o

Cross Reference Table

Symbol                                            File
ADC3_IRQHandler                                   build/startup_stm32h723xx.o
ADC_IRQHandler                                    build/startup_stm32h723xx.o
Algorithm::first_order_filter_c::first_order_filter(float) build/filter.o
                                                  build/Alg_PID.o
Algorithm::first_order_filter_c::first_order_filter_c(float) build/filter.o
                                                  build/Alg_PID.o
Algorithm::first_order_filter_c::first_order_filter_c(float) build/filter.o
Algorithm::first_order_filter_c::first_order_filter_clear() build/filter.o
                                                  build/Alg_PID.o
Algorithm::first_order_filter_c::first_order_filter_init(float) build/filter.o
                                                  build/Alg_PID.o
Algorithm::pid_alg_c::ECF_PID_CLEAR()             build/Alg_PID.o
Algorithm::pid_alg_c::ECF_PID_Calculate(float)    build/Alg_PID.o
                                                  build/dji_motor.o
Algorithm::pid_alg_c::ECF_PID_ChangeActValSource(float*) build/Alg_PID.o
                                                  build/dji_motor.o
Algorithm::pid_alg_c::pid_alg_c()                 build/Alg_PID.o
                                                  build/dji_motor.o
Algorithm::pid_alg_c::pid_alg_c()                 build/Alg_PID.o
Algorithm::pid_alg_c::pid_alg_c(Algorithm::PID_Init_Config_t) build/Alg_PID.o
Algorithm::pid_alg_c::pid_alg_c(Algorithm::PID_Init_Config_t) build/Alg_PID.o
Algorithm::pid_alg_c::pid_init(Algorithm::PID_Init_Config_t) build/Alg_PID.o
                                                  build/dji_motor.o
Algorithm::sliding_mean_filter_c::sliding_mean_filter(float, int) build/filter.o
Algorithm::sliding_mean_filter_c::sliding_mean_filter_c() build/filter.o
Algorithm::sliding_mean_filter_c::sliding_mean_filter_c() build/filter.o
Algorithm::sliding_mean_filter_c::sliding_mean_filter_init() build/filter.o
BDMA_Channel0_IRQHandler                          build/startup_stm32h723xx.o
BDMA_Channel1_IRQHandler                          build/startup_stm32h723xx.o
BDMA_Channel2_IRQHandler                          build/startup_stm32h723xx.o
BDMA_Channel3_IRQHandler                          build/startup_stm32h723xx.o
BDMA_Channel4_IRQHandler                          build/startup_stm32h723xx.o
BDMA_Channel5_IRQHandler                          build/startup_stm32h723xx.o
BDMA_Channel6_IRQHandler                          build/startup_stm32h723xx.o
BDMA_Channel7_IRQHandler                          build/startup_stm32h723xx.o
BSP::Basic_DWT_c<168ul>::DWT_CntUpdate()::bit_locker build/bsp_can.o
                                                  build/dji_motor.o
BSP::Basic_DWT_c<168ul>::Get_Instance()::dwt_time build/bsp_can.o
                                                  build/dji_motor.o
BSP::CANInstance_c::CommonCallback(FDCAN_HandleTypeDef*, unsigned long) build/bsp_can.o
BSP::CANInstance_c::Filter_Config() const         build/bsp_can.o
BSP::CANInstance_c::get_can_handle() const        build/bsp_can.o
                                                  build/dji_motor.o
BSP::CANInstance_c::get_rx_id() const             build/bsp_can.o
                                                  build/dji_motor.o
BSP::CANInstance_c::get_tx_id() const             build/bsp_can.o
BSP::CANInstance_c::init(BSP::CAN_Init_Config_s, void*) build/bsp_can.o
                                                  build/dji_motor.o
BSP::CANInstance_c::instances                     build/bsp_can.o
BSP::CANInstance_c::send(float)                   build/bsp_can.o
                                                  build/dji_motor.o
BusFault_Handler                                  build/stm32h7xx_it.o
CEC_IRQHandler                                    build/startup_stm32h723xx.o
COMP1_IRQHandler                                  build/startup_stm32h723xx.o
CORDIC_IRQHandler                                 build/startup_stm32h723xx.o
CRS_IRQHandler                                    build/startup_stm32h723xx.o
D1CorePrescTable                                  build/system_stm32h7xx.o
                                                  build/stm32h7xx_hal.o
                                                  build/stm32h7xx_hal_rcc_ex.o
                                                  build/stm32h7xx_hal_rcc.o
DCMI_PSSI_IRQHandler                              build/startup_stm32h723xx.o
DFSDM1_FLT0_IRQHandler                            build/startup_stm32h723xx.o
DFSDM1_FLT1_IRQHandler                            build/startup_stm32h723xx.o
DFSDM1_FLT2_IRQHandler                            build/startup_stm32h723xx.o
DFSDM1_FLT3_IRQHandler                            build/startup_stm32h723xx.o
DMA1_Stream0_IRQHandler                           build/stm32h7xx_it.o
DMA1_Stream1_IRQHandler                           build/stm32h7xx_it.o
DMA1_Stream2_IRQHandler                           build/stm32h7xx_it.o
DMA1_Stream3_IRQHandler                           build/startup_stm32h723xx.o
DMA1_Stream4_IRQHandler                           build/startup_stm32h723xx.o
DMA1_Stream5_IRQHandler                           build/startup_stm32h723xx.o
DMA1_Stream6_IRQHandler                           build/startup_stm32h723xx.o
DMA1_Stream7_IRQHandler                           build/startup_stm32h723xx.o
DMA2D_IRQHandler                                  build/startup_stm32h723xx.o
DMA2_Stream0_IRQHandler                           build/startup_stm32h723xx.o
DMA2_Stream1_IRQHandler                           build/startup_stm32h723xx.o
DMA2_Stream2_IRQHandler                           build/startup_stm32h723xx.o
DMA2_Stream3_IRQHandler                           build/startup_stm32h723xx.o
DMA2_Stream4_IRQHandler                           build/startup_stm32h723xx.o
DMA2_Stream5_IRQHandler                           build/startup_stm32h723xx.o
DMA2_Stream6_IRQHandler                           build/startup_stm32h723xx.o
DMA2_Stream7_IRQHandler                           build/startup_stm32h723xx.o
DMAMUX1_OVR_IRQHandler                            build/startup_stm32h723xx.o
DMAMUX2_OVR_IRQHandler                            build/startup_stm32h723xx.o
DTS_IRQHandler                                    build/startup_stm32h723xx.o
DebugMon_Handler                                  build/stm32h7xx_it.o
Default_Handler                                   build/startup_stm32h723xx.o
ECC_IRQHandler                                    build/startup_stm32h723xx.o
ETH_IRQHandler                                    build/startup_stm32h723xx.o
ETH_WKUP_IRQHandler                               build/startup_stm32h723xx.o
EXTI0_IRQHandler                                  build/startup_stm32h723xx.o
EXTI15_10_IRQHandler                              build/startup_stm32h723xx.o
EXTI1_IRQHandler                                  build/startup_stm32h723xx.o
EXTI2_IRQHandler                                  build/startup_stm32h723xx.o
EXTI3_IRQHandler                                  build/startup_stm32h723xx.o
EXTI4_IRQHandler                                  build/startup_stm32h723xx.o
EXTI9_5_IRQHandler                                build/startup_stm32h723xx.o
Error_Handler                                     build/real_main.o
                                                  build/bsp_can.o
                                                  build/usart.o
                                                  build/spi.o
                                                  build/fdcan.o
FDCAN1_IT0_IRQHandler                             build/stm32h7xx_it.o
FDCAN1_IT1_IRQHandler                             build/startup_stm32h723xx.o
FDCAN2_IT0_IRQHandler                             build/stm32h7xx_it.o
FDCAN2_IT1_IRQHandler                             build/stm32h7xx_it.o
FDCAN3_IT0_IRQHandler                             build/stm32h7xx_it.o
FDCAN3_IT1_IRQHandler                             build/stm32h7xx_it.o
FDCAN_CAL_IRQHandler                              build/startup_stm32h723xx.o
FLASH_CRC_WaitForLastOperation                    build/stm32h7xx_hal_flash.o
                                                  build/stm32h7xx_hal_flash_ex.o
FLASH_Erase_Sector                                build/stm32h7xx_hal_flash_ex.o
                                                  build/stm32h7xx_hal_flash.o
FLASH_IRQHandler                                  build/startup_stm32h723xx.o
FLASH_OB_WaitForLastOperation                     build/stm32h7xx_hal_flash.o
                                                  build/stm32h7xx_hal_flash_ex.o
FLASH_WaitForLastOperation                        build/stm32h7xx_hal_flash.o
                                                  build/stm32h7xx_hal_flash_ex.o
FMAC_IRQHandler                                   build/startup_stm32h723xx.o
FMC_IRQHandler                                    build/startup_stm32h723xx.o
FPU_IRQHandler                                    build/startup_stm32h723xx.o
HAL_DBGMCU_DisableDBGSleepMode                    build/stm32h7xx_hal.o
HAL_DBGMCU_DisableDBGStandbyMode                  build/stm32h7xx_hal.o
HAL_DBGMCU_DisableDBGStopMode                     build/stm32h7xx_hal.o
HAL_DBGMCU_EnableDBGSleepMode                     build/stm32h7xx_hal.o
HAL_DBGMCU_EnableDBGStandbyMode                   build/stm32h7xx_hal.o
HAL_DBGMCU_EnableDBGStopMode                      build/stm32h7xx_hal.o
HAL_DMAEx_ChangeMemory                            build/stm32h7xx_hal_dma_ex.o
HAL_DMAEx_ConfigMuxRequestGenerator               build/stm32h7xx_hal_dma_ex.o
HAL_DMAEx_ConfigMuxSync                           build/stm32h7xx_hal_dma_ex.o
HAL_DMAEx_DisableMuxRequestGenerator              build/stm32h7xx_hal_dma_ex.o
HAL_DMAEx_EnableMuxRequestGenerator               build/stm32h7xx_hal_dma_ex.o
HAL_DMAEx_MUX_IRQHandler                          build/stm32h7xx_hal_dma_ex.o
HAL_DMAEx_MultiBufferStart                        build/stm32h7xx_hal_dma_ex.o
HAL_DMAEx_MultiBufferStart_IT                     build/stm32h7xx_hal_dma_ex.o
HAL_DMA_Abort                                     build/stm32h7xx_hal_dma.o
                                                  build/stm32h7xx_hal_uart.o
                                                  build/stm32h7xx_hal_spi.o
HAL_DMA_Abort_IT                                  build/stm32h7xx_hal_dma.o
                                                  build/stm32h7xx_hal_uart.o
                                                  build/stm32h7xx_hal_tim_ex.o
                                                  build/stm32h7xx_hal_tim.o
                                                  build/stm32h7xx_hal_spi.o
                                                  build/stm32h7xx_hal_i2c.o
HAL_DMA_DeInit                                    build/stm32h7xx_hal_dma.o
                                                  build/usart.o
                                                  build/spi.o
HAL_DMA_GetError                                  build/stm32h7xx_hal_dma.o
                                                  build/stm32h7xx_hal_uart.o
                                                  build/stm32h7xx_hal_spi.o
                                                  build/stm32h7xx_hal_i2c.o
HAL_DMA_GetState                                  build/stm32h7xx_hal_dma.o
                                                  build/stm32h7xx_hal_i2c.o
HAL_DMA_IRQHandler                                build/stm32h7xx_hal_dma.o
                                                  build/stm32h7xx_it.o
HAL_DMA_Init                                      build/stm32h7xx_hal_dma.o
                                                  build/usart.o
                                                  build/spi.o
HAL_DMA_PollForTransfer                           build/stm32h7xx_hal_dma.o